Archive member included to satisfy reference by file (symbol)

D:/Progs/STM32CubeIDE_1.17.0/STM32CubeIDE/plugins/com.st.stm32cube.ide.mcu.externaltools.gnu-tools-for-stm32.12.3.rel1.win32_1.1.0.202410251130/tools/bin/../lib/gcc/arm-none-eabi/12.3.1/../../../../arm-none-eabi/lib/thumb/v7e-m+fp/hard\libc_nano.a(libc_a-exit.o)
                              D:/Progs/STM32CubeIDE_1.17.0/STM32CubeIDE/plugins/com.st.stm32cube.ide.mcu.externaltools.gnu-tools-for-stm32.12.3.rel1.win32_1.1.0.202410251130/tools/bin/../lib/gcc/arm-none-eabi/12.3.1/../../../../arm-none-eabi/lib/thumb/v7e-m+fp/hard/crt0.o (exit)
D:/Progs/STM32CubeIDE_1.17.0/STM32CubeIDE/plugins/com.st.stm32cube.ide.mcu.externaltools.gnu-tools-for-stm32.12.3.rel1.win32_1.1.0.202410251130/tools/bin/../lib/gcc/arm-none-eabi/12.3.1/../../../../arm-none-eabi/lib/thumb/v7e-m+fp/hard\libc_nano.a(libc_a-findfp.o)
                              D:/Progs/STM32CubeIDE_1.17.0/STM32CubeIDE/plugins/com.st.stm32cube.ide.mcu.externaltools.gnu-tools-for-stm32.12.3.rel1.win32_1.1.0.202410251130/tools/bin/../lib/gcc/arm-none-eabi/12.3.1/../../../../arm-none-eabi/lib/thumb/v7e-m+fp/hard\libc_nano.a(libc_a-exit.o) (__stdio_exit_handler)
D:/Progs/STM32CubeIDE_1.17.0/STM32CubeIDE/plugins/com.st.stm32cube.ide.mcu.externaltools.gnu-tools-for-stm32.12.3.rel1.win32_1.1.0.202410251130/tools/bin/../lib/gcc/arm-none-eabi/12.3.1/../../../../arm-none-eabi/lib/thumb/v7e-m+fp/hard\libc_nano.a(libc_a-fwalk.o)
                              D:/Progs/STM32CubeIDE_1.17.0/STM32CubeIDE/plugins/com.st.stm32cube.ide.mcu.externaltools.gnu-tools-for-stm32.12.3.rel1.win32_1.1.0.202410251130/tools/bin/../lib/gcc/arm-none-eabi/12.3.1/../../../../arm-none-eabi/lib/thumb/v7e-m+fp/hard\libc_nano.a(libc_a-findfp.o) (_fwalk_sglue)
D:/Progs/STM32CubeIDE_1.17.0/STM32CubeIDE/plugins/com.st.stm32cube.ide.mcu.externaltools.gnu-tools-for-stm32.12.3.rel1.win32_1.1.0.202410251130/tools/bin/../lib/gcc/arm-none-eabi/12.3.1/../../../../arm-none-eabi/lib/thumb/v7e-m+fp/hard\libc_nano.a(libc_a-stdio.o)
                              D:/Progs/STM32CubeIDE_1.17.0/STM32CubeIDE/plugins/com.st.stm32cube.ide.mcu.externaltools.gnu-tools-for-stm32.12.3.rel1.win32_1.1.0.202410251130/tools/bin/../lib/gcc/arm-none-eabi/12.3.1/../../../../arm-none-eabi/lib/thumb/v7e-m+fp/hard\libc_nano.a(libc_a-findfp.o) (__sread)
D:/Progs/STM32CubeIDE_1.17.0/STM32CubeIDE/plugins/com.st.stm32cube.ide.mcu.externaltools.gnu-tools-for-stm32.12.3.rel1.win32_1.1.0.202410251130/tools/bin/../lib/gcc/arm-none-eabi/12.3.1/../../../../arm-none-eabi/lib/thumb/v7e-m+fp/hard\libc_nano.a(libc_a-memset.o)
                              D:/Progs/STM32CubeIDE_1.17.0/STM32CubeIDE/plugins/com.st.stm32cube.ide.mcu.externaltools.gnu-tools-for-stm32.12.3.rel1.win32_1.1.0.202410251130/tools/bin/../lib/gcc/arm-none-eabi/12.3.1/../../../../arm-none-eabi/lib/thumb/v7e-m+fp/hard/crt0.o (memset)
D:/Progs/STM32CubeIDE_1.17.0/STM32CubeIDE/plugins/com.st.stm32cube.ide.mcu.externaltools.gnu-tools-for-stm32.12.3.rel1.win32_1.1.0.202410251130/tools/bin/../lib/gcc/arm-none-eabi/12.3.1/../../../../arm-none-eabi/lib/thumb/v7e-m+fp/hard\libc_nano.a(libc_a-closer.o)
                              D:/Progs/STM32CubeIDE_1.17.0/STM32CubeIDE/plugins/com.st.stm32cube.ide.mcu.externaltools.gnu-tools-for-stm32.12.3.rel1.win32_1.1.0.202410251130/tools/bin/../lib/gcc/arm-none-eabi/12.3.1/../../../../arm-none-eabi/lib/thumb/v7e-m+fp/hard\libc_nano.a(libc_a-stdio.o) (_close_r)
D:/Progs/STM32CubeIDE_1.17.0/STM32CubeIDE/plugins/com.st.stm32cube.ide.mcu.externaltools.gnu-tools-for-stm32.12.3.rel1.win32_1.1.0.202410251130/tools/bin/../lib/gcc/arm-none-eabi/12.3.1/../../../../arm-none-eabi/lib/thumb/v7e-m+fp/hard\libc_nano.a(libc_a-reent.o)
                              D:/Progs/STM32CubeIDE_1.17.0/STM32CubeIDE/plugins/com.st.stm32cube.ide.mcu.externaltools.gnu-tools-for-stm32.12.3.rel1.win32_1.1.0.202410251130/tools/bin/../lib/gcc/arm-none-eabi/12.3.1/../../../../arm-none-eabi/lib/thumb/v7e-m+fp/hard\libc_nano.a(libc_a-closer.o) (errno)
D:/Progs/STM32CubeIDE_1.17.0/STM32CubeIDE/plugins/com.st.stm32cube.ide.mcu.externaltools.gnu-tools-for-stm32.12.3.rel1.win32_1.1.0.202410251130/tools/bin/../lib/gcc/arm-none-eabi/12.3.1/../../../../arm-none-eabi/lib/thumb/v7e-m+fp/hard\libc_nano.a(libc_a-impure.o)
                              D:/Progs/STM32CubeIDE_1.17.0/STM32CubeIDE/plugins/com.st.stm32cube.ide.mcu.externaltools.gnu-tools-for-stm32.12.3.rel1.win32_1.1.0.202410251130/tools/bin/../lib/gcc/arm-none-eabi/12.3.1/../../../../arm-none-eabi/lib/thumb/v7e-m+fp/hard\libc_nano.a(libc_a-reent.o) (_impure_ptr)
D:/Progs/STM32CubeIDE_1.17.0/STM32CubeIDE/plugins/com.st.stm32cube.ide.mcu.externaltools.gnu-tools-for-stm32.12.3.rel1.win32_1.1.0.202410251130/tools/bin/../lib/gcc/arm-none-eabi/12.3.1/../../../../arm-none-eabi/lib/thumb/v7e-m+fp/hard\libc_nano.a(libc_a-lseekr.o)
[...]
Memory Configuration

Name             Origin             Length             Attributes
RAM              0x20000000         0x00020000         xrw
FLASH            0x08000000         0x00080000         xr
*default*        0x00000000         0xffffffff

Linker script and memory map

LOAD D:/Progs/STM32CubeIDE_1.17.0/STM32CubeIDE/plugins/com.st.stm32cube.ide.mcu.externaltools.gnu-tools-for-stm32.12.3.rel1.win32_1.1.0.202410251130/tools/bin/../lib/gcc/arm-none-eabi/12.3.1/thumb/v7e-m+fp/hard/crti.o
LOAD D:/Progs/STM32CubeIDE_1.17.0/STM32CubeIDE/plugins/com.st.stm32cube.ide.mcu.externaltools.gnu-tools-for-stm32.12.3.rel1.win32_1.1.0.202410251130/tools/bin/../lib/gcc/arm-none-eabi/12.3.1/thumb/v7e-m+fp/hard/crtbegin.o
LOAD D:/Progs/STM32CubeIDE_1.17.0/STM32CubeIDE/plugins/com.st.stm32cube.ide.mcu.externaltools.gnu-tools-for-stm32.12.3.rel1.win32_1.1.0.202410251130/tools/bin/../lib/gcc/arm-none-eabi/12.3.1/../../../../arm-none-eabi/lib/thumb/v7e-m+fp/hard/crt0.o
LOAD ./Core/Src/HandCotrol.o
LOAD ./Core/Src/main.o
LOAD ./Core/Src/stm32f4xx_hal_msp.o
LOAD ./Core/Src/stm32f4xx_it.o
LOAD ./Core/Src/syscalls.o
LOAD ./Core/Src/sysmem.o
LOAD ./Core/Src/system_stm32f4xx.o
LOAD ./Core/Startup/startup_stm32f411retx.o
LOAD ./Drivers/STM32F4xx_HAL_Driver/Src/stm32f4xx_hal.o
LOAD ./Drivers/STM32F4xx_HAL_Driver/Src/stm32f4xx_hal_adc.o
LOAD ./Drivers/STM32F4xx_HAL_Driver/Src/stm32f4xx_hal_adc_ex.o
LOAD ./Drivers/STM32F4xx_HAL_Driver/Src/stm32f4xx_hal_cortex.o
LOAD ./Drivers/STM32F4xx_HAL_Driver/Src/stm32f4xx_hal_dma.o
LOAD ./Drivers/STM32F4xx_HAL_Driver/Src/stm32f4xx_hal_dma_ex.o
LOAD ./Drivers/STM32F4xx_HAL_Driver/Src/stm32f4xx_hal_exti.o
LOAD ./Drivers/STM32F4xx_HAL_Driver/Src/stm32f4xx_hal_flash.o
LOAD ./Drivers/STM32F4xx_HAL_Driver/Src/stm32f4xx_hal_flash_ex.o
LOAD ./Drivers/STM32F4xx_HAL_Driver/Src/stm32f4xx_hal_flash_ramfunc.o
LOAD ./Drivers/STM32F4xx_HAL_Driver/Src/stm32f4xx_hal_gpio.o
LOAD ./Drivers/STM32F4xx_HAL_Driver/Src/stm32f4xx_hal_pcd.o
LOAD ./Drivers/STM32F4xx_HAL_Driver/Src/stm32f4xx_hal_pcd_ex.o
LOAD ./Drivers/STM32F4xx_HAL_Driver/Src/stm32f4xx_hal_pwr.o
LOAD ./Drivers/STM32F4xx_HAL_Driver/Src/stm32f4xx_hal_pwr_ex.o
LOAD ./Drivers/STM32F4xx_HAL_Driver/Src/stm32f4xx_hal_rcc.o
LOAD ./Drivers/STM32F4xx_HAL_Driver/Src/stm32f4xx_hal_rcc_ex.o
LOAD ./Drivers/STM32F4xx_HAL_Driver/Src/stm32f4xx_hal_tim.o
LOAD ./Drivers/STM32F4xx_HAL_Driver/Src/stm32f4xx_hal_tim_ex.o
LOAD ./Drivers/STM32F4xx_HAL_Driver/Src/stm32f4xx_hal_uart.o
LOAD ./Drivers/STM32F4xx_HAL_Driver/Src/stm32f4xx_ll_adc.o
LOAD ./Drivers/STM32F4xx_HAL_Driver/Src/stm32f4xx_ll_usb.o
LOAD ./Middlewares/ST/STM32_USB_Device_Library/Class/CDC/Src/usbd_cdc.o
LOAD ./Middlewares/ST/STM32_USB_Device_Library/Core/Src/usbd_core.o
LOAD ./Middlewares/ST/STM32_USB_Device_Library/Core/Src/usbd_ctlreq.o
LOAD ./Middlewares/ST/STM32_USB_Device_Library/Core/Src/usbd_ioreq.o
LOAD ./USB_DEVICE/App/usb_device.o
LOAD ./USB_DEVICE/App/usbd_cdc_if.o
LOAD ./USB_DEVICE/App/usbd_desc.o
LOAD ./USB_DEVICE/Target/usbd_conf.o
START GROUP
LOAD D:/Progs/STM32CubeIDE_1.17.0/STM32CubeIDE/plugins/com.st.stm32cube.ide.mcu.externaltools.gnu-tools-for-stm32.12.3.rel1.win32_1.1.0.202410251130/tools/bin/../lib/gcc/arm-none-eabi/12.3.1/../../../../arm-none-eabi/lib/thumb/v7e-m+fp/hard\libc_nano.a
LOAD D:/Progs/STM32CubeIDE_1.17.0/STM32CubeIDE/plugins/com.st.stm32cube.ide.mcu.externaltools.gnu-tools-for-stm32.12.3.rel1.win32_1.1.0.202410251130/tools/bin/../lib/gcc/arm-none-eabi/12.3.1/../../../../arm-none-eabi/lib/thumb/v7e-m+fp/hard\libm.a
END GROUP
START GROUP
LOAD D:/Progs/STM32CubeIDE_1.17.0/STM32CubeIDE/plugins/com.st.stm32cube.ide.mcu.externaltools.gnu-tools-for-stm32.12.3.rel1.win32_1.1.0.202410251130/tools/bin/../lib/gcc/arm-none-eabi/12.3.1/thumb/v7e-m+fp/hard\libgcc.a
LOAD D:/Progs/STM32CubeIDE_1.17.0/STM32CubeIDE/plugins/com.st.stm32cube.ide.mcu.externaltools.gnu-tools-for-stm32.12.3.rel1.win32_1.1.0.202410251130/tools/bin/../lib/gcc/arm-none-eabi/12.3.1/../../../../arm-none-eabi/lib/thumb/v7e-m+fp/hard\libc_nano.a
END GROUP
START GROUP
LOAD D:/Progs/STM32CubeIDE_1.17.0/STM32CubeIDE/plugins/com.st.stm32cube.ide.mcu.externaltools.gnu-tools-for-stm32.12.3.rel1.win32_1.1.0.202410251130/tools/bin/../lib/gcc/arm-none-eabi/12.3.1/thumb/v7e-m+fp/hard\libgcc.a
LOAD D:/Progs/STM32CubeIDE_1.17.0/STM32CubeIDE/plugins/com.st.stm32cube.ide.mcu.externaltools.gnu-tools-for-stm32.12.3.rel1.win32_1.1.0.202410251130/tools/bin/../lib/gcc/arm-none-eabi/12.3.1/../../../../arm-none-eabi/lib/thumb/v7e-m+fp/hard\libc_nano.a
LOAD D:/Progs/STM32CubeIDE_1.17.0/STM32CubeIDE/plugins/com.st.stm32cube.ide.mcu.externaltools.gnu-tools-for-stm32.12.3.rel1.win32_1.1.0.202410251130/tools/bin/../lib/gcc/arm-none-eabi/12.3.1/../../../../arm-none-eabi/lib/thumb/v7e-m+fp/hard\libnosys.a
END GROUP
START GROUP
LOAD D:/Progs/STM32CubeIDE_1.17.0/STM32CubeIDE/plugins/com.st.stm32cube.ide.mcu.externaltools.gnu-tools-for-stm32.12.3.rel1.win32_1.1.0.202410251130/tools/bin/../lib/gcc/arm-none-eabi/12.3.1/thumb/v7e-m+fp/hard\libgcc.a
LOAD D:/Progs/STM32CubeIDE_1.17.0/STM32CubeIDE/plugins/com.st.stm32cube.ide.mcu.externaltools.gnu-tools-for-stm32.12.3.rel1.win32_1.1.0.202410251130/tools/bin/../lib/gcc/arm-none-eabi/12.3.1/../../../../arm-none-eabi/lib/thumb/v7e-m+fp/hard\libc_nano.a
LOAD D:/Progs/STM32CubeIDE_1.17.0/STM32CubeIDE/plugins/com.st.stm32cube.ide.mcu.externaltools.gnu-tools-for-stm32.12.3.rel1.win32_1.1.0.202410251130/tools/bin/../lib/gcc/arm-none-eabi/12.3.1/../../../../arm-none-eabi/lib/thumb/v7e-m+fp/hard\libnosys.a
END GROUP
LOAD D:/Progs/STM32CubeIDE_1.17.0/STM32CubeIDE/plugins/com.st.stm32cube.ide.mcu.externaltools.gnu-tools-for-stm32.12.3.rel1.win32_1.1.0.202410251130/tools/bin/../lib/gcc/arm-none-eabi/12.3.1/thumb/v7e-m+fp/hard/crtend.o
LOAD D:/Progs/STM32CubeIDE_1.17.0/STM32CubeIDE/plugins/com.st.stm32cube.ide.mcu.externaltools.gnu-tools-for-stm32.12.3.rel1.win32_1.1.0.202410251130/tools/bin/../lib/gcc/arm-none-eabi/12.3.1/thumb/v7e-m+fp/hard/crtn.o
                0x20020000                        _estack = (ORIGIN (RAM) + LENGTH (RAM))
                0x00000200                        _Min_Heap_Size = 0x200
                0x00000400                        _Min_Stack_Size = 0x400

.isr_vector     0x08000000      0x198
                0x08000000                        . = ALIGN (0x4)
 *(.isr_vector)
 .isr_vector    0x08000000      0x198 ./Core/Startup/startup_stm32f411retx.o
                0x08000000                g_pfnVectors
                0x08000198                        . = ALIGN (0x4)

.text           0x08000198     0xda38
                0x08000198                        . = ALIGN (0x4)
 *(.text)
 .text          0x08000198       0x40 D:/Progs/STM32CubeIDE_1.17.0/STM32CubeIDE/plugins/com.st.stm32cube.ide.mcu.externaltools.gnu-tools-for-stm32.12.3.rel1.win32_1.1.0.202410251130/tools/bin/../lib/gcc/arm-none-eabi/12.3.1/thumb/v7e-m+fp/hard/crtbegin.o
 .text          0x080001d8      0x378 D:/Progs/STM32CubeIDE_1.17.0/STM32CubeIDE/plugins/com.st.stm32cube.ide.mcu.externaltools.gnu-tools-for-stm32.12.3.rel1.win32_1.1.0.202410251130/tools/bin/../lib/gcc/arm-none-eabi/12.3.1/thumb/v7e-m+fp/hard\libgcc.a(_arm_addsubdf3.o)
                0x080001d8                __aeabi_drsub
                0x080001e0                __aeabi_dsub
                0x080001e0                __subdf3
                0x080001e4                __aeabi_dadd
                0x080001e4                __adddf3
                0x0800045c                __floatunsidf
                0x0800045c                __aeabi_ui2d
                0x0800047c                __floatsidf
                0x0800047c                __aeabi_i2d
                0x080004a0                __aeabi_f2d
                0x080004a0                __extendsfdf2
                0x080004e4                __floatundidf
                0x080004e4                __aeabi_ul2d
                0x080004f4                __floatdidf
                0x080004f4                __aeabi_l2d
 .text          0x08000550      0x424 D:/Progs/STM32CubeIDE_1.17.0/STM32CubeIDE/plugins/com.st.stm32cube.ide.mcu.externaltools.gnu-tools-for-stm32.12.3.rel1.win32_1.1.0.202410251130/tools/bin/../lib/gcc/arm-none-eabi/12.3.1/thumb/v7e-m+fp/hard\libgcc.a(_arm_muldivdf3.o)
                0x08000550                __aeabi_dmul
                0x08000550                __muldf3
                0x080007a4                __divdf3
                0x080007a4                __aeabi_ddiv
 .text          0x08000974      0x110 D:/Progs/STM32CubeIDE_1.17.0/STM32CubeIDE/plugins/com.st.stm32cube.ide.mcu.externaltools.gnu-tools-for-stm32.12.3.rel1.win32_1.1.0.202410251130/tools/bin/../lib/gcc/arm-none-eabi/12.3.1/thumb/v7e-m+fp/hard\libgcc.a(_arm_cmpdf2.o)
                0x08000974                __gtdf2
                0x08000974                __gedf2
                0x0800097c                __ltdf2
                0x0800097c                __ledf2
                0x08000984                __nedf2
                0x08000984                __eqdf2
                0x08000984                __cmpdf2
                0x08000a00                __aeabi_cdrcmple
                0x08000a10                __aeabi_cdcmpeq
                0x08000a10                __aeabi_cdcmple
                0x08000a20                __aeabi_dcmpeq
                0x08000a34                __aeabi_dcmplt
                0x08000a48                __aeabi_dcmple
                0x08000a5c                __aeabi_dcmpge
                0x08000a70                __aeabi_dcmpgt
 .text          0x08000a84       0x50 D:/Progs/STM32CubeIDE_1.17.0/STM32CubeIDE/plugins/com.st.stm32cube.ide.mcu.externaltools.gnu-tools-for-stm32.12.3.rel1.win32_1.1.0.202410251130/tools/bin/../lib/gcc/arm-none-eabi/12.3.1/thumb/v7e-m+fp/hard\libgcc.a(_arm_fixdfsi.o)
                0x08000a84                __aeabi_d2iz
                0x08000a84                __fixdfsi
 .text          0x08000ad4       0x40 D:/Progs/STM32CubeIDE_1.17.0/STM32CubeIDE/plugins/com.st.stm32cube.ide.mcu.externaltools.gnu-tools-for-stm32.12.3.rel1.win32_1.1.0.202410251130/tools/bin/../lib/gcc/arm-none-eabi/12.3.1/thumb/v7e-m+fp/hard\libgcc.a(_arm_fixunsdfsi.o)
                0x08000ad4                __aeabi_d2uiz
                0x08000ad4                __fixunsdfsi
 .text          0x08000b14       0x30 D:/Progs/STM32CubeIDE_1.17.0/STM32CubeIDE/plugins/com.st.stm32cube.ide.mcu.externaltools.gnu-tools-for-stm32.12.3.rel1.win32_1.1.0.202410251130/tools/bin/../lib/gcc/arm-none-eabi/12.3.1/thumb/v7e-m+fp/hard\libgcc.a(_aeabi_uldivmod.o)
                0x08000b14                __aeabi_uldivmod
 .text          0x08000b44      0x2bc D:/Progs/STM32CubeIDE_1.17.0/STM32CubeIDE/plugins/com.st.stm32cube.ide.mcu.externaltools.gnu-tools-for-stm32.12.3.rel1.win32_1.1.0.202410251130/tools/bin/../lib/gcc/arm-none-eabi/12.3.1/thumb/v7e-m+fp/hard\libgcc.a(_udivmoddi4.o)
                0x08000b44                __udivmoddi4
 .text          0x08000e00        0x4 D:/Progs/STM32CubeIDE_1.17.0/STM32CubeIDE/plugins/com.st.stm32cube.ide.mcu.externaltools.gnu-tools-for-stm32.12.3.rel1.win32_1.1.0.202410251130/tools/bin/../lib/gcc/arm-none-eabi/12.3.1/thumb/v7e-m+fp/hard\libgcc.a(_dvmd_tls.o)
                0x08000e00                __aeabi_idiv0
                0x08000e00                __aeabi_ldiv0
 *(.text*)
 .text.Motor_Settings
                0x08000e04       0xa6 ./Core/Src/HandCotrol.o
                0x08000e04                Motor_Settings
 .text.FL_1_Motor_SetDuty
                0x08000eaa       0x5e ./Core/Src/HandCotrol.o
                0x08000eaa                FL_1_Motor_SetDuty
 .text.FL_2_Motor_SetDuty
                0x08000f08       0x5e ./Core/Src/HandCotrol.o
                0x08000f08                FL_2_Motor_SetDuty
 .text.FL_1_Motor_ContinuousDuty
                0x08000f66       0x56 ./Core/Src/HandCotrol.o
                0x08000f66                FL_1_Motor_ContinuousDuty
 .text.FL_1_Motor_SetTimeSettings
                0x08000fbc       0x40 ./Core/Src/HandCotrol.o
                0x08000fbc                FL_1_Motor_SetTimeSettings
 .text.FL_2_Motor_SetTimeSettings
                0x08000ffc       0x44 ./Core/Src/HandCotrol.o
                0x08000ffc                FL_2_Motor_SetTimeSettings
 .text.FL_1_Motor_Start
                0x08001040       0x50 ./Core/Src/HandCotrol.o
                0x08001040                FL_1_Motor_Start
 .text.FL_2_Motor_Start
                0x08001090       0xb4 ./Core/Src/HandCotrol.o
                0x08001090                FL_2_Motor_Start
 .text.FL_1_Motor_Stop
                0x08001144       0x94 ./Core/Src/HandCotrol.o
                0x08001144                FL_1_Motor_Stop
 .text.FL_2_Motor_Stop
                0x080011d8       0x70 ./Core/Src/HandCotrol.o
                0x080011d8                FL_2_Motor_Stop
 .text.Rcv_ChechFlags
                0x08001248      0x204 ./Core/Src/HandCotrol.o
                0x08001248                Rcv_ChechFlags
 .text.Rcv_FL_1_SelectMotor
                0x0800144c       0x18 ./Core/Src/HandCotrol.o
                0x0800144c                Rcv_FL_1_SelectMotor
 .text.Rcv_FL_1_SelectMotorDir
                0x08001464       0x80 ./Core/Src/HandCotrol.o
                0x08001464                Rcv_FL_1_SelectMotorDir
 .text.Rcv_FL_1_SetPwm
                0x080014e4       0xd8 ./Core/Src/HandCotrol.o
                0x080014e4                Rcv_FL_1_SetPwm
 .text.Rcv_FL_1_SetTime
                0x080015bc       0x4c ./Core/Src/HandCotrol.o
                0x080015bc                Rcv_FL_1_SetTime
 .text.Rcv_FL_1_SetDelay
                0x08001608       0x4c ./Core/Src/HandCotrol.o
                0x08001608                Rcv_FL_1_SetDelay
 .text.Rcv_FL_1_SetADC
                0x08001654       0x7c ./Core/Src/HandCotrol.o
                0x08001654                Rcv_FL_1_SetADC
 .text.Rcv_FL_1_StartInstr
                0x080016d0       0x20 ./Core/Src/HandCotrol.o
                0x080016d0                Rcv_FL_1_StartInstr
 .text.FL_1_HandProtezStartInstruction
                0x080016f0      0x134 ./Core/Src/HandCotrol.o
                0x080016f0                FL_1_HandProtezStartInstruction
 .text.Rcv_FL_2_SelectMotor
                0x08001824       0x18 ./Core/Src/HandCotrol.o
                0x08001824                Rcv_FL_2_SelectMotor
 .text.Rcv_FL_2_SelectMotorDir
                0x0800183c       0x5c ./Core/Src/HandCotrol.o
                0x0800183c                Rcv_FL_2_SelectMotorDir
 .text.Rcv_FL_2_SetAngle
                0x08001898       0x4c ./Core/Src/HandCotrol.o
                0x08001898                Rcv_FL_2_SetAngle
 .text.Rcv_FL_2_SetTime
                0x080018e4       0x4c ./Core/Src/HandCotrol.o
                0x080018e4                Rcv_FL_2_SetTime
 .text.Rcv_FL_2_SetSpeed
                0x08001930       0x4c ./Core/Src/HandCotrol.o
                0x08001930                Rcv_FL_2_SetSpeed
 .text.Rcv_FL_2_SetDelay
                0x0800197c       0x4c ./Core/Src/HandCotrol.o
                0x0800197c                Rcv_FL_2_SetDelay
 .text.Rcv_FL_2_SetFeedBack
                0x080019c8       0x6c ./Core/Src/HandCotrol.o
                0x080019c8                Rcv_FL_2_SetFeedBack
 .text.Rcv_FL_2_StartInstr
                0x08001a34       0x20 ./Core/Src/HandCotrol.o
                0x08001a34                Rcv_FL_2_StartInstr
 .text.FL_2_HandProtezStartInstruction
                0x08001a54      0x280 ./Core/Src/HandCotrol.o
                0x08001a54                FL_2_HandProtezStartInstruction
 .text.HandProtezRecvInstruction
                0x08001cd4      0x2e0 ./Core/Src/HandCotrol.o
                0x08001cd4                HandProtezRecvInstruction
 .text.CheckStateAllMotor
                0x08001fb4       0x74 ./Core/Src/HandCotrol.o
                0x08001fb4                CheckStateAllMotor
 .text.ADC_Timer2_Init
                0x08002028       0xe0 ./Core/Src/HandCotrol.o
                0x08002028                ADC_Timer2_Init
 .text.ADC_Setchannel
                0x08002108       0x28 ./Core/Src/HandCotrol.o
                0x08002108                ADC_Setchannel
 .text.PR_ADC_Init
                0x08002130      0x1b4 ./Core/Src/HandCotrol.o
                0x08002130                PR_ADC_Init
 .text.ProtezInit
                0x080022e4      0x2a8 ./Core/Src/HandCotrol.o
                0x080022e4                ProtezInit
 .text.StartMeasurement
                0x0800258c       0x30 ./Core/Src/HandCotrol.o
                0x0800258c                StartMeasurement
 .text.StopMeasurement
                0x080025bc       0x34 ./Core/Src/HandCotrol.o
                0x080025bc                StopMeasurement
 .text.main     0x080025f0       0x74 ./Core/Src/main.o
                0x080025f0                main
 .text.SystemClock_Config
                0x08002664       0xd0 ./Core/Src/main.o
                0x08002664                SystemClock_Config
 .text.MX_TIM1_Init
                0x08002734      0x15c ./Core/Src/main.o
 .text.MX_TIM3_Init
                0x08002890      0x130 ./Core/Src/main.o
 .text.MX_TIM4_Init
                0x080029c0      0x130 ./Core/Src/main.o
 .text.MX_TIM5_Init
                0x08002af0      0x104 ./Core/Src/main.o
 .text.MX_TIM9_Init
                0x08002bf4       0x74 ./Core/Src/main.o
 .text.MX_TIM10_Init
                0x08002c68       0x44 ./Core/Src/main.o
 .text.MX_TIM11_Init
                0x08002cac       0x48 ./Core/Src/main.o
 .text.MX_USART6_UART_Init
                0x08002cf4       0x54 ./Core/Src/main.o
 .text.MX_DMA_Init
                0x08002d48       0x40 ./Core/Src/main.o
 .text.MX_GPIO_Init
                0x08002d88      0x1fc ./Core/Src/main.o
 .text.HAL_ADC_ConvHalfCpltCallback
                0x08002f84       0x54 ./Core/Src/main.o
                0x08002f84                HAL_ADC_ConvHalfCpltCallback
 .text.HAL_ADC_ConvCpltCallback
                0x08002fd8       0x5c ./Core/Src/main.o
                0x08002fd8                HAL_ADC_ConvCpltCallback
 *fill*         0x08003034        0x4 
 .text.HAL_GPIO_EXTI_Callback
                0x08003038      0x2b4 ./Core/Src/main.o
                0x08003038                HAL_GPIO_EXTI_Callback
 .text.Error_Handler
                0x080032ec        0xc ./Core/Src/main.o
                0x080032ec                Error_Handler
 .text.HAL_MspInit
                0x080032f8       0x50 ./Core/Src/stm32f4xx_hal_msp.o
                0x080032f8                HAL_MspInit
 .text.HAL_ADC_MspInit
                0x08003348       0xf0 ./Core/Src/stm32f4xx_hal_msp.o
                0x08003348                HAL_ADC_MspInit
 .text.HAL_ADC_MspDeInit
                0x08003438       0x44 ./Core/Src/stm32f4xx_hal_msp.o
                0x08003438                HAL_ADC_MspDeInit
 .text.HAL_TIM_Base_MspInit
                0x0800347c      0x1c0 ./Core/Src/stm32f4xx_hal_msp.o
                0x0800347c                HAL_TIM_Base_MspInit
 .text.HAL_TIM_MspPostInit
                0x0800363c      0x160 ./Core/Src/stm32f4xx_hal_msp.o
                0x0800363c                HAL_TIM_MspPostInit
 .text.HAL_TIM_Base_MspDeInit
                0x0800379c       0xf4 ./Core/Src/stm32f4xx_hal_msp.o
                0x0800379c                HAL_TIM_Base_MspDeInit
 .text.HAL_UART_MspInit
                0x08003890       0xa0 ./Core/Src/stm32f4xx_hal_msp.o
                0x08003890                HAL_UART_MspInit
 .text.NMI_Handler
                0x08003930        0x8 ./Core/Src/stm32f4xx_it.o
                0x08003930                NMI_Handler
 .text.HardFault_Handler
                0x08003938        0x8 ./Core/Src/stm32f4xx_it.o
                0x08003938                HardFault_Handler
 .text.MemManage_Handler
                0x08003940        0x8 ./Core/Src/stm32f4xx_it.o
                0x08003940                MemManage_Handler
 .text.BusFault_Handler
                0x08003948        0x8 ./Core/Src/stm32f4xx_it.o
                0x08003948                BusFault_Handler
 .text.UsageFault_Handler
                0x08003950        0x8 ./Core/Src/stm32f4xx_it.o
                0x08003950                UsageFault_Handler
 .text.SVC_Handler
                0x08003958        0xe ./Core/Src/stm32f4xx_it.o
                0x08003958                SVC_Handler
 .text.DebugMon_Handler
                0x08003966        0xe ./Core/Src/stm32f4xx_it.o
                0x08003966                DebugMon_Handler
 .text.PendSV_Handler
                0x08003974        0xe ./Core/Src/stm32f4xx_it.o
                0x08003974                PendSV_Handler
 .text.SysTick_Handler
                0x08003982        0xc ./Core/Src/stm32f4xx_it.o
                0x08003982                SysTick_Handler
 .text.EXTI1_IRQHandler
                0x0800398e        0xe ./Core/Src/stm32f4xx_it.o
                0x0800398e                EXTI1_IRQHandler
 .text.EXTI3_IRQHandler
                0x0800399c        0xe ./Core/Src/stm32f4xx_it.o
                0x0800399c                EXTI3_IRQHandler
 .text.EXTI9_5_IRQHandler
                0x080039aa        0xe ./Core/Src/stm32f4xx_it.o
                0x080039aa                EXTI9_5_IRQHandler
 .text.TIM1_UP_TIM10_IRQHandler
                0x080039b8       0x2c ./Core/Src/stm32f4xx_it.o
                0x080039b8                TIM1_UP_TIM10_IRQHandler
 .text.TIM1_TRG_COM_TIM11_IRQHandler
                0x080039e4      0x45c ./Core/Src/stm32f4xx_it.o
                0x080039e4                TIM1_TRG_COM_TIM11_IRQHandler
 .text.TIM2_IRQHandler
                0x08003e40       0x2c ./Core/Src/stm32f4xx_it.o
                0x08003e40                TIM2_IRQHandler
 .text.EXTI15_10_IRQHandler
                0x08003e6c       0x20 ./Core/Src/stm32f4xx_it.o
                0x08003e6c                EXTI15_10_IRQHandler
 .text.DMA2_Stream0_IRQHandler
                0x08003e8c       0x14 ./Core/Src/stm32f4xx_it.o
                0x08003e8c                DMA2_Stream0_IRQHandler
 .text.OTG_FS_IRQHandler
                0x08003ea0       0x14 ./Core/Src/stm32f4xx_it.o
                0x08003ea0                OTG_FS_IRQHandler
 .text.USART6_IRQHandler
                0x08003eb4       0x14 ./Core/Src/stm32f4xx_it.o
                0x08003eb4                USART6_IRQHandler
 .text.SystemInit
                0x08003ec8       0x24 ./Core/Src/system_stm32f4xx.o
                0x08003ec8                SystemInit
 .text.Reset_Handler
                0x08003eec       0x50 ./Core/Startup/startup_stm32f411retx.o
                0x08003eec                Reset_Handler
 .text.Default_Handler
                0x08003f3c        0x2 ./Core/Startup/startup_stm32f411retx.o
                0x08003f3c                RTC_Alarm_IRQHandler
                0x08003f3c                EXTI2_IRQHandler
                0x08003f3c                SPI4_IRQHandler
                0x08003f3c                TIM1_CC_IRQHandler
                0x08003f3c                DMA2_Stream5_IRQHandler
                0x08003f3c                DMA1_Stream5_IRQHandler
                0x08003f3c                PVD_IRQHandler
                0x08003f3c                SDIO_IRQHandler
                0x08003f3c                TAMP_STAMP_IRQHandler
                0x08003f3c                I2C3_ER_IRQHandler
                0x08003f3c                EXTI0_IRQHandler
                0x08003f3c                I2C2_EV_IRQHandler
                0x08003f3c                DMA1_Stream2_IRQHandler
                0x08003f3c                FPU_IRQHandler
                0x08003f3c                DMA2_Stream2_IRQHandler
                0x08003f3c                SPI1_IRQHandler
                0x08003f3c                TIM1_BRK_TIM9_IRQHandler
                0x08003f3c                DMA2_Stream3_IRQHandler
                0x08003f3c                TIM4_IRQHandler
                0x08003f3c                I2C1_EV_IRQHandler
                0x08003f3c                DMA1_Stream6_IRQHandler
                0x08003f3c                DMA1_Stream1_IRQHandler
                0x08003f3c                TIM3_IRQHandler
                0x08003f3c                RCC_IRQHandler
                0x08003f3c                Default_Handler
                0x08003f3c                ADC_IRQHandler
                0x08003f3c                DMA1_Stream7_IRQHandler
                0x08003f3c                SPI5_IRQHandler
                0x08003f3c                TIM5_IRQHandler
                0x08003f3c                DMA2_Stream7_IRQHandler
                0x08003f3c                I2C3_EV_IRQHandler
                0x08003f3c                RTC_WKUP_IRQHandler
                0x08003f3c                SPI2_IRQHandler
                0x08003f3c                DMA1_Stream0_IRQHandler
                0x08003f3c                EXTI4_IRQHandler
                0x08003f3c                WWDG_IRQHandler
                0x08003f3c                OTG_FS_WKUP_IRQHandler
                0x08003f3c                USART2_IRQHandler
                0x08003f3c                I2C2_ER_IRQHandler
                0x08003f3c                DMA2_Stream1_IRQHandler
                0x08003f3c                FLASH_IRQHandler
                0x08003f3c                DMA2_Stream4_IRQHandler
                0x08003f3c                USART1_IRQHandler
                0x08003f3c                SPI3_IRQHandler
                0x08003f3c                DMA1_Stream4_IRQHandler
                0x08003f3c                I2C1_ER_IRQHandler
                0x08003f3c                DMA2_Stream6_IRQHandler
                0x08003f3c                DMA1_Stream3_IRQHandler
 *fill*         0x08003f3e        0x2 
 .text.HAL_Init
                0x08003f40       0x44 ./Drivers/STM32F4xx_HAL_Driver/Src/stm32f4xx_hal.o
                0x08003f40                HAL_Init
 .text.HAL_InitTick
                0x08003f84       0x60 ./Drivers/STM32F4xx_HAL_Driver/Src/stm32f4xx_hal.o
                0x08003f84                HAL_InitTick
 .text.HAL_IncTick
                0x08003fe4       0x28 ./Drivers/STM32F4xx_HAL_Driver/Src/stm32f4xx_hal.o
                0x08003fe4                HAL_IncTick
 .text.HAL_GetTick
                0x0800400c       0x18 ./Drivers/STM32F4xx_HAL_Driver/Src/stm32f4xx_hal.o
                0x0800400c                HAL_GetTick
 .text.HAL_Delay
                0x08004024       0x48 ./Drivers/STM32F4xx_HAL_Driver/Src/stm32f4xx_hal.o
                0x08004024                HAL_Delay
 .text.HAL_ADC_Init
                0x0800406c       0x86 ./Drivers/STM32F4xx_HAL_Driver/Src/stm32f4xx_hal_adc.o
                0x0800406c                HAL_ADC_Init
 .text.HAL_ADC_DeInit
                0x080040f2       0x64 ./Drivers/STM32F4xx_HAL_Driver/Src/stm32f4xx_hal_adc.o
                0x080040f2                HAL_ADC_DeInit
 *fill*         0x08004156        0x2 
 .text.HAL_ADC_Start_DMA
                0x08004158      0x1e0 ./Drivers/STM32F4xx_HAL_Driver/Src/stm32f4xx_hal_adc.o
                0x08004158                HAL_ADC_Start_DMA
 .text.HAL_ADC_Stop_DMA
                0x08004338       0xb4 ./Drivers/STM32F4xx_HAL_Driver/Src/stm32f4xx_hal_adc.o
                0x08004338                HAL_ADC_Stop_DMA
 .text.HAL_ADC_ErrorCallback
                0x080043ec       0x14 ./Drivers/STM32F4xx_HAL_Driver/Src/stm32f4xx_hal_adc.o
                0x080043ec                HAL_ADC_ErrorCallback
 .text.HAL_ADC_ConfigChannel
                0x08004400      0x264 ./Drivers/STM32F4xx_HAL_Driver/Src/stm32f4xx_hal_adc.o
                0x08004400                HAL_ADC_ConfigChannel
 .text.ADC_Init
                0x08004664      0x1f8 ./Drivers/STM32F4xx_HAL_Driver/Src/stm32f4xx_hal_adc.o
 .text.ADC_DMAConvCplt
                0x0800485c       0xba ./Drivers/STM32F4xx_HAL_Driver/Src/stm32f4xx_hal_adc.o
 .text.ADC_DMAHalfConvCplt
                0x08004916       0x1c ./Drivers/STM32F4xx_HAL_Driver/Src/stm32f4xx_hal_adc.o
 .text.ADC_DMAError
                0x08004932       0x2e ./Drivers/STM32F4xx_HAL_Driver/Src/stm32f4xx_hal_adc.o
 .text.__NVIC_SetPriorityGrouping
                0x08004960       0x48 ./Drivers/STM32F4xx_HAL_Driver/Src/stm32f4xx_hal_cortex.o
 .text.__NVIC_GetPriorityGrouping
                0x080049a8       0x1c ./Drivers/STM32F4xx_HAL_Driver/Src/stm32f4xx_hal_cortex.o
 .text.__NVIC_EnableIRQ
                0x080049c4       0x3c ./Drivers/STM32F4xx_HAL_Driver/Src/stm32f4xx_hal_cortex.o
 .text.__NVIC_DisableIRQ
                0x08004a00       0x48 ./Drivers/STM32F4xx_HAL_Driver/Src/stm32f4xx_hal_cortex.o
 .text.__NVIC_SetPriority
                0x08004a48       0x54 ./Drivers/STM32F4xx_HAL_Driver/Src/stm32f4xx_hal_cortex.o
 .text.NVIC_EncodePriority
                0x08004a9c       0x66 ./Drivers/STM32F4xx_HAL_Driver/Src/stm32f4xx_hal_cortex.o
 *fill*         0x08004b02        0x2 
 .text.SysTick_Config
                0x08004b04       0x44 ./Drivers/STM32F4xx_HAL_Driver/Src/stm32f4xx_hal_cortex.o
 .text.HAL_NVIC_SetPriorityGrouping
                0x08004b48       0x16 ./Drivers/STM32F4xx_HAL_Driver/Src/stm32f4xx_hal_cortex.o
                0x08004b48                HAL_NVIC_SetPriorityGrouping
 .text.HAL_NVIC_SetPriority
                0x08004b5e       0x38 ./Drivers/STM32F4xx_HAL_Driver/Src/stm32f4xx_hal_cortex.o
                0x08004b5e                HAL_NVIC_SetPriority
 .text.HAL_NVIC_EnableIRQ
                0x08004b96       0x1c ./Drivers/STM32F4xx_HAL_Driver/Src/stm32f4xx_hal_cortex.o
                0x08004b96                HAL_NVIC_EnableIRQ
 .text.HAL_NVIC_DisableIRQ
                0x08004bb2       0x1c ./Drivers/STM32F4xx_HAL_Driver/Src/stm32f4xx_hal_cortex.o
                0x08004bb2                HAL_NVIC_DisableIRQ
 .text.HAL_SYSTICK_Config
                0x08004bce       0x18 ./Drivers/STM32F4xx_HAL_Driver/Src/stm32f4xx_hal_cortex.o
                0x08004bce                HAL_SYSTICK_Config
 *fill*         0x08004be6        0x2 
 .text.HAL_DMA_Init
                0x08004be8      0x15c ./Drivers/STM32F4xx_HAL_Driver/Src/stm32f4xx_hal_dma.o
                0x08004be8                HAL_DMA_Init
 .text.HAL_DMA_DeInit
                0x08004d44       0xbc ./Drivers/STM32F4xx_HAL_Driver/Src/stm32f4xx_hal_dma.o
                0x08004d44                HAL_DMA_DeInit
 .text.HAL_DMA_Start_IT
                0x08004e00       0xb0 ./Drivers/STM32F4xx_HAL_Driver/Src/stm32f4xx_hal_dma.o
                0x08004e00                HAL_DMA_Start_IT
 .text.HAL_DMA_Abort
                0x08004eb0       0xe0 ./Drivers/STM32F4xx_HAL_Driver/Src/stm32f4xx_hal_dma.o
                0x08004eb0                HAL_DMA_Abort
 .text.HAL_DMA_Abort_IT
                0x08004f90       0x44 ./Drivers/STM32F4xx_HAL_Driver/Src/stm32f4xx_hal_dma.o
                0x08004f90                HAL_DMA_Abort_IT
 .text.HAL_DMA_IRQHandler
                0x08004fd4      0x314 ./Drivers/STM32F4xx_HAL_Driver/Src/stm32f4xx_hal_dma.o
                0x08004fd4                HAL_DMA_IRQHandler
 .text.DMA_SetConfig
                0x080052e8       0x5c ./Drivers/STM32F4xx_HAL_Driver/Src/stm32f4xx_hal_dma.o
 .text.DMA_CalcBaseAndBitshift
                0x08005344       0x6c ./Drivers/STM32F4xx_HAL_Driver/Src/stm32f4xx_hal_dma.o
 .text.DMA_CheckFifoParam
                0x080053b0       0xf8 ./Drivers/STM32F4xx_HAL_Driver/Src/stm32f4xx_hal_dma.o
 .text.HAL_GPIO_Init
                0x080054a8      0x308 ./Drivers/STM32F4xx_HAL_Driver/Src/stm32f4xx_hal_gpio.o
                0x080054a8                HAL_GPIO_Init
 .text.HAL_GPIO_DeInit
                0x080057b0      0x1c8 ./Drivers/STM32F4xx_HAL_Driver/Src/stm32f4xx_hal_gpio.o
                0x080057b0                HAL_GPIO_DeInit
 .text.HAL_GPIO_ReadPin
                0x08005978       0x30 ./Drivers/STM32F4xx_HAL_Driver/Src/stm32f4xx_hal_gpio.o
                0x08005978                HAL_GPIO_ReadPin
 .text.HAL_GPIO_WritePin
                0x080059a8       0x32 ./Drivers/STM32F4xx_HAL_Driver/Src/stm32f4xx_hal_gpio.o
                0x080059a8                HAL_GPIO_WritePin
 .text.HAL_GPIO_TogglePin
                0x080059da       0x34 ./Drivers/STM32F4xx_HAL_Driver/Src/stm32f4xx_hal_gpio.o
                0x080059da                HAL_GPIO_TogglePin
 *fill*         0x08005a0e        0x2 
 .text.HAL_GPIO_EXTI_IRQHandler
                0x08005a10       0x30 ./Drivers/STM32F4xx_HAL_Driver/Src/stm32f4xx_hal_gpio.o
                0x08005a10                HAL_GPIO_EXTI_IRQHandler
 .text.HAL_PCD_Init
                0x08005a40      0x23a ./Drivers/STM32F4xx_HAL_Driver/Src/stm32f4xx_hal_pcd.o
                0x08005a40                HAL_PCD_Init
 .text.HAL_PCD_Start
                0x08005c7a       0x66 ./Drivers/STM32F4xx_HAL_Driver/Src/stm32f4xx_hal_pcd.o
                0x08005c7a                HAL_PCD_Start
 .text.HAL_PCD_IRQHandler
                0x08005ce0      0x93e ./Drivers/STM32F4xx_HAL_Driver/Src/stm32f4xx_hal_pcd.o
                0x08005ce0                HAL_PCD_IRQHandler
 .text.HAL_PCD_SetAddress
                0x0800661e       0x4a ./Drivers/STM32F4xx_HAL_Driver/Src/stm32f4xx_hal_pcd.o
                0x0800661e                HAL_PCD_SetAddress
 .text.HAL_PCD_EP_Open
                0x08006668       0xd0 ./Drivers/STM32F4xx_HAL_Driver/Src/stm32f4xx_hal_pcd.o
                0x08006668                HAL_PCD_EP_Open
 .text.HAL_PCD_EP_Close
                0x08006738       0x94 ./Drivers/STM32F4xx_HAL_Driver/Src/stm32f4xx_hal_pcd.o
                0x08006738                HAL_PCD_EP_Close
 .text.HAL_PCD_EP_Receive
                0x080067cc       0x96 ./Drivers/STM32F4xx_HAL_Driver/Src/stm32f4xx_hal_pcd.o
                0x080067cc                HAL_PCD_EP_Receive
 .text.HAL_PCD_EP_GetRxCount
                0x08006862       0x30 ./Drivers/STM32F4xx_HAL_Driver/Src/stm32f4xx_hal_pcd.o
                0x08006862                HAL_PCD_EP_GetRxCount
 .text.HAL_PCD_EP_Transmit
                0x08006892       0x94 ./Drivers/STM32F4xx_HAL_Driver/Src/stm32f4xx_hal_pcd.o
                0x08006892                HAL_PCD_EP_Transmit
 .text.HAL_PCD_EP_SetStall
                0x08006926       0xc8 ./Drivers/STM32F4xx_HAL_Driver/Src/stm32f4xx_hal_pcd.o
                0x08006926                HAL_PCD_EP_SetStall
 .text.HAL_PCD_EP_ClrStall
                0x080069ee       0xac ./Drivers/STM32F4xx_HAL_Driver/Src/stm32f4xx_hal_pcd.o
                0x080069ee                HAL_PCD_EP_ClrStall
 .text.HAL_PCD_EP_Abort
                0x08006a9a       0x62 ./Drivers/STM32F4xx_HAL_Driver/Src/stm32f4xx_hal_pcd.o
                0x08006a9a                HAL_PCD_EP_Abort
 .text.PCD_WriteEmptyTxFifo
                0x08006afc      0x11a ./Drivers/STM32F4xx_HAL_Driver/Src/stm32f4xx_hal_pcd.o
 *fill*         0x08006c16        0x2 
 .text.PCD_EP_OutXfrComplete_int
                0x08006c18      0x1d0 ./Drivers/STM32F4xx_HAL_Driver/Src/stm32f4xx_hal_pcd.o
 .text.PCD_EP_OutSetupPacket_int
                0x08006de8       0x8c ./Drivers/STM32F4xx_HAL_Driver/Src/stm32f4xx_hal_pcd.o
 .text.HAL_PCDEx_SetTxFiFo
                0x08006e74       0x8e ./Drivers/STM32F4xx_HAL_Driver/Src/stm32f4xx_hal_pcd_ex.o
                0x08006e74                HAL_PCDEx_SetTxFiFo
 .text.HAL_PCDEx_SetRxFiFo
                0x08006f02       0x22 ./Drivers/STM32F4xx_HAL_Driver/Src/stm32f4xx_hal_pcd_ex.o
                0x08006f02                HAL_PCDEx_SetRxFiFo
 .text.HAL_PCDEx_LPM_Callback
                0x08006f24       0x18 ./Drivers/STM32F4xx_HAL_Driver/Src/stm32f4xx_hal_pcd_ex.o
                0x08006f24                HAL_PCDEx_LPM_Callback
 .text.HAL_RCC_OscConfig
                0x08006f3c      0x4f0 ./Drivers/STM32F4xx_HAL_Driver/Src/stm32f4xx_hal_rcc.o
                0x08006f3c                HAL_RCC_OscConfig
 .text.HAL_RCC_ClockConfig
                0x0800742c      0x1cc ./Drivers/STM32F4xx_HAL_Driver/Src/stm32f4xx_hal_rcc.o
                0x0800742c                HAL_RCC_ClockConfig
 .text.HAL_RCC_GetSysClockFreq
                0x080075f8      0x18c ./Drivers/STM32F4xx_HAL_Driver/Src/stm32f4xx_hal_rcc.o
                0x080075f8                HAL_RCC_GetSysClockFreq
 .text.HAL_RCC_GetHCLKFreq
                0x08007784       0x18 ./Drivers/STM32F4xx_HAL_Driver/Src/stm32f4xx_hal_rcc.o
                0x08007784                HAL_RCC_GetHCLKFreq
 .text.HAL_RCC_GetPCLK1Freq
                0x0800779c       0x28 ./Drivers/STM32F4xx_HAL_Driver/Src/stm32f4xx_hal_rcc.o
                0x0800779c                HAL_RCC_GetPCLK1Freq
 .text.HAL_RCC_GetPCLK2Freq
                0x080077c4       0x28 ./Drivers/STM32F4xx_HAL_Driver/Src/stm32f4xx_hal_rcc.o
                0x080077c4                HAL_RCC_GetPCLK2Freq
 .text.HAL_TIM_Base_Init
                0x080077ec       0x9e ./Drivers/STM32F4xx_HAL_Driver/Src/stm32f4xx_hal_tim.o
                0x080077ec                HAL_TIM_Base_Init
 .text.HAL_TIM_Base_DeInit
                0x0800788a       0xa8 ./Drivers/STM32F4xx_HAL_Driver/Src/stm32f4xx_hal_tim.o
                0x0800788a                HAL_TIM_Base_DeInit
 *fill*         0x08007932        0x2 
 .text.HAL_TIM_Base_Start_IT
                0x08007934       0xc4 ./Drivers/STM32F4xx_HAL_Driver/Src/stm32f4xx_hal_tim.o
                0x08007934                HAL_TIM_Base_Start_IT
 .text.HAL_TIM_Base_Stop_IT
                0x080079f8       0x5e ./Drivers/STM32F4xx_HAL_Driver/Src/stm32f4xx_hal_tim.o
                0x080079f8                HAL_TIM_Base_Stop_IT
 .text.HAL_TIM_PWM_Init
                0x08007a56       0x9e ./Drivers/STM32F4xx_HAL_Driver/Src/stm32f4xx_hal_tim.o
                0x08007a56                HAL_TIM_PWM_Init
 .text.HAL_TIM_PWM_MspInit
                0x08007af4       0x14 ./Drivers/STM32F4xx_HAL_Driver/Src/stm32f4xx_hal_tim.o
                0x08007af4                HAL_TIM_PWM_MspInit
 .text.HAL_TIM_PWM_Start
                0x08007b08      0x160 ./Drivers/STM32F4xx_HAL_Driver/Src/stm32f4xx_hal_tim.o
                0x08007b08                HAL_TIM_PWM_Start
 .text.HAL_TIM_PWM_Stop
                0x08007c68       0xc8 ./Drivers/STM32F4xx_HAL_Driver/Src/stm32f4xx_hal_tim.o
                0x08007c68                HAL_TIM_PWM_Stop
 .text.HAL_TIM_IRQHandler
                0x08007d30      0x210 ./Drivers/STM32F4xx_HAL_Driver/Src/stm32f4xx_hal_tim.o
                0x08007d30                HAL_TIM_IRQHandler
 .text.HAL_TIM_PWM_ConfigChannel
                0x08007f40      0x184 ./Drivers/STM32F4xx_HAL_Driver/Src/stm32f4xx_hal_tim.o
                0x08007f40                HAL_TIM_PWM_ConfigChannel
 .text.HAL_TIM_ConfigClockSource
                0x080080c4      0x18e ./Drivers/STM32F4xx_HAL_Driver/Src/stm32f4xx_hal_tim.o
                0x080080c4                HAL_TIM_ConfigClockSource
 .text.HAL_TIM_PeriodElapsedCallback
                0x08008252       0x14 ./Drivers/STM32F4xx_HAL_Driver/Src/stm32f4xx_hal_tim.o
                0x08008252                HAL_TIM_PeriodElapsedCallback
 .text.HAL_TIM_OC_DelayElapsedCallback
                0x08008266       0x14 ./Drivers/STM32F4xx_HAL_Driver/Src/stm32f4xx_hal_tim.o
                0x08008266                HAL_TIM_OC_DelayElapsedCallback
 .text.HAL_TIM_IC_CaptureCallback
                0x0800827a       0x14 ./Drivers/STM32F4xx_HAL_Driver/Src/stm32f4xx_hal_tim.o
                0x0800827a                HAL_TIM_IC_CaptureCallback
 .text.HAL_TIM_PWM_PulseFinishedCallback
                0x0800828e       0x14 ./Drivers/STM32F4xx_HAL_Driver/Src/stm32f4xx_hal_tim.o
                0x0800828e                HAL_TIM_PWM_PulseFinishedCallback
 .text.HAL_TIM_TriggerCallback
                0x080082a2       0x14 ./Drivers/STM32F4xx_HAL_Driver/Src/stm32f4xx_hal_tim.o
                0x080082a2                HAL_TIM_TriggerCallback
 *fill*         0x080082b6        0x2 
 .text.TIM_Base_SetConfig
                0x080082b8      0x100 ./Drivers/STM32F4xx_HAL_Driver/Src/stm32f4xx_hal_tim.o
                0x080082b8                TIM_Base_SetConfig
 .text.TIM_OC1_SetConfig
                0x080083b8       0xcc ./Drivers/STM32F4xx_HAL_Driver/Src/stm32f4xx_hal_tim.o
 .text.TIM_OC2_SetConfig
                0x08008484       0xd8 ./Drivers/STM32F4xx_HAL_Driver/Src/stm32f4xx_hal_tim.o
                0x08008484                TIM_OC2_SetConfig
 .text.TIM_OC3_SetConfig
                0x0800855c       0xd4 ./Drivers/STM32F4xx_HAL_Driver/Src/stm32f4xx_hal_tim.o
 .text.TIM_OC4_SetConfig
                0x08008630       0xa0 ./Drivers/STM32F4xx_HAL_Driver/Src/stm32f4xx_hal_tim.o
 .text.TIM_TI1_ConfigInputStage
                0x080086d0       0x5e ./Drivers/STM32F4xx_HAL_Driver/Src/stm32f4xx_hal_tim.o
 .text.TIM_TI2_ConfigInputStage
                0x0800872e       0x60 ./Drivers/STM32F4xx_HAL_Driver/Src/stm32f4xx_hal_tim.o
 .text.TIM_ITRx_SetConfig
                0x0800878e       0x36 ./Drivers/STM32F4xx_HAL_Driver/Src/stm32f4xx_hal_tim.o
 .text.TIM_ETR_SetConfig
                0x080087c4       0x40 ./Drivers/STM32F4xx_HAL_Driver/Src/stm32f4xx_hal_tim.o
                0x080087c4                TIM_ETR_SetConfig
 .text.TIM_CCxChannelCmd
                0x08008804       0x4a ./Drivers/STM32F4xx_HAL_Driver/Src/stm32f4xx_hal_tim.o
                0x08008804                TIM_CCxChannelCmd
 *fill*         0x0800884e        0x2 
 .text.HAL_TIMEx_MasterConfigSynchronization
                0x08008850       0xdc ./Drivers/STM32F4xx_HAL_Driver/Src/stm32f4xx_hal_tim_ex.o
                0x08008850                HAL_TIMEx_MasterConfigSynchronization
 .text.HAL_TIMEx_ConfigBreakDeadTime
                0x0800892c       0xa4 ./Drivers/STM32F4xx_HAL_Driver/Src/stm32f4xx_hal_tim_ex.o
                0x0800892c                HAL_TIMEx_ConfigBreakDeadTime
 .text.HAL_TIMEx_CommutCallback
                0x080089d0       0x14 ./Drivers/STM32F4xx_HAL_Driver/Src/stm32f4xx_hal_tim_ex.o
                0x080089d0                HAL_TIMEx_CommutCallback
 .text.HAL_TIMEx_BreakCallback
                0x080089e4       0x14 ./Drivers/STM32F4xx_HAL_Driver/Src/stm32f4xx_hal_tim_ex.o
                0x080089e4                HAL_TIMEx_BreakCallback
 .text.HAL_UART_Init
                0x080089f8       0x9a ./Drivers/STM32F4xx_HAL_Driver/Src/stm32f4xx_hal_uart.o
                0x080089f8                HAL_UART_Init
 *fill*         0x08008a92        0x2 
 .text.HAL_UART_IRQHandler
                0x08008a94      0x51c ./Drivers/STM32F4xx_HAL_Driver/Src/stm32f4xx_hal_uart.o
                0x08008a94                HAL_UART_IRQHandler
 .text.HAL_UART_TxCpltCallback
                0x08008fb0       0x14 ./Drivers/STM32F4xx_HAL_Driver/Src/stm32f4xx_hal_uart.o
                0x08008fb0                HAL_UART_TxCpltCallback
 .text.HAL_UART_RxCpltCallback
                0x08008fc4       0x14 ./Drivers/STM32F4xx_HAL_Driver/Src/stm32f4xx_hal_uart.o
                0x08008fc4                HAL_UART_RxCpltCallback
 .text.HAL_UART_ErrorCallback
                0x08008fd8       0x14 ./Drivers/STM32F4xx_HAL_Driver/Src/stm32f4xx_hal_uart.o
                0x08008fd8                HAL_UART_ErrorCallback
 .text.HAL_UARTEx_RxEventCallback
                0x08008fec       0x18 ./Drivers/STM32F4xx_HAL_Driver/Src/stm32f4xx_hal_uart.o
                0x08008fec                HAL_UARTEx_RxEventCallback
 .text.UART_EndRxTransfer
                0x08009004       0xc6 ./Drivers/STM32F4xx_HAL_Driver/Src/stm32f4xx_hal_uart.o
 .text.UART_DMAAbortOnError
                0x080090ca       0x28 ./Drivers/STM32F4xx_HAL_Driver/Src/stm32f4xx_hal_uart.o
 .text.UART_Transmit_IT
                0x080090f2       0xa0 ./Drivers/STM32F4xx_HAL_Driver/Src/stm32f4xx_hal_uart.o
 .text.UART_EndTransmit_IT
                0x08009192       0x30 ./Drivers/STM32F4xx_HAL_Driver/Src/stm32f4xx_hal_uart.o
 .text.UART_Receive_IT
                0x080091c2      0x176 ./Drivers/STM32F4xx_HAL_Driver/Src/stm32f4xx_hal_uart.o
 .text.UART_SetConfig
                0x08009338      0x4e8 ./Drivers/STM32F4xx_HAL_Driver/Src/stm32f4xx_hal_uart.o
 .text.USB_CoreInit
                0x08009820       0xc2 ./Drivers/STM32F4xx_HAL_Driver/Src/stm32f4xx_ll_usb.o
                0x08009820                USB_CoreInit
 *fill*         0x080098e2        0x2 
 .text.USB_SetTurnaroundTime
                0x080098e4      0x144 ./Drivers/STM32F4xx_HAL_Driver/Src/stm32f4xx_ll_usb.o
                0x080098e4                USB_SetTurnaroundTime
 .text.USB_EnableGlobalInt
                0x08009a28       0x22 ./Drivers/STM32F4xx_HAL_Driver/Src/stm32f4xx_ll_usb.o
                0x08009a28                USB_EnableGlobalInt
 .text.USB_DisableGlobalInt
                0x08009a4a       0x22 ./Drivers/STM32F4xx_HAL_Driver/Src/stm32f4xx_ll_usb.o
                0x08009a4a                USB_DisableGlobalInt
 .text.USB_SetCurrentMode
                0x08009a6c       0x98 ./Drivers/STM32F4xx_HAL_Driver/Src/stm32f4xx_ll_usb.o
                0x08009a6c                USB_SetCurrentMode
 .text.USB_DevInit
                0x08009b04      0x2c8 ./Drivers/STM32F4xx_HAL_Driver/Src/stm32f4xx_ll_usb.o
                0x08009b04                USB_DevInit
 .text.USB_FlushTxFifo
                0x08009dcc       0x68 ./Drivers/STM32F4xx_HAL_Driver/Src/stm32f4xx_ll_usb.o
                0x08009dcc                USB_FlushTxFifo
 .text.USB_FlushRxFifo
                0x08009e34       0x60 ./Drivers/STM32F4xx_HAL_Driver/Src/stm32f4xx_ll_usb.o
                0x08009e34                USB_FlushRxFifo
 .text.USB_SetDevSpeed
                0x08009e94       0x32 ./Drivers/STM32F4xx_HAL_Driver/Src/stm32f4xx_ll_usb.o
                0x08009e94                USB_SetDevSpeed
 .text.USB_GetDevSpeed
                0x08009ec6       0x4a ./Drivers/STM32F4xx_HAL_Driver/Src/stm32f4xx_ll_usb.o
                0x08009ec6                USB_GetDevSpeed
 .text.USB_ActivateEndpoint
                0x08009f10      0x10e ./Drivers/STM32F4xx_HAL_Driver/Src/stm32f4xx_ll_usb.o
                0x08009f10                USB_ActivateEndpoint
 *fill*         0x0800a01e        0x2 
 .text.USB_DeactivateEndpoint
                0x0800a020      0x1b8 ./Drivers/STM32F4xx_HAL_Driver/Src/stm32f4xx_ll_usb.o
                0x0800a020                USB_DeactivateEndpoint
 .text.USB_EPStartXfer
                0x0800a1d8      0x490 ./Drivers/STM32F4xx_HAL_Driver/Src/stm32f4xx_ll_usb.o
                0x0800a1d8                USB_EPStartXfer
 .text.USB_EP0StartXfer
                0x0800a668      0x2b0 ./Drivers/STM32F4xx_HAL_Driver/Src/stm32f4xx_ll_usb.o
                0x0800a668                USB_EP0StartXfer
 .text.USB_EPStopXfer
                0x0800a918      0x154 ./Drivers/STM32F4xx_HAL_Driver/Src/stm32f4xx_ll_usb.o
                0x0800a918                USB_EPStopXfer
 .text.USB_WritePacket
                0x0800aa6c       0x7c ./Drivers/STM32F4xx_HAL_Driver/Src/stm32f4xx_ll_usb.o
                0x0800aa6c                USB_WritePacket
 .text.USB_ReadPacket
                0x0800aae8       0xb0 ./Drivers/STM32F4xx_HAL_Driver/Src/stm32f4xx_ll_usb.o
                0x0800aae8                USB_ReadPacket
 .text.USB_EPSetStall
                0x0800ab98       0xdc ./Drivers/STM32F4xx_HAL_Driver/Src/stm32f4xx_ll_usb.o
                0x0800ab98                USB_EPSetStall
 .text.USB_EPClearStall
                0x0800ac74       0xcc ./Drivers/STM32F4xx_HAL_Driver/Src/stm32f4xx_ll_usb.o
                0x0800ac74                USB_EPClearStall
 .text.USB_SetDevAddress
                0x0800ad40       0x4c ./Drivers/STM32F4xx_HAL_Driver/Src/stm32f4xx_ll_usb.o
                0x0800ad40                USB_SetDevAddress
 .text.USB_DevConnect
                0x0800ad8c       0x42 ./Drivers/STM32F4xx_HAL_Driver/Src/stm32f4xx_ll_usb.o
                0x0800ad8c                USB_DevConnect
 .text.USB_DevDisconnect
                0x0800adce       0x42 ./Drivers/STM32F4xx_HAL_Driver/Src/stm32f4xx_ll_usb.o
                0x0800adce                USB_DevDisconnect
 .text.USB_ReadInterrupts
                0x0800ae10       0x26 ./Drivers/STM32F4xx_HAL_Driver/Src/stm32f4xx_ll_usb.o
                0x0800ae10                USB_ReadInterrupts
 .text.USB_ReadDevAllOutEpInterrupt
                0x0800ae36       0x34 ./Drivers/STM32F4xx_HAL_Driver/Src/stm32f4xx_ll_usb.o
                0x0800ae36                USB_ReadDevAllOutEpInterrupt
 .text.USB_ReadDevAllInEpInterrupt
                0x0800ae6a       0x34 ./Drivers/STM32F4xx_HAL_Driver/Src/stm32f4xx_ll_usb.o
                0x0800ae6a                USB_ReadDevAllInEpInterrupt
 .text.USB_ReadDevOutEPInterrupt
                0x0800ae9e       0x3c ./Drivers/STM32F4xx_HAL_Driver/Src/stm32f4xx_ll_usb.o
                0x0800ae9e                USB_ReadDevOutEPInterrupt
 .text.USB_ReadDevInEPInterrupt
                0x0800aeda       0x5c ./Drivers/STM32F4xx_HAL_Driver/Src/stm32f4xx_ll_usb.o
                0x0800aeda                USB_ReadDevInEPInterrupt
 .text.USB_GetMode
                0x0800af36       0x1c ./Drivers/STM32F4xx_HAL_Driver/Src/stm32f4xx_ll_usb.o
                0x0800af36                USB_GetMode
 .text.USB_ActivateSetup
                0x0800af52       0x46 ./Drivers/STM32F4xx_HAL_Driver/Src/stm32f4xx_ll_usb.o
                0x0800af52                USB_ActivateSetup
 .text.USB_EP0_OutStart
                0x0800af98       0xbc ./Drivers/STM32F4xx_HAL_Driver/Src/stm32f4xx_ll_usb.o
                0x0800af98                USB_EP0_OutStart
 .text.USB_CoreReset
                0x0800b054       0x68 ./Drivers/STM32F4xx_HAL_Driver/Src/stm32f4xx_ll_usb.o
 .text.USBD_CDC_Init
                0x0800b0bc      0x1f0 ./Middlewares/ST/STM32_USB_Device_Library/Class/CDC/Src/usbd_cdc.o
 .text.USBD_CDC_DeInit
                0x0800b2ac      0x104 ./Middlewares/ST/STM32_USB_Device_Library/Class/CDC/Src/usbd_cdc.o
 .text.USBD_CDC_Setup
                0x0800b3b0      0x1b8 ./Middlewares/ST/STM32_USB_Device_Library/Class/CDC/Src/usbd_cdc.o
 .text.USBD_CDC_DataIn
                0x0800b568       0xfe ./Middlewares/ST/STM32_USB_Device_Library/Class/CDC/Src/usbd_cdc.o
 .text.USBD_CDC_DataOut
                0x0800b666       0x70 ./Middlewares/ST/STM32_USB_Device_Library/Class/CDC/Src/usbd_cdc.o
 .text.USBD_CDC_EP0_RxReady
                0x0800b6d6       0x74 ./Middlewares/ST/STM32_USB_Device_Library/Class/CDC/Src/usbd_cdc.o
 *fill*         0x0800b74a        0x2 
 .text.USBD_CDC_GetFSCfgDesc
                0x0800b74c       0x70 ./Middlewares/ST/STM32_USB_Device_Library/Class/CDC/Src/usbd_cdc.o
 .text.USBD_CDC_GetHSCfgDesc
                0x0800b7bc       0x70 ./Middlewares/ST/STM32_USB_Device_Library/Class/CDC/Src/usbd_cdc.o
 .text.USBD_CDC_GetOtherSpeedCfgDesc
                0x0800b82c       0x70 ./Middlewares/ST/STM32_USB_Device_Library/Class/CDC/Src/usbd_cdc.o
 .text.USBD_CDC_GetDeviceQualifierDescriptor
                0x0800b89c       0x20 ./Middlewares/ST/STM32_USB_Device_Library/Class/CDC/Src/usbd_cdc.o
                0x0800b89c                USBD_CDC_GetDeviceQualifierDescriptor
 .text.USBD_CDC_RegisterInterface
                0x0800b8bc       0x34 ./Middlewares/ST/STM32_USB_Device_Library/Class/CDC/Src/usbd_cdc.o
                0x0800b8bc                USBD_CDC_RegisterInterface
 .text.USBD_CDC_SetTxBuffer
                0x0800b8f0       0x44 ./Middlewares/ST/STM32_USB_Device_Library/Class/CDC/Src/usbd_cdc.o
                0x0800b8f0                USBD_CDC_SetTxBuffer
 .text.USBD_CDC_SetRxBuffer
                0x0800b934       0x3a ./Middlewares/ST/STM32_USB_Device_Library/Class/CDC/Src/usbd_cdc.o
                0x0800b934                USBD_CDC_SetRxBuffer
 *fill*         0x0800b96e        0x2 
 .text.USBD_CDC_TransmitPacket
                0x0800b970       0x8c ./Middlewares/ST/STM32_USB_Device_Library/Class/CDC/Src/usbd_cdc.o
                0x0800b970                USBD_CDC_TransmitPacket
 .text.USBD_CDC_ReceivePacket
                0x0800b9fc       0x6c ./Middlewares/ST/STM32_USB_Device_Library/Class/CDC/Src/usbd_cdc.o
                0x0800b9fc                USBD_CDC_ReceivePacket
 .text.USBD_Init
                0x0800ba68       0x60 ./Middlewares/ST/STM32_USB_Device_Library/Core/Src/usbd_core.o
                0x0800ba68                USBD_Init
 .text.USBD_RegisterClass
                0x0800bac8       0x6c ./Middlewares/ST/STM32_USB_Device_Library/Core/Src/usbd_core.o
                0x0800bac8                USBD_RegisterClass
 .text.USBD_Start
                0x0800bb34       0x18 ./Middlewares/ST/STM32_USB_Device_Library/Core/Src/usbd_core.o
                0x0800bb34                USBD_Start
 .text.USBD_RunTestMode
                0x0800bb4c       0x16 ./Middlewares/ST/STM32_USB_Device_Library/Core/Src/usbd_core.o
                0x0800bb4c                USBD_RunTestMode
 .text.USBD_SetClassConfig
                0x0800bb62       0x38 ./Middlewares/ST/STM32_USB_Device_Library/Core/Src/usbd_core.o
                0x0800bb62                USBD_SetClassConfig
 .text.USBD_ClrClassConfig
                0x0800bb9a       0x34 ./Middlewares/ST/STM32_USB_Device_Library/Core/Src/usbd_core.o
                0x0800bb9a                USBD_ClrClassConfig
 .text.USBD_LL_SetupStage
                0x0800bbce       0xaa ./Middlewares/ST/STM32_USB_Device_Library/Core/Src/usbd_core.o
                0x0800bbce                USBD_LL_SetupStage
 .text.USBD_LL_DataOutStage
                0x0800bc78      0x166 ./Middlewares/ST/STM32_USB_Device_Library/Core/Src/usbd_core.o
                0x0800bc78                USBD_LL_DataOutStage
 .text.USBD_LL_DataInStage
                0x0800bdde      0x164 ./Middlewares/ST/STM32_USB_Device_Library/Core/Src/usbd_core.o
                0x0800bdde                USBD_LL_DataInStage
 .text.USBD_LL_Reset
                0x0800bf42       0xa4 ./Middlewares/ST/STM32_USB_Device_Library/Core/Src/usbd_core.o
                0x0800bf42                USBD_LL_Reset
 .text.USBD_LL_SetSpeed
                0x0800bfe6       0x20 ./Middlewares/ST/STM32_USB_Device_Library/Core/Src/usbd_core.o
                0x0800bfe6                USBD_LL_SetSpeed
 .text.USBD_LL_Suspend
                0x0800c006       0x2c ./Middlewares/ST/STM32_USB_Device_Library/Core/Src/usbd_core.o
                0x0800c006                USBD_LL_Suspend
 .text.USBD_LL_Resume
                0x0800c032       0x30 ./Middlewares/ST/STM32_USB_Device_Library/Core/Src/usbd_core.o
                0x0800c032                USBD_LL_Resume
 .text.USBD_LL_SOF
                0x0800c062       0x40 ./Middlewares/ST/STM32_USB_Device_Library/Core/Src/usbd_core.o
                0x0800c062                USBD_LL_SOF
 .text.USBD_LL_IsoINIncomplete
                0x0800c0a2       0x64 ./Middlewares/ST/STM32_USB_Device_Library/Core/Src/usbd_core.o
                0x0800c0a2                USBD_LL_IsoINIncomplete
 .text.USBD_LL_IsoOUTIncomplete
                0x0800c106       0x64 ./Middlewares/ST/STM32_USB_Device_Library/Core/Src/usbd_core.o
                0x0800c106                USBD_LL_IsoOUTIncomplete
 .text.USBD_LL_DevConnected
                0x0800c16a       0x16 ./Middlewares/ST/STM32_USB_Device_Library/Core/Src/usbd_core.o
                0x0800c16a                USBD_LL_DevConnected
 .text.USBD_LL_DevDisconnected
                0x0800c180       0x46 ./Middlewares/ST/STM32_USB_Device_Library/Core/Src/usbd_core.o
                0x0800c180                USBD_LL_DevDisconnected
 .text.USBD_CoreFindIF
                0x0800c1c6       0x1a ./Middlewares/ST/STM32_USB_Device_Library/Core/Src/usbd_core.o
                0x0800c1c6                USBD_CoreFindIF
 .text.USBD_CoreFindEP
                0x0800c1e0       0x1a ./Middlewares/ST/STM32_USB_Device_Library/Core/Src/usbd_core.o
                0x0800c1e0                USBD_CoreFindEP
 .text.USBD_GetEpDesc
                0x0800c1fa       0x70 ./Middlewares/ST/STM32_USB_Device_Library/Core/Src/usbd_core.o
                0x0800c1fa                USBD_GetEpDesc
 .text.USBD_GetNextDesc
                0x0800c26a       0x38 ./Middlewares/ST/STM32_USB_Device_Library/Core/Src/usbd_core.o
                0x0800c26a                USBD_GetNextDesc
 .text.SWAPBYTE
                0x0800c2a2       0x3c ./Middlewares/ST/STM32_USB_Device_Library/Core/Src/usbd_ctlreq.o
 *fill*         0x0800c2de        0x2 
 .text.USBD_StdDevReq
                0x0800c2e0       0xe4 ./Middlewares/ST/STM32_USB_Device_Library/Core/Src/usbd_ctlreq.o
                0x0800c2e0                USBD_StdDevReq
 .text.USBD_StdItfReq
                0x0800c3c4       0xd8 ./Middlewares/ST/STM32_USB_Device_Library/Core/Src/usbd_ctlreq.o
                0x0800c3c4                USBD_StdItfReq
 .text.USBD_StdEPReq
                0x0800c49c      0x33a ./Middlewares/ST/STM32_USB_Device_Library/Core/Src/usbd_ctlreq.o
                0x0800c49c                USBD_StdEPReq
 *fill*         0x0800c7d6        0x2 
 .text.USBD_GetDescriptor
                0x0800c7d8      0x2d4 ./Middlewares/ST/STM32_USB_Device_Library/Core/Src/usbd_ctlreq.o
 .text.USBD_SetAddress
                0x0800caac       0x88 ./Middlewares/ST/STM32_USB_Device_Library/Core/Src/usbd_ctlreq.o
 .text.USBD_SetConfig
                0x0800cb34      0x154 ./Middlewares/ST/STM32_USB_Device_Library/Core/Src/usbd_ctlreq.o
 .text.USBD_GetConfig
                0x0800cc88       0x6c ./Middlewares/ST/STM32_USB_Device_Library/Core/Src/usbd_ctlreq.o
 .text.USBD_GetStatus
                0x0800ccf4       0x68 ./Middlewares/ST/STM32_USB_Device_Library/Core/Src/usbd_ctlreq.o
 .text.USBD_SetFeature
                0x0800cd5c       0x52 ./Middlewares/ST/STM32_USB_Device_Library/Core/Src/usbd_ctlreq.o
 .text.USBD_ClrFeature
                0x0800cdae       0x44 ./Middlewares/ST/STM32_USB_Device_Library/Core/Src/usbd_ctlreq.o
 .text.USBD_ParseSetupRequest
                0x0800cdf2       0x74 ./Middlewares/ST/STM32_USB_Device_Library/Core/Src/usbd_ctlreq.o
                0x0800cdf2                USBD_ParseSetupRequest
 .text.USBD_CtlError
                0x0800ce66       0x22 ./Middlewares/ST/STM32_USB_Device_Library/Core/Src/usbd_ctlreq.o
                0x0800ce66                USBD_CtlError
 .text.USBD_GetString
                0x0800ce88       0x8c ./Middlewares/ST/STM32_USB_Device_Library/Core/Src/usbd_ctlreq.o
                0x0800ce88                USBD_GetString
 .text.USBD_GetLen
                0x0800cf14       0x34 ./Middlewares/ST/STM32_USB_Device_Library/Core/Src/usbd_ctlreq.o
 .text.USBD_CtlSendData
                0x0800cf48       0x36 ./Middlewares/ST/STM32_USB_Device_Library/Core/Src/usbd_ioreq.o
                0x0800cf48                USBD_CtlSendData
 .text.USBD_CtlContinueSendData
                0x0800cf7e       0x22 ./Middlewares/ST/STM32_USB_Device_Library/Core/Src/usbd_ioreq.o
                0x0800cf7e                USBD_CtlContinueSendData
 .text.USBD_CtlPrepareRx
                0x0800cfa0       0x3a ./Middlewares/ST/STM32_USB_Device_Library/Core/Src/usbd_ioreq.o
                0x0800cfa0                USBD_CtlPrepareRx
 .text.USBD_CtlContinueRx
                0x0800cfda       0x22 ./Middlewares/ST/STM32_USB_Device_Library/Core/Src/usbd_ioreq.o
                0x0800cfda                USBD_CtlContinueRx
 .text.USBD_CtlSendStatus
                0x0800cffc       0x26 ./Middlewares/ST/STM32_USB_Device_Library/Core/Src/usbd_ioreq.o
                0x0800cffc                USBD_CtlSendStatus
 .text.USBD_CtlReceiveStatus
                0x0800d022       0x26 ./Middlewares/ST/STM32_USB_Device_Library/Core/Src/usbd_ioreq.o
                0x0800d022                USBD_CtlReceiveStatus
 .text.MX_USB_DEVICE_Init
                0x0800d048       0x60 ./USB_DEVICE/App/usb_device.o
                0x0800d048                MX_USB_DEVICE_Init
 .text.CDC_Init_FS
                0x0800d0a8       0x28 ./USB_DEVICE/App/usbd_cdc_if.o
 .text.CDC_DeInit_FS
                0x0800d0d0       0x10 ./USB_DEVICE/App/usbd_cdc_if.o
 .text.CDC_Control_FS
                0x0800d0e0       0xbc ./USB_DEVICE/App/usbd_cdc_if.o
 .text.CDC_Receive_FS
                0x0800d19c      0x104 ./USB_DEVICE/App/usbd_cdc_if.o
 .text.CDC_Transmit_FS
                0x0800d2a0       0x4c ./USB_DEVICE/App/usbd_cdc_if.o
                0x0800d2a0                CDC_Transmit_FS
 .text.CDC_TransmitCplt_FS
                0x0800d2ec       0x22 ./USB_DEVICE/App/usbd_cdc_if.o
 *fill*         0x0800d30e        0x2 
 .text.USBD_FS_DeviceDescriptor
                0x0800d310       0x24 ./USB_DEVICE/App/usbd_desc.o
                0x0800d310                USBD_FS_DeviceDescriptor
 .text.USBD_FS_LangIDStrDescriptor
                0x0800d334       0x24 ./USB_DEVICE/App/usbd_desc.o
                0x0800d334                USBD_FS_LangIDStrDescriptor
 .text.USBD_FS_ProductStrDescriptor
                0x0800d358       0x3c ./USB_DEVICE/App/usbd_desc.o
                0x0800d358                USBD_FS_ProductStrDescriptor
 .text.USBD_FS_ManufacturerStrDescriptor
                0x0800d394       0x28 ./USB_DEVICE/App/usbd_desc.o
                0x0800d394                USBD_FS_ManufacturerStrDescriptor
 .text.USBD_FS_SerialStrDescriptor
                0x0800d3bc       0x24 ./USB_DEVICE/App/usbd_desc.o
                0x0800d3bc                USBD_FS_SerialStrDescriptor
 .text.USBD_FS_ConfigStrDescriptor
                0x0800d3e0       0x3c ./USB_DEVICE/App/usbd_desc.o
                0x0800d3e0                USBD_FS_ConfigStrDescriptor
 .text.USBD_FS_InterfaceStrDescriptor
                0x0800d41c       0x3c ./USB_DEVICE/App/usbd_desc.o
                0x0800d41c                USBD_FS_InterfaceStrDescriptor
 .text.Get_SerialNum
                0x0800d458       0x58 ./USB_DEVICE/App/usbd_desc.o
 .text.IntToUnicode
                0x0800d4b0       0x7e ./USB_DEVICE/App/usbd_desc.o
 *fill*         0x0800d52e        0x2 
 .text.HAL_PCD_MspInit
                0x0800d530       0xa8 ./USB_DEVICE/Target/usbd_conf.o
                0x0800d530                HAL_PCD_MspInit
 .text.HAL_PCD_SetupStageCallback
                0x0800d5d8       0x24 ./USB_DEVICE/Target/usbd_conf.o
                0x0800d5d8                HAL_PCD_SetupStageCallback
 .text.HAL_PCD_DataOutStageCallback
                0x0800d5fc       0x36 ./USB_DEVICE/Target/usbd_conf.o
                0x0800d5fc                HAL_PCD_DataOutStageCallback
 .text.HAL_PCD_DataInStageCallback
                0x0800d632       0x34 ./USB_DEVICE/Target/usbd_conf.o
                0x0800d632                HAL_PCD_DataInStageCallback
 .text.HAL_PCD_SOFCallback
                0x0800d666       0x1c ./USB_DEVICE/Target/usbd_conf.o
                0x0800d666                HAL_PCD_SOFCallback
 .text.HAL_PCD_ResetCallback
                0x0800d682       0x3c ./USB_DEVICE/Target/usbd_conf.o
                0x0800d682                HAL_PCD_ResetCallback
 *fill*         0x0800d6be        0x2 
 .text.HAL_PCD_SuspendCallback
                0x0800d6c0       0x4c ./USB_DEVICE/Target/usbd_conf.o
                0x0800d6c0                HAL_PCD_SuspendCallback
 .text.HAL_PCD_ResumeCallback
                0x0800d70c       0x1c ./USB_DEVICE/Target/usbd_conf.o
                0x0800d70c                HAL_PCD_ResumeCallback
 .text.HAL_PCD_ISOOUTIncompleteCallback
                0x0800d728       0x24 ./USB_DEVICE/Target/usbd_conf.o
                0x0800d728                HAL_PCD_ISOOUTIncompleteCallback
 .text.HAL_PCD_ISOINIncompleteCallback
                0x0800d74c       0x24 ./USB_DEVICE/Target/usbd_conf.o
                0x0800d74c                HAL_PCD_ISOINIncompleteCallback
 .text.HAL_PCD_ConnectCallback
                0x0800d770       0x1c ./USB_DEVICE/Target/usbd_conf.o
                0x0800d770                HAL_PCD_ConnectCallback
 .text.HAL_PCD_DisconnectCallback
                0x0800d78c       0x1c ./USB_DEVICE/Target/usbd_conf.o
                0x0800d78c                HAL_PCD_DisconnectCallback
 .text.USBD_LL_Init
                0x0800d7a8       0x98 ./USB_DEVICE/Target/usbd_conf.o
                0x0800d7a8                USBD_LL_Init
 .text.USBD_LL_Start
                0x0800d840       0x36 ./USB_DEVICE/Target/usbd_conf.o
                0x0800d840                USBD_LL_Start
 .text.USBD_LL_OpenEP
                0x0800d876       0x4c ./USB_DEVICE/Target/usbd_conf.o
                0x0800d876                USBD_LL_OpenEP
 .text.USBD_LL_CloseEP
                0x0800d8c2       0x3e ./USB_DEVICE/Target/usbd_conf.o
                0x0800d8c2                USBD_LL_CloseEP
 .text.USBD_LL_StallEP
                0x0800d900       0x3e ./USB_DEVICE/Target/usbd_conf.o
                0x0800d900                USBD_LL_StallEP
 .text.USBD_LL_ClearStallEP
                0x0800d93e       0x3e ./USB_DEVICE/Target/usbd_conf.o
                0x0800d93e                USBD_LL_ClearStallEP
 .text.USBD_LL_IsStallEP
                0x0800d97c       0x58 ./USB_DEVICE/Target/usbd_conf.o
                0x0800d97c                USBD_LL_IsStallEP
 .text.USBD_LL_SetUSBAddress
                0x0800d9d4       0x3e ./USB_DEVICE/Target/usbd_conf.o
                0x0800d9d4                USBD_LL_SetUSBAddress
 .text.USBD_LL_Transmit
                0x0800da12       0x42 ./USB_DEVICE/Target/usbd_conf.o
                0x0800da12                USBD_LL_Transmit
 .text.USBD_LL_PrepareReceive
                0x0800da54       0x42 ./USB_DEVICE/Target/usbd_conf.o
                0x0800da54                USBD_LL_PrepareReceive
 .text.USBD_LL_GetRxDataSize
                0x0800da96       0x26 ./USB_DEVICE/Target/usbd_conf.o
                0x0800da96                USBD_LL_GetRxDataSize
 .text.USBD_static_malloc
                0x0800dabc       0x1c ./USB_DEVICE/Target/usbd_conf.o
                0x0800dabc                USBD_static_malloc
 .text.USBD_static_free
                0x0800dad8       0x14 ./USB_DEVICE/Target/usbd_conf.o
                0x0800dad8                USBD_static_free
 .text.USBD_Get_USB_Status
                0x0800daec       0x58 ./USB_DEVICE/Target/usbd_conf.o
                0x0800daec                USBD_Get_USB_Status
 .text.memset   0x0800db44       0x10 D:/Progs/STM32CubeIDE_1.17.0/STM32CubeIDE/plugins/com.st.stm32cube.ide.mcu.externaltools.gnu-tools-for-stm32.12.3.rel1.win32_1.1.0.202410251130/tools/bin/../lib/gcc/arm-none-eabi/12.3.1/../../../../arm-none-eabi/lib/thumb/v7e-m+fp/hard\libc_nano.a(libc_a-memset.o)
                0x0800db44                memset
 .text.__libc_init_array
                0x0800db54       0x48 D:/Progs/STM32CubeIDE_1.17.0/STM32CubeIDE/plugins/com.st.stm32cube.ide.mcu.externaltools.gnu-tools-for-stm32.12.3.rel1.win32_1.1.0.202410251130/tools/bin/../lib/gcc/arm-none-eabi/12.3.1/../../../../arm-none-eabi/lib/thumb/v7e-m+fp/hard\libc_nano.a(libc_a-init.o)
                0x0800db54                __libc_init_array
 .text.memcpy   0x0800db9c       0x1c D:/Progs/STM32CubeIDE_1.17.0/STM32CubeIDE/plugins/com.st.stm32cube.ide.mcu.externaltools.gnu-tools-for-stm32.12.3.rel1.win32_1.1.0.202410251130/tools/bin/../lib/gcc/arm-none-eabi/12.3.1/../../../../arm-none-eabi/lib/thumb/v7e-m+fp/hard\libc_nano.a(libc_a-memcpy-stub.o)
                0x0800db9c                memcpy
 *(.glue_7)
 .glue_7        0x0800dbb8        0x0 linker stubs
 *(.glue_7t)
 .glue_7t       0x0800dbb8        0x0 linker stubs
 *(.eh_frame)
 .eh_frame      0x0800dbb8        0x0 D:/Progs/STM32CubeIDE_1.17.0/STM32CubeIDE/plugins/com.st.stm32cube.ide.mcu.externaltools.gnu-tools-for-stm32.12.3.rel1.win32_1.1.0.202410251130/tools/bin/../lib/gcc/arm-none-eabi/12.3.1/thumb/v7e-m+fp/hard/crtbegin.o
 *(.init)
 .init          0x0800dbb8        0x4 D:/Progs/STM32CubeIDE_1.17.0/STM32CubeIDE/plugins/com.st.stm32cube.ide.mcu.externaltools.gnu-tools-for-stm32.12.3.rel1.win32_1.1.0.202410251130/tools/bin/../lib/gcc/arm-none-eabi/12.3.1/thumb/v7e-m+fp/hard/crti.o
                0x0800dbb8                _init
 .init          0x0800dbbc        0x8 D:/Progs/STM32CubeIDE_1.17.0/STM32CubeIDE/plugins/com.st.stm32cube.ide.mcu.externaltools.gnu-tools-for-stm32.12.3.rel1.win32_1.1.0.202410251130/tools/bin/../lib/gcc/arm-none-eabi/12.3.1/thumb/v7e-m+fp/hard/crtn.o
 *(.fini)
 .fini          0x0800dbc4        0x4 D:/Progs/STM32CubeIDE_1.17.0/STM32CubeIDE/plugins/com.st.stm32cube.ide.mcu.externaltools.gnu-tools-for-stm32.12.3.rel1.win32_1.1.0.202410251130/tools/bin/../lib/gcc/arm-none-eabi/12.3.1/thumb/v7e-m+fp/hard/crti.o
                0x0800dbc4                _fini
 .fini          0x0800dbc8        0x8 D:/Progs/STM32CubeIDE_1.17.0/STM32CubeIDE/plugins/com.st.stm32cube.ide.mcu.externaltools.gnu-tools-for-stm32.12.3.rel1.win32_1.1.0.202410251130/tools/bin/../lib/gcc/arm-none-eabi/12.3.1/thumb/v7e-m+fp/hard/crtn.o
                0x0800dbd0                        . = ALIGN (0x4)
                0x0800dbd0                        _etext = .

.vfp11_veneer   0x0800dbd0        0x0
 .vfp11_veneer  0x0800dbd0        0x0 linker stubs

.v4_bx          0x0800dbd0        0x0
 .v4_bx         0x0800dbd0        0x0 linker stubs

.iplt           0x0800dbd0        0x0
 .iplt          0x0800dbd0        0x0 D:/Progs/STM32CubeIDE_1.17.0/STM32CubeIDE/plugins/com.st.stm32cube.ide.mcu.externaltools.gnu-tools-for-stm32.12.3.rel1.win32_1.1.0.202410251130/tools/bin/../lib/gcc/arm-none-eabi/12.3.1/thumb/v7e-m+fp/hard/crtbegin.o

.rodata         0x0800dbd0       0x68
                0x0800dbd0                        . = ALIGN (0x4)
 *(.rodata)
 .rodata        0x0800dbd0       0x46 ./USB_DEVICE/App/usbd_desc.o
 *(.rodata*)
 *fill*         0x0800dc16        0x2 
 .rodata.AHBPrescTable
                0x0800dc18       0x10 ./Core/Src/system_stm32f4xx.o
                0x0800dc18                AHBPrescTable
 .rodata.APBPrescTable
                0x0800dc28        0x8 ./Core/Src/system_stm32f4xx.o
                0x0800dc28                APBPrescTable
 .rodata.flagBitshiftOffset.0
                0x0800dc30        0x8 ./Drivers/STM32F4xx_HAL_Driver/Src/stm32f4xx_hal_dma.o
                0x0800dc38                        . = ALIGN (0x4)

.ARM.extab      0x0800dc38        0x0
                0x0800dc38                        . = ALIGN (0x4)
 *(.ARM.extab* .gnu.linkonce.armextab.*)
                0x0800dc38                        . = ALIGN (0x4)

.ARM            0x0800dc38        0x8
                0x0800dc38                        . = ALIGN (0x4)
                0x0800dc38                        __exidx_start = .
 *(.ARM.exidx*)
 .ARM.exidx     0x0800dc38        0x8 D:/Progs/STM32CubeIDE_1.17.0/STM32CubeIDE/plugins/com.st.stm32cube.ide.mcu.externaltools.gnu-tools-for-stm32.12.3.rel1.win32_1.1.0.202410251130/tools/bin/../lib/gcc/arm-none-eabi/12.3.1/thumb/v7e-m+fp/hard\libgcc.a(_udivmoddi4.o)
                0x0800dc40                        __exidx_end = .
                0x0800dc40                        . = ALIGN (0x4)

.rel.dyn        0x0800dc40        0x0
 .rel.iplt      0x0800dc40        0x0 D:/Progs/STM32CubeIDE_1.17.0/STM32CubeIDE/plugins/com.st.stm32cube.ide.mcu.externaltools.gnu-tools-for-stm32.12.3.rel1.win32_1.1.0.202410251130/tools/bin/../lib/gcc/arm-none-eabi/12.3.1/thumb/v7e-m+fp/hard/crtbegin.o

.preinit_array  0x0800dc40        0x0
                0x0800dc40                        . = ALIGN (0x4)
                0x0800dc40                        PROVIDE (__preinit_array_start = .)
 *(.preinit_array*)
                0x0800dc40                        PROVIDE (__preinit_array_end = .)
                0x0800dc40                        . = ALIGN (0x4)

.init_array     0x0800dc40        0x4
                0x0800dc40                        . = ALIGN (0x4)
                0x0800dc40                        PROVIDE (__init_array_start = .)
 *(SORT_BY_NAME(.init_array.*))
 *(.init_array*)
 .init_array    0x0800dc40        0x4 D:/Progs/STM32CubeIDE_1.17.0/STM32CubeIDE/plugins/com.st.stm32cube.ide.mcu.externaltools.gnu-tools-for-stm32.12.3.rel1.win32_1.1.0.202410251130/tools/bin/../lib/gcc/arm-none-eabi/12.3.1/thumb/v7e-m+fp/hard/crtbegin.o
                0x0800dc44                        PROVIDE (__init_array_end = .)
                0x0800dc44                        . = ALIGN (0x4)

.fini_array     0x0800dc44        0x4
                0x0800dc44                        . = ALIGN (0x4)
                [!provide]                        PROVIDE (__fini_array_start = .)
 *(SORT_BY_NAME(.fini_array.*))
 *(.fini_array*)
 .fini_array    0x0800dc44        0x4 D:/Progs/STM32CubeIDE_1.17.0/STM32CubeIDE/plugins/com.st.stm32cube.ide.mcu.externaltools.gnu-tools-for-stm32.12.3.rel1.win32_1.1.0.202410251130/tools/bin/../lib/gcc/arm-none-eabi/12.3.1/thumb/v7e-m+fp/hard/crtbegin.o
                [!provide]                        PROVIDE (__fini_array_end = .)
                0x0800dc48                        . = ALIGN (0x4)
                0x0800dc48                        _sidata = LOADADDR (.data)

.data           0x20000000      0x10c load address 0x0800dc48
                0x20000000                        . = ALIGN (0x4)
                0x20000000                        _sdata = .
 *(.data)
 *(.data*)
 .data.drts     0x20000000        0x4 ./Core/Src/HandCotrol.o
                0x20000000                drts
 *fill*         0x20000004        0x4 
 .data.Coef_P   0x20000008        0x8 ./Core/Src/HandCotrol.o
                0x20000008                Coef_P
 .data.SystemCoreClock
                0x20000010        0x4 ./Core/Src/system_stm32f4xx.o
                0x20000010                SystemCoreClock
 .data.uwTickPrio
                0x20000014        0x4 ./Drivers/STM32F4xx_HAL_Driver/Src/stm32f4xx_hal.o
                0x20000014                uwTickPrio
 .data.uwTickFreq
                0x20000018        0x1 ./Drivers/STM32F4xx_HAL_Driver/Src/stm32f4xx_hal.o
                0x20000018                uwTickFreq
 *fill*         0x20000019        0x3 
 .data.USBD_CDC_DeviceQualifierDesc
                0x2000001c        0xa ./Middlewares/ST/STM32_USB_Device_Library/Class/CDC/Src/usbd_cdc.o
 *fill*         0x20000026        0x2 
 .data.USBD_CDC
                0x20000028       0x38 ./Middlewares/ST/STM32_USB_Device_Library/Class/CDC/Src/usbd_cdc.o
                0x20000028                USBD_CDC
 .data.USBD_CDC_CfgDesc
                0x20000060       0x43 ./Middlewares/ST/STM32_USB_Device_Library/Class/CDC/Src/usbd_cdc.o
 .data.CDCInEpAdd
                0x200000a3        0x1 ./Middlewares/ST/STM32_USB_Device_Library/Class/CDC/Src/usbd_cdc.o
 .data.CDCOutEpAdd
                0x200000a4        0x1 ./Middlewares/ST/STM32_USB_Device_Library/Class/CDC/Src/usbd_cdc.o
 .data.CDCCmdEpAdd
                0x200000a5        0x1 ./Middlewares/ST/STM32_USB_Device_Library/Class/CDC/Src/usbd_cdc.o
 *fill*         0x200000a6        0x2 
 .data.USBD_Interface_fops_FS
                0x200000a8       0x14 ./USB_DEVICE/App/usbd_cdc_if.o
                0x200000a8                USBD_Interface_fops_FS
 .data.FS_Desc  0x200000bc       0x1c ./USB_DEVICE/App/usbd_desc.o
                0x200000bc                FS_Desc
 .data.USBD_FS_DeviceDesc
                0x200000d8       0x12 ./USB_DEVICE/App/usbd_desc.o
                0x200000d8                USBD_FS_DeviceDesc
 *fill*         0x200000ea        0x2 
 .data.USBD_LangIDDesc
                0x200000ec        0x4 ./USB_DEVICE/App/usbd_desc.o
                0x200000ec                USBD_LangIDDesc
 .data.USBD_StringSerial
                0x200000f0       0x1a ./USB_DEVICE/App/usbd_desc.o
                0x200000f0                USBD_StringSerial
 *(.RamFunc)
 *(.RamFunc*)
                0x2000010c                        . = ALIGN (0x4)
 *fill*         0x2000010a        0x2 
                0x2000010c                        _edata = .

.igot.plt       0x2000010c        0x0 load address 0x0800dd54
 .igot.plt      0x2000010c        0x0 D:/Progs/STM32CubeIDE_1.17.0/STM32CubeIDE/plugins/com.st.stm32cube.ide.mcu.externaltools.gnu-tools-for-stm32.12.3.rel1.win32_1.1.0.202410251130/tools/bin/../lib/gcc/arm-none-eabi/12.3.1/thumb/v7e-m+fp/hard/crtbegin.o
                0x2000010c                        . = ALIGN (0x4)

.bss            0x20000110     0x84ec load address 0x0800dd54
                0x20000110                        _sbss = .
                0x20000110                        __bss_start__ = _sbss
 *(.bss)
 .bss           0x20000110       0x1c D:/Progs/STM32CubeIDE_1.17.0/STM32CubeIDE/plugins/com.st.stm32cube.ide.mcu.externaltools.gnu-tools-for-stm32.12.3.rel1.win32_1.1.0.202410251130/tools/bin/../lib/gcc/arm-none-eabi/12.3.1/thumb/v7e-m+fp/hard/crtbegin.o
 *(.bss*)
 .bss.TEST_cntTim2
                0x2000012c        0x4 ./Core/Src/HandCotrol.o
                0x2000012c                TEST_cntTim2
 .bss.ADC_Data  0x20000130       0x64 ./Core/Src/HandCotrol.o
                0x20000130                ADC_Data
 .bss.ADC_Channels
                0x20000194       0x18 ./Core/Src/HandCotrol.o
                0x20000194                ADC_Channels
 .bss.dstc      0x200001ac        0x4 ./Core/Src/HandCotrol.o
                0x200001ac                dstc
 .bss.Motor     0x200001b0      0x210 ./Core/Src/HandCotrol.o
                0x200001b0                Motor
 .bss.ProtezGlobalConf
                0x200003c0        0x3 ./Core/Src/HandCotrol.o
                0x200003c0                ProtezGlobalConf
 *fill*         0x200003c3        0x1 
 .bss.Encoder   0x200003c4       0x60 ./Core/Src/HandCotrol.o
                0x200003c4                Encoder
 .bss.FlagsRecvInst
                0x20000424        0xe ./Core/Src/HandCotrol.o
                0x20000424                FlagsRecvInst
 *fill*         0x20000432        0x2 
 .bss.NowCountPointADC
                0x20000434        0x4 ./Core/Src/HandCotrol.o
                0x20000434                NowCountPointADC
 .bss.glb_dstc  0x20000438        0x4 ./Core/Src/HandCotrol.o
                0x20000438                glb_dstc
 .bss.Target_dtsc
                0x2000043c       0x18 ./Core/Src/HandCotrol.o
                0x2000043c                Target_dtsc
 .bss.GLB_TypeCtrl
                0x20000454        0x1 ./Core/Src/HandCotrol.o
                0x20000454                GLB_TypeCtrl
 .bss.TCM       0x20000455        0x1 ./Core/Src/HandCotrol.o
                0x20000455                TCM
 .bss.ContRegulatorValue
                0x20000456        0x2 ./Core/Src/HandCotrol.o
                0x20000456                ContRegulatorValue
 .bss.TEST_GLB_TIM10_CNT
                0x20000458        0x4 ./Core/Src/HandCotrol.o
                0x20000458                TEST_GLB_TIM10_CNT
 .bss.EncCnt    0x2000045c       0x18 ./Core/Src/main.o
                0x2000045c                EncCnt
 .bss.EncCntNow
                0x20000474       0x18 ./Core/Src/main.o
                0x20000474                EncCntNow
 .bss.EncCntOld
                0x2000048c       0x18 ./Core/Src/main.o
                0x2000048c                EncCntOld
 .bss.d_EncCnt  0x200004a4       0x18 ./Core/Src/main.o
                0x200004a4                d_EncCnt
 .bss.EncTime   0x200004bc       0x18 ./Core/Src/main.o
                0x200004bc                EncTime
 .bss.EncTimeNow
                0x200004d4       0x18 ./Core/Src/main.o
                0x200004d4                EncTimeNow
 .bss.EncTimeOld
                0x200004ec       0x18 ./Core/Src/main.o
                0x200004ec                EncTimeOld
 .bss.d_EncTime
                0x20000504     0x2ee0 ./Core/Src/main.o
                0x20000504                d_EncTime
 *fill*         0x200033e4        0x4 
 .bss.RegVal    0x200033e8     0x1f40 ./Core/Src/main.o
                0x200033e8                RegVal
 .bss.SpeedAngleMas
                0x20005328     0x1388 ./Core/Src/main.o
                0x20005328                SpeedAngleMas
 .bss.hadc1     0x200066b0       0x48 ./Core/Src/main.o
                0x200066b0                hadc1
 .bss.hdma_adc1
                0x200066f8       0x60 ./Core/Src/main.o
                0x200066f8                hdma_adc1
 .bss.htim1     0x20006758       0x48 ./Core/Src/main.o
                0x20006758                htim1
 .bss.htim2     0x200067a0       0x48 ./Core/Src/main.o
                0x200067a0                htim2
 .bss.htim3     0x200067e8       0x48 ./Core/Src/main.o
                0x200067e8                htim3
 .bss.htim4     0x20006830       0x48 ./Core/Src/main.o
                0x20006830                htim4
 .bss.htim5     0x20006878       0x48 ./Core/Src/main.o
                0x20006878                htim5
 .bss.htim9     0x200068c0       0x48 ./Core/Src/main.o
                0x200068c0                htim9
 .bss.htim10    0x20006908       0x48 ./Core/Src/main.o
                0x20006908                htim10
 .bss.htim11    0x20006950       0x48 ./Core/Src/main.o
                0x20006950                htim11
 .bss.huart6    0x20006998       0x44 ./Core/Src/main.o
                0x20006998                huart6
 .bss.GLB_Time  0x200069dc        0xc ./Core/Src/stm32f4xx_it.o
                0x200069dc                GLB_Time
 .bss.count_last_bytes
                0x200069e8        0x2 ./Core/Src/stm32f4xx_it.o
                0x200069e8                count_last_bytes
 *fill*         0x200069ea        0x2 
 .bss.uwTick    0x200069ec        0x4 ./Drivers/STM32F4xx_HAL_Driver/Src/stm32f4xx_hal.o
                0x200069ec                uwTick
 .bss.cfgidx.0  0x200069f0        0x1 ./Middlewares/ST/STM32_USB_Device_Library/Core/Src/usbd_ctlreq.o
 *fill*         0x200069f1        0x3 
 .bss.hUsbDeviceFS
                0x200069f4      0x2dc ./USB_DEVICE/App/usb_device.o
                0x200069f4                hUsbDeviceFS
 .bss.UserRxBufferFS
                0x20006cd0      0x800 ./USB_DEVICE/App/usbd_cdc_if.o
                0x20006cd0                UserRxBufferFS
 .bss.UserTxBufferFS
                0x200074d0      0x800 ./USB_DEVICE/App/usbd_cdc_if.o
                0x200074d0                UserTxBufferFS
 .bss.USBD_StrDesc
                0x20007cd0      0x200 ./USB_DEVICE/App/usbd_desc.o
                0x20007cd0                USBD_StrDesc
 .bss.hpcd_USB_OTG_FS
                0x20007ed0      0x50c ./USB_DEVICE/Target/usbd_conf.o
                0x20007ed0                hpcd_USB_OTG_FS
 .bss.mem.0     0x200083dc      0x220 ./USB_DEVICE/Target/usbd_conf.o
 *(COMMON)
                0x200085fc                        . = ALIGN (0x4)
                0x200085fc                        _ebss = .
                0x200085fc                        __bss_end__ = _ebss

._user_heap_stack
                0x200085fc      0x604 load address 0x0800dd54
                0x20008600                        . = ALIGN (0x8)
 *fill*         0x200085fc        0x4 
                [!provide]                        PROVIDE (end = .)
                0x20008600                        PROVIDE (_end = .)
                0x20008800                        . = (. + _Min_Heap_Size)
 *fill*         0x20008600      0x200 
                0x20008c00                        . = (. + _Min_Stack_Size)
 *fill*         0x20008800      0x400 
                0x20008c00                        . = ALIGN (0x8)

/DISCARD/
 libc.a(*)
 libm.a(*)
 libgcc.a(*)

.ARM.attributes
                0x00000000       0x30
 *(.ARM.attributes)
 .ARM.attributes
                0x00000000       0x22 D:/Progs/STM32CubeIDE_1.17.0/STM32CubeIDE/plugins/com.st.stm32cube.ide.mcu.externaltools.gnu-tools-for-stm32.12.3.rel1.win32_1.1.0.202410251130/tools/bin/../lib/gcc/arm-none-eabi/12.3.1/thumb/v7e-m+fp/hard/crti.o
 .ARM.attributes
                0x00000022       0x34 D:/Progs/STM32CubeIDE_1.17.0/STM32CubeIDE/plugins/com.st.stm32cube.ide.mcu.externaltools.gnu-tools-for-stm32.12.3.rel1.win32_1.1.0.202410251130/tools/bin/../lib/gcc/arm-none-eabi/12.3.1/thumb/v7e-m+fp/hard/crtbegin.o
 .ARM.attributes
                0x00000056       0x34 ./Core/Src/HandCotrol.o
 .ARM.attributes
                0x0000008a       0x34 ./Core/Src/main.o
 .ARM.attributes
                0x000000be       0x34 ./Core/Src/stm32f4xx_hal_msp.o
 .ARM.attributes
                0x000000f2       0x34 ./Core/Src/stm32f4xx_it.o
 .ARM.attributes
                0x00000126       0x34 ./Core/Src/system_stm32f4xx.o
 .ARM.attributes
                0x0000015a       0x21 ./Core/Startup/startup_stm32f411retx.o
 .ARM.attributes
                0x0000017b       0x34 ./Drivers/STM32F4xx_HAL_Driver/Src/stm32f4xx_hal.o
 .ARM.attributes
                0x000001af       0x34 ./Drivers/STM32F4xx_HAL_Driver/Src/stm32f4xx_hal_adc.o
 .ARM.attributes
                0x000001e3       0x34 ./Drivers/STM32F4xx_HAL_Driver/Src/stm32f4xx_hal_cortex.o
 .ARM.attributes
                0x00000217       0x34 ./Drivers/STM32F4xx_HAL_Driver/Src/stm32f4xx_hal_dma.o
 .ARM.attributes
                0x0000024b       0x34 ./Drivers/STM32F4xx_HAL_Driver/Src/stm32f4xx_hal_gpio.o
 .ARM.attributes
                0x0000027f       0x34 ./Drivers/STM32F4xx_HAL_Driver/Src/stm32f4xx_hal_pcd.o
 .ARM.attributes
                0x000002b3       0x34 ./Drivers/STM32F4xx_HAL_Driver/Src/stm32f4xx_hal_pcd_ex.o
 .ARM.attributes
                0x000002e7       0x34 ./Drivers/STM32F4xx_HAL_Driver/Src/stm32f4xx_hal_rcc.o
 .ARM.attributes
                0x0000031b       0x34 ./Drivers/STM32F4xx_HAL_Driver/Src/stm32f4xx_hal_tim.o
 .ARM.attributes
                0x0000034f       0x34 ./Drivers/STM32F4xx_HAL_Driver/Src/stm32f4xx_hal_tim_ex.o
 .ARM.attributes
                0x00000383       0x34 ./Drivers/STM32F4xx_HAL_Driver/Src/stm32f4xx_hal_uart.o
 .ARM.attributes
                0x000003b7       0x34 ./Drivers/STM32F4xx_HAL_Driver/Src/stm32f4xx_ll_usb.o
 .ARM.attributes
                0x000003eb       0x34 ./Middlewares/ST/STM32_USB_Device_Library/Class/CDC/Src/usbd_cdc.o
 .ARM.attributes
                0x0000041f       0x34 ./Middlewares/ST/STM32_USB_Device_Library/Core/Src/usbd_core.o
 .ARM.attributes
                0x00000453       0x34 ./Middlewares/ST/STM32_USB_Device_Library/Core/Src/usbd_ctlreq.o
 .ARM.attributes
                0x00000487       0x34 ./Middlewares/ST/STM32_USB_Device_Library/Core/Src/usbd_ioreq.o
 .ARM.attributes
                0x000004bb       0x34 ./USB_DEVICE/App/usb_device.o
 .ARM.attributes
                0x000004ef       0x34 ./USB_DEVICE/App/usbd_cdc_if.o
 .ARM.attributes
                0x00000523       0x34 ./USB_DEVICE/App/usbd_desc.o
 .ARM.attributes
                0x00000557       0x34 ./USB_DEVICE/Target/usbd_conf.o
 .ARM.attributes
                0x0000058b       0x34 D:/Progs/STM32CubeIDE_1.17.0/STM32CubeIDE/plugins/com.st.stm32cube.ide.mcu.externaltools.gnu-tools-for-stm32.12.3.rel1.win32_1.1.0.202410251130/tools/bin/../lib/gcc/arm-none-eabi/12.3.1/../../../../arm-none-eabi/lib/thumb/v7e-m+fp/hard\libc_nano.a(libc_a-memset.o)
 .ARM.attributes
                0x000005bf       0x34 D:/Progs/STM32CubeIDE_1.17.0/STM32CubeIDE/plugins/com.st.stm32cube.ide.mcu.externaltools.gnu-tools-for-stm32.12.3.rel1.win32_1.1.0.202410251130/tools/bin/../lib/gcc/arm-none-eabi/12.3.1/../../../../arm-none-eabi/lib/thumb/v7e-m+fp/hard\libc_nano.a(libc_a-init.o)
 .ARM.attributes
                0x000005f3       0x34 D:/Progs/STM32CubeIDE_1.17.0/STM32CubeIDE/plugins/com.st.stm32cube.ide.mcu.externaltools.gnu-tools-for-stm32.12.3.rel1.win32_1.1.0.202410251130/tools/bin/../lib/gcc/arm-none-eabi/12.3.1/../../../../arm-none-eabi/lib/thumb/v7e-m+fp/hard\libc_nano.a(libc_a-memcpy-stub.o)
 .ARM.attributes
                0x00000627       0x22 D:/Progs/STM32CubeIDE_1.17.0/STM32CubeIDE/plugins/com.st.stm32cube.ide.mcu.externaltools.gnu-tools-for-stm32.12.3.rel1.win32_1.1.0.202410251130/tools/bin/../lib/gcc/arm-none-eabi/12.3.1/thumb/v7e-m+fp/hard\libgcc.a(_arm_addsubdf3.o)
 .ARM.attributes
                0x00000649       0x22 D:/Progs/STM32CubeIDE_1.17.0/STM32CubeIDE/plugins/com.st.stm32cube.ide.mcu.externaltools.gnu-tools-for-stm32.12.3.rel1.win32_1.1.0.202410251130/tools/bin/../lib/gcc/arm-none-eabi/12.3.1/thumb/v7e-m+fp/hard\libgcc.a(_arm_muldivdf3.o)
 .ARM.attributes
                0x0000066b       0x22 D:/Progs/STM32CubeIDE_1.17.0/STM32CubeIDE/plugins/com.st.stm32cube.ide.mcu.externaltools.gnu-tools-for-stm32.12.3.rel1.win32_1.1.0.202410251130/tools/bin/../lib/gcc/arm-none-eabi/12.3.1/thumb/v7e-m+fp/hard\libgcc.a(_arm_cmpdf2.o)
 .ARM.attributes
                0x0000068d       0x22 D:/Progs/STM32CubeIDE_1.17.0/STM32CubeIDE/plugins/com.st.stm32cube.ide.mcu.externaltools.gnu-tools-for-stm32.12.3.rel1.win32_1.1.0.202410251130/tools/bin/../lib/gcc/arm-none-eabi/12.3.1/thumb/v7e-m+fp/hard\libgcc.a(_arm_fixdfsi.o)
 .ARM.attributes
                0x000006af       0x22 D:/Progs/STM32CubeIDE_1.17.0/STM32CubeIDE/plugins/com.st.stm32cube.ide.mcu.externaltools.gnu-tools-for-stm32.12.3.rel1.win32_1.1.0.202410251130/tools/bin/../lib/gcc/arm-none-eabi/12.3.1/thumb/v7e-m+fp/hard\libgcc.a(_arm_fixunsdfsi.o)
 .ARM.attributes
                0x000006d1       0x22 D:/Progs/STM32CubeIDE_1.17.0/STM32CubeIDE/plugins/com.st.stm32cube.ide.mcu.externaltools.gnu-tools-for-stm32.12.3.rel1.win32_1.1.0.202410251130/tools/bin/../lib/gcc/arm-none-eabi/12.3.1/thumb/v7e-m+fp/hard\libgcc.a(_aeabi_uldivmod.o)
 .ARM.attributes
                0x000006f3       0x34 D:/Progs/STM32CubeIDE_1.17.0/STM32CubeIDE/plugins/com.st.stm32cube.ide.mcu.externaltools.gnu-tools-for-stm32.12.3.rel1.win32_1.1.0.202410251130/tools/bin/../lib/gcc/arm-none-eabi/12.3.1/thumb/v7e-m+fp/hard\libgcc.a(_udivmoddi4.o)
 .ARM.attributes
                0x00000727       0x22 D:/Progs/STM32CubeIDE_1.17.0/STM32CubeIDE/plugins/com.st.stm32cube.ide.mcu.externaltools.gnu-tools-for-stm32.12.3.rel1.win32_1.1.0.202410251130/tools/bin/../lib/gcc/arm-none-eabi/12.3.1/thumb/v7e-m+fp/hard\libgcc.a(_dvmd_tls.o)
 .ARM.attributes
                0x00000749       0x22 D:/Progs/STM32CubeIDE_1.17.0/STM32CubeIDE/plugins/com.st.stm32cube.ide.mcu.externaltools.gnu-tools-for-stm32.12.3.rel1.win32_1.1.0.202410251130/tools/bin/../lib/gcc/arm-none-eabi/12.3.1/thumb/v7e-m+fp/hard/crtn.o
OUTPUT(Protez_v_5.0.elf elf32-littlearm)
LOAD linker stubs
LOAD D:/Progs/STM32CubeIDE_1.17.0/STM32CubeIDE/plugins/com.st.stm32cube.ide.mcu.externaltools.gnu-tools-for-stm32.12.3.rel1.win32_1.1.0.202410251130/tools/bin/../lib/gcc/arm-none-eabi/12.3.1/../../../../arm-none-eabi/lib/thumb/v7e-m+fp/hard\libc.a
LOAD D:/Progs/STM32CubeIDE_1.17.0/STM32CubeIDE/plugins/com.st.stm32cube.ide.mcu.externaltools.gnu-tools-for-stm32.12.3.rel1.win32_1.1.0.202410251130/tools/bin/../lib/gcc/arm-none-eabi/12.3.1/../../../../arm-none-eabi/lib/thumb/v7e-m+fp/hard\libm.a
LOAD D:/Progs/STM32CubeIDE_1.17.0/STM32CubeIDE/plugins/com.st.stm32cube.ide.mcu.externaltools.gnu-tools-for-stm32.12.3.rel1.win32_1.1.0.202410251130/tools/bin/../lib/gcc/arm-none-eabi/12.3.1/thumb/v7e-m+fp/hard\libgcc.a

.debug_info     0x00000000    0x1a9a8
 .debug_info    0x00000000     0x1b17 ./Core/Src/HandCotrol.o
 .debug_info    0x00001b17     0x1ecb ./Core/Src/main.o
 .debug_info    0x000039e2     0x1373 ./Core/Src/stm32f4xx_hal_msp.o
 .debug_info    0x00004d55     0x151d ./Core/Src/stm32f4xx_it.o
 .debug_info    0x00006272      0x53e ./Core/Src/system_stm32f4xx.o
 .debug_info    0x000067b0       0x30 ./Core/Startup/startup_stm32f411retx.o
 .debug_info    0x000067e0      0x8c4 ./Drivers/STM32F4xx_HAL_Driver/Src/stm32f4xx_hal.o
 .debug_info    0x000070a4      0xcd1 ./Drivers/STM32F4xx_HAL_Driver/Src/stm32f4xx_hal_adc.o
 .debug_info    0x00007d75      0xcb6 ./Drivers/STM32F4xx_HAL_Driver/Src/stm32f4xx_hal_cortex.o
 .debug_info    0x00008a2b      0x8e6 ./Drivers/STM32F4xx_HAL_Driver/Src/stm32f4xx_hal_dma.o
 .debug_info    0x00009311      0x6f9 ./Drivers/STM32F4xx_HAL_Driver/Src/stm32f4xx_hal_gpio.o
 .debug_info    0x00009a0a     0x1549 ./Drivers/STM32F4xx_HAL_Driver/Src/stm32f4xx_hal_pcd.o
 .debug_info    0x0000af53      0x6d2 ./Drivers/STM32F4xx_HAL_Driver/Src/stm32f4xx_hal_pcd_ex.o
 .debug_info    0x0000b625      0x8f2 ./Drivers/STM32F4xx_HAL_Driver/Src/stm32f4xx_hal_rcc.o
 .debug_info    0x0000bf17     0x2941 ./Drivers/STM32F4xx_HAL_Driver/Src/stm32f4xx_hal_tim.o
 .debug_info    0x0000e858     0x14a7 ./Drivers/STM32F4xx_HAL_Driver/Src/stm32f4xx_hal_tim_ex.o
 .debug_info    0x0000fcff     0x2fbf ./Drivers/STM32F4xx_HAL_Driver/Src/stm32f4xx_hal_uart.o
 .debug_info    0x00012cbe     0x18f6 ./Drivers/STM32F4xx_HAL_Driver/Src/stm32f4xx_ll_usb.o
 .debug_info    0x000145b4     0x128b ./Middlewares/ST/STM32_USB_Device_Library/Class/CDC/Src/usbd_cdc.o
 .debug_info    0x0001583f      0xe05 ./Middlewares/ST/STM32_USB_Device_Library/Core/Src/usbd_core.o
 .debug_info    0x00016644      0xade ./Middlewares/ST/STM32_USB_Device_Library/Core/Src/usbd_ctlreq.o
 .debug_info    0x00017122      0x755 ./Middlewares/ST/STM32_USB_Device_Library/Core/Src/usbd_ioreq.o
 .debug_info    0x00017877      0x701 ./USB_DEVICE/App/usb_device.o
 .debug_info    0x00017f78      0x9f5 ./USB_DEVICE/App/usbd_cdc_if.o
 .debug_info    0x0001896d      0x458 ./USB_DEVICE/App/usbd_desc.o
 .debug_info    0x00018dc5     0x1be3 ./USB_DEVICE/Target/usbd_conf.o

.debug_abbrev   0x00000000     0x3dca
 .debug_abbrev  0x00000000      0x363 ./Core/Src/HandCotrol.o
 .debug_abbrev  0x00000363      0x34a ./Core/Src/main.o
 .debug_abbrev  0x000006ad      0x25e ./Core/Src/stm32f4xx_hal_msp.o
 .debug_abbrev  0x0000090b      0x2f1 ./Core/Src/stm32f4xx_it.o
 .debug_abbrev  0x00000bfc      0x11a ./Core/Src/system_stm32f4xx.o
 .debug_abbrev  0x00000d16       0x24 ./Core/Startup/startup_stm32f411retx.o
 .debug_abbrev  0x00000d3a      0x24b ./Drivers/STM32F4xx_HAL_Driver/Src/stm32f4xx_hal.o
 .debug_abbrev  0x00000f85      0x20e ./Drivers/STM32F4xx_HAL_Driver/Src/stm32f4xx_hal_adc.o
 .debug_abbrev  0x00001193      0x327 ./Drivers/STM32F4xx_HAL_Driver/Src/stm32f4xx_hal_cortex.o
 .debug_abbrev  0x000014ba      0x221 ./Drivers/STM32F4xx_HAL_Driver/Src/stm32f4xx_hal_dma.o
 .debug_abbrev  0x000016db      0x1d3 ./Drivers/STM32F4xx_HAL_Driver/Src/stm32f4xx_hal_gpio.o
 .debug_abbrev  0x000018ae      0x2cd ./Drivers/STM32F4xx_HAL_Driver/Src/stm32f4xx_hal_pcd.o
 .debug_abbrev  0x00001b7b      0x1da ./Drivers/STM32F4xx_HAL_Driver/Src/stm32f4xx_hal_pcd_ex.o
 .debug_abbrev  0x00001d55      0x2b5 ./Drivers/STM32F4xx_HAL_Driver/Src/stm32f4xx_hal_rcc.o
 .debug_abbrev  0x0000200a      0x284 ./Drivers/STM32F4xx_HAL_Driver/Src/stm32f4xx_hal_tim.o
 .debug_abbrev  0x0000228e      0x28f ./Drivers/STM32F4xx_HAL_Driver/Src/stm32f4xx_hal_tim_ex.o
 .debug_abbrev  0x0000251d      0x31b ./Drivers/STM32F4xx_HAL_Driver/Src/stm32f4xx_hal_uart.o
 .debug_abbrev  0x00002838      0x2ac ./Drivers/STM32F4xx_HAL_Driver/Src/stm32f4xx_ll_usb.o
 .debug_abbrev  0x00002ae4      0x2d2 ./Middlewares/ST/STM32_USB_Device_Library/Class/CDC/Src/usbd_cdc.o
 .debug_abbrev  0x00002db6      0x27c ./Middlewares/ST/STM32_USB_Device_Library/Core/Src/usbd_core.o
 .debug_abbrev  0x00003032      0x26f ./Middlewares/ST/STM32_USB_Device_Library/Core/Src/usbd_ctlreq.o
 .debug_abbrev  0x000032a1      0x19a ./Middlewares/ST/STM32_USB_Device_Library/Core/Src/usbd_ioreq.o
 .debug_abbrev  0x0000343b      0x195 ./USB_DEVICE/App/usb_device.o
 .debug_abbrev  0x000035d0      0x2da ./USB_DEVICE/App/usbd_cdc_if.o
 .debug_abbrev  0x000038aa      0x1e1 ./USB_DEVICE/App/usbd_desc.o