../Core/ProtezLib/pr_module.c:35:6:module_Data_Init	16	static
../Core/ProtezLib/pr_module.c:63:6:module_Enc_Reset	16	static
../Core/ProtezLib/pr_module.c:72:6:module_ADC_Stop	8	static
../Core/ProtezLib/pr_module.c:86:6:module_ADC_Start	8	static
../Core/ProtezLib/pr_module.c:95:6:module_ADC_Timer_Init	32	static
../Core/ProtezLib/pr_module.c:133:6:module_ADC_Init	32	static
../Core/ProtezLib/pr_module.c:183:6:module_motor_Stop	16	static
../Core/ProtezLib/pr_module.c:201:6:module_motor_Start	16	static
../Core/ProtezLib/pr_module.c:213:6:module_setADCParam	16	static
../Core/ProtezLib/pr_module.c:227:6:module_setEncParam	24	static
../Core/ProtezLib/pr_module.c:246:6:module_setTimParam	40	static
../Core/ProtezLib/pr_module.c:282:14:module_Init	16	static
../Core/ProtezLib/pr_module.c:330:6:module_motor_SetParam	24	static
../Core/ProtezLib/pr_module.c:363:6:module_motor_SetTime	16	static
../Core/ProtezLib/pr_module.c:376:6:module_motor_SetPwm	16	static
../Core/ProtezLib/pr_module.c:404:6:HAL_TIM_PeriodElapsedCallback	56	static
../Core/ProtezLib/pr_module.c:546:6:HAL_GPIO_EXTI_Callback	24	static
../Core/ProtezLib/pr_module.c:568:6:HAL_ADC_ConvCpltCallback	16	static
