../Core/ProtezLib/ProtezHandEncoder.cpp:15:1:ProtezHandEncoder::ProtezHandEncoder()	16	static
../Core/ProtezLib/ProtezHandEncoder.cpp:19:1:ProtezHandEncoder::~ProtezHandEncoder()	16	static
../Core/ProtezLib/ProtezHandEncoder.cpp:22:6:void ProtezHandEncoder::setCounter(uint32_t)	16	static
../Core/ProtezLib/ProtezHandEncoder.cpp:26:10:uint32_t ProtezHandEncoder::getCounter()	16	static
../Core/ProtezLib/ProtezHandEncoder.cpp:30:6:void ProtezHandEncoder::setTimePoint(uint32_t)	16	static
../Core/ProtezLib/ProtezHandEncoder.cpp:34:10:uint32_t ProtezHandEncoder::getTimePoint()	16	static
../Core/ProtezLib/ProtezHandEncoder.cpp:38:6:void ProtezHandEncoder::setSide(encSide)	16	static
../Core/ProtezLib/ProtezHandEncoder.cpp:42:9:encSide ProtezHandEncoder::getSide()	16	static
../Core/ProtezLib/ProtezHandEncoder.cpp:46:6:void ProtezHandEncoder::setAllGPIO(GPIO_TypeDef*, uint16_t, GPIO_TypeDef*, uint16_t, GPIO_PinState)	24	static
../Core/ProtezLib/ProtezHandEncoder.cpp:54:15:GPIO_TypeDef* ProtezHandEncoder::getPORTmain()	16	static
../Core/ProtezLib/ProtezHandEncoder.cpp:58:10:uint16_t ProtezHandEncoder::getPINmain()	16	static
../Core/ProtezLib/ProtezHandEncoder.cpp:62:15:GPIO_TypeDef* ProtezHandEncoder::getPORsup()	16	static
../Core/ProtezLib/ProtezHandEncoder.cpp:67:10:uint16_t ProtezHandEncoder::getPINsup()	16	static
../Core/ProtezLib/ProtezHandEncoder.cpp:71:6:static void ProtezHandEncoder::setEnable(bool)	16	static
../Core/ProtezLib/ProtezHandEncoder.cpp:76:7:static bool ProtezHandEncoder::getEnable()	4	static
