../Core/Src/HandCotrol.c:87:17:Motor_Settings	24	static
../Core/Src/HandCotrol.c:130:6:FL_1_Motor_SetDuty	0	static
../Core/Src/HandCotrol.c:145:6:FL_2_Motor_SetDuty	0	static
../Core/Src/HandCotrol.c:160:6:FL_1_Motor_ContinuousDuty	0	static
../Core/Src/HandCotrol.c:173:6:FL_2_Motor_ContinuousDuty	0	static
../Core/Src/HandCotrol.c:201:6:FL_1_Motor_SetTimeSettings	0	static
../Core/Src/HandCotrol.c:207:6:FL_2_Motor_SetTimeSettings	0	static
../Core/Src/HandCotrol.c:213:6:FL_1_Motor_Start	8	static
../Core/Src/HandCotrol.c:223:6:FL_2_Motor_Start	8	static
../Core/Src/HandCotrol.c:246:6:FL_1_Motor_Stop	8	static
../Core/Src/HandCotrol.c:269:6:FL_2_Motor_Stop	8	static
../Core/Src/HandCotrol.c:292:11:Rcv_ChechFlags	48	static
../Core/Src/HandCotrol.c:413:9:Rcv_FL_1_SelectMotor	0	static
../Core/Src/HandCotrol.c:417:16:Rcv_FL_1_SelectMotorDir	0	static
../Core/Src/HandCotrol.c:430:6:Rcv_FL_1_SetPwm	16	static
../Core/Src/HandCotrol.c:439:6:Rcv_FL_1_SetTime	0	static
../Core/Src/HandCotrol.c:444:6:Rcv_FL_1_SetDelay	0	static
../Core/Src/HandCotrol.c:449:6:Rcv_FL_1_SetADC	8	static
../Core/Src/HandCotrol.c:494:9:Rcv_FL_2_SelectMotor	0	static
../Core/Src/HandCotrol.c:498:16:Rcv_FL_2_SelectMotorDir	0	static
../Core/Src/HandCotrol.c:508:6:Rcv_FL_2_SetAngle	0	static
../Core/Src/HandCotrol.c:531:6:Rcv_FL_2_SetTime	0	static
../Core/Src/HandCotrol.c:536:6:Rcv_FL_2_SetSpeed	0	static
../Core/Src/HandCotrol.c:541:6:Rcv_FL_2_SetDelay	0	static
../Core/Src/HandCotrol.c:546:6:Rcv_FL_2_SetFeedBack	0	static
../Core/Src/HandCotrol.c:559:6:Rcv_FL_2_SetADC	8	static
../Core/Src/HandCotrol.c:578:6:FL_2_HandProtezStartInstruction	32	static
../Core/Src/HandCotrol.c:574:6:Rcv_FL_2_StartInstr	0	static
../Core/Src/HandCotrol.c:628:6:HandProtezRecvInstructionCorrectToReverse	24	static
../Core/Src/HandCotrol.c:856:6:HandProtezUSBConnectHandler	0	static
../Core/Src/HandCotrol.c:863:12:CheckStateAllMotor	8	static
../Core/Src/HandCotrol.c:877:6:Init_TimerMotor	0	static
../Core/Src/HandCotrol.c:892:6:ADC_Timer2_Init	40	static
../Core/Src/HandCotrol.c:920:6:ADC_Setchannel	0	static
../Core/Src/HandCotrol.c:924:6:PR_ADC_Init	64	dynamic
../Core/Src/HandCotrol.c:469:6:FL_1_HandProtezStartInstruction	48	static
../Core/Src/HandCotrol.c:464:6:Rcv_FL_1_StartInstr	0	static
../Core/Src/HandCotrol.c:738:6:HandProtezRecvInstruction	96	static
../Core/Src/HandCotrol.c:978:6:ProtezInit	24	static
../Core/Src/HandCotrol.c:1036:6:StartMeasurement	8	static
../Core/Src/HandCotrol.c:1042:6:StopMeasurement	8	static
