../Core/Src/stm32f4xx_it.c:83:6:NMI_Handler	0	static
../Core/Src/stm32f4xx_it.c:98:6:HardFault_Handler	0	static
../Core/Src/stm32f4xx_it.c:113:6:MemManage_Handler	0	static
../Core/Src/stm32f4xx_it.c:128:6:BusFault_Handler	0	static
../Core/Src/stm32f4xx_it.c:143:6:UsageFault_Handler	0	static
../Core/Src/stm32f4xx_it.c:158:6:SVC_Handler	0	static
../Core/Src/stm32f4xx_it.c:171:6:DebugMon_Handler	0	static
../Core/Src/stm32f4xx_it.c:184:6:PendSV_Handler	0	static
../Core/Src/stm32f4xx_it.c:197:6:SysTick_Handler	0	static
../Core/Src/stm32f4xx_it.c:218:6:EXTI1_IRQHandler	0	static
../Core/Src/stm32f4xx_it.c:232:6:EXTI3_IRQHandler	0	static
../Core/Src/stm32f4xx_it.c:246:6:EXTI9_5_IRQHandler	0	static
../Core/Src/stm32f4xx_it.c:260:6:TIM1_BRK_TIM9_IRQHandler	8	static
../Core/Src/stm32f4xx_it.c:277:6:TIM1_UP_TIM10_IRQHandler	8	static
../Core/Src/stm32f4xx_it.c:297:6:TIM1_TRG_COM_TIM11_IRQHandler	8	static
../Core/Src/stm32f4xx_it.c:318:6:TIM2_IRQHandler	0	static
../Core/Src/stm32f4xx_it.c:334:6:EXTI15_10_IRQHandler	8	static
../Core/Src/stm32f4xx_it.c:350:6:DMA2_Stream0_IRQHandler	0	static
../Core/Src/stm32f4xx_it.c:364:6:DMA2_Stream1_IRQHandler	0	static
../Core/Src/stm32f4xx_it.c:378:6:OTG_FS_IRQHandler	0	static
../Core/Src/stm32f4xx_it.c:392:6:DMA2_Stream6_IRQHandler	0	static
../Core/Src/stm32f4xx_it.c:406:6:USART6_IRQHandler	0	static
