../Core/Src/stm32f4xx_it.c:81:6:NMI_Handler	0	static
../Core/Src/stm32f4xx_it.c:96:6:HardFault_Handler	0	static
../Core/Src/stm32f4xx_it.c:111:6:MemManage_Handler	0	static
../Core/Src/stm32f4xx_it.c:126:6:BusFault_Handler	0	static
../Core/Src/stm32f4xx_it.c:141:6:UsageFault_Handler	0	static
../Core/Src/stm32f4xx_it.c:156:6:SVC_Handler	0	static
../Core/Src/stm32f4xx_it.c:169:6:DebugMon_Handler	0	static
../Core/Src/stm32f4xx_it.c:182:6:PendSV_Handler	0	static
../Core/Src/stm32f4xx_it.c:195:6:SysTick_Handler	0	static
../Core/Src/stm32f4xx_it.c:216:6:EXTI1_IRQHandler	0	static
../Core/Src/stm32f4xx_it.c:230:6:EXTI3_IRQHandler	0	static
../Core/Src/stm32f4xx_it.c:244:6:EXTI9_5_IRQHandler	0	static
../Core/Src/stm32f4xx_it.c:258:6:TIM1_TRG_COM_TIM11_IRQHandler	24	static
../Core/Src/stm32f4xx_it.c:299:6:TIM2_IRQHandler	0	static
../Core/Src/stm32f4xx_it.c:318:6:TIM3_IRQHandler	0	static
../Core/Src/stm32f4xx_it.c:332:6:TIM4_IRQHandler	0	static
../Core/Src/stm32f4xx_it.c:346:6:EXTI15_10_IRQHandler	8	static
../Core/Src/stm32f4xx_it.c:362:6:TIM5_IRQHandler	0	static
../Core/Src/stm32f4xx_it.c:376:6:DMA2_Stream0_IRQHandler	0	static
../Core/Src/stm32f4xx_it.c:390:6:OTG_FS_IRQHandler	0	static
../Core/Src/stm32f4xx_it.c:404:6:USART6_IRQHandler	0	static
