../Core/ProtezLib/ProtezHandADC.cpp:19:1:ProtezHandADC::ProtezHandADC(ADC_HandleTypeDef*, TIM_HandleTypeDef*)	0	static
../Core/ProtezLib/ProtezHandADC.cpp:24:1:ProtezHandADC::~ProtezHandADC()	0	static
../Core/ProtezLib/ProtezHandADC.cpp:26:6:void ProtezHandADC::setNumberChannels(uint32_t)	0	static
../Core/ProtezLib/ProtezHandADC.cpp:31:9:uint8_t ProtezHandADC::getNumberChannels()	0	static
../Core/ProtezLib/ProtezHandADC.cpp:35:6:void ProtezHandADC::setPoints(uint32_t)	0	static
../Core/ProtezLib/ProtezHandADC.cpp:40:10:uint32_t ProtezHandADC::getPoints()	0	static
../Core/ProtezLib/ProtezHandADC.cpp:45:6:void ProtezHandADC::ADC_TimerInit()	40	static
../Core/ProtezLib/ProtezHandADC.cpp:112:6:void ProtezHandADC::setConfiguredChannels(uint8_t)	0	static
../Core/ProtezLib/ProtezHandADC.cpp:116:9:uint8_t ProtezHandADC::getConfiguredChannels()	0	static
../Core/ProtezLib/ProtezHandADC.cpp:120:6:void ProtezHandADC::setPackSizeData(uint32_t)	0	static
../Core/ProtezLib/ProtezHandADC.cpp:125:10:uint32_t ProtezHandADC::getPackSizeData()	0	static
../Core/ProtezLib/ProtezHandADC.cpp:131:6:void ProtezHandADC::StartADC()	8	static
../Core/ProtezLib/ProtezHandADC.cpp:139:6:void ProtezHandADC::StopADC()	8	static
../Core/ProtezLib/ProtezHandADC.cpp:148:6:void ProtezHandADC::setStateADC(PrHand_GLB_ADCState)	0	static
../Core/ProtezLib/ProtezHandADC.cpp:152:21:PrHand_GLB_ADCState ProtezHandADC::getEnabledADC()	24	static
../Core/ProtezLib/ProtezHandADC.cpp:159:21:PrHand_GLB_ADCState ProtezHandADC::getStateADC()	0	static
D:\Progs\STM32CubeIDE_1.17.0\STM32CubeIDE\plugins\com.st.stm32cube.ide.mcu.externaltools.gnu-tools-for-stm32.12.3.rel1.win32_1.1.0.202410251130\tools\bin/../lib/gcc/arm-none-eabi/12.3.1/../../../../arm-none-eabi/include/c++/12.3.1/bits/vector.tcc:439:7:) [with _Args = {const PrHand_Motor_typedef&}; _Tp = PrHand_Motor_typedef; _Alloc = std::allocator<PrHand_Motor_typedef>]	40	static
../Core/ProtezLib/ProtezHandADC.cpp:67:6:void ProtezHandADC::ADC_Init()	2152	static
