../Core/Src/HandCotrol.c:97:17:Motor_Settings	224	static
../Core/Src/HandCotrol.c:139:6:Motor_SettingsEncoder	24	static
../Core/Src/HandCotrol.c:145:6:Motor_SettingsSupEncoder	24	static
../Core/Src/HandCotrol.c:162:6:FL_1_Motor_SetDuty	24	static
../Core/Src/HandCotrol.c:200:6:FL_2_Motor_SetDuty	24	static
../Core/Src/HandCotrol.c:251:6:FL_1_Motor_ContinuousDuty	16	static
../Core/Src/HandCotrol.c:264:6:FL_2_Motor_ContinuousDuty	16	static
../Core/Src/HandCotrol.c:283:6:FL_1_Motor_SetTimeSettings	16	static
../Core/Src/HandCotrol.c:289:6:FL_2_Motor_SetTimeSettings	16	static
../Core/Src/HandCotrol.c:295:6:FL_1_Motor_Start	16	static
../Core/Src/HandCotrol.c:305:6:FL_2_Motor_Start	16	static
../Core/Src/HandCotrol.c:325:6:FL_1_Motor_Stop	16	static
../Core/Src/HandCotrol.c:348:6:FL_2_Motor_Stop	16	static
../Core/Src/HandCotrol.c:371:11:Rcv_ChechFlags	40	static
../Core/Src/HandCotrol.c:495:9:Rcv_FL_1_SelectMotor	16	static
../Core/Src/HandCotrol.c:499:11:Rcv_FL_1_SelectMotorDir	24	static
../Core/Src/HandCotrol.c:512:6:Rcv_FL_1_SetPwm	16	static
../Core/Src/HandCotrol.c:521:6:Rcv_FL_1_SetTime	16	static
../Core/Src/HandCotrol.c:526:6:Rcv_FL_1_SetDelay	16	static
../Core/Src/HandCotrol.c:531:6:Rcv_FL_1_SetADC	16	static
../Core/Src/HandCotrol.c:546:6:Rcv_FL_1_StartInstr	16	static
../Core/Src/HandCotrol.c:559:6:FL_1_HandProtezStartInstruction	24	static
../Core/Src/HandCotrol.c:580:6:FL_1_ETEMode_Enable	16	static
../Core/Src/HandCotrol.c:589:9:Rcv_FL_2_SelectMotor	16	static
../Core/Src/HandCotrol.c:593:11:Rcv_FL_2_SelectMotorDir	24	static
../Core/Src/HandCotrol.c:607:6:Rcv_FL_2_SetAngle	16	static
../Core/Src/HandCotrol.c:630:6:Rcv_FL_2_SetTime	16	static
../Core/Src/HandCotrol.c:635:6:Rcv_FL_2_SetSpeed	16	static
../Core/Src/HandCotrol.c:640:6:Rcv_FL_2_SetDelay	16	static
../Core/Src/HandCotrol.c:645:6:Rcv_FL_2_SetFeedBack	16	static
../Core/Src/HandCotrol.c:658:6:Rcv_FL_2_SetADC	16	static
../Core/Src/HandCotrol.c:673:6:Rcv_FL_2_StartInstr	16	static
../Core/Src/HandCotrol.c:677:6:FL_2_HandProtezStartInstruction	16	static
../Core/Src/HandCotrol.c:733:6:HandProtezRecvInstructionCorrectToReverse	32	static
../Core/Src/HandCotrol.c:843:6:HandProtezRecvInstruction	200	dynamic
../Core/Src/HandCotrol.c:1244:6:HandProtezRecvInstructionOtherSide	192	dynamic
../Core/Src/HandCotrol.c:1429:6:HandProtezUSBConnectHandler	4	static
../Core/Src/HandCotrol.c:1436:12:CheckStateAllMotor	16	static
../Core/Src/HandCotrol.c:1450:6:Init_TimerMotor	4	static
../Core/Src/HandCotrol.c:1465:6:ADC_Timer2_Init	40	static
../Core/Src/HandCotrol.c:1493:6:ADC_Setchannel	16	static
../Core/Src/HandCotrol.c:1497:6:PR_ADC_Init	72	dynamic
../Core/Src/HandCotrol.c:1552:6:ProtezInit	224	static
../Core/Src/HandCotrol.c:1611:6:StartMeasurement	8	static
../Core/Src/HandCotrol.c:1617:6:StopMeasurement	8	static
