../Core/Src/HandCotrol.c:89:17:Motor_Settings	128	static
../Core/Src/HandCotrol.c:132:6:FL_1_Motor_SetDuty	24	static
../Core/Src/HandCotrol.c:147:6:FL_2_Motor_SetDuty	24	static
../Core/Src/HandCotrol.c:162:6:FL_1_Motor_ContinuousDuty	16	static
../Core/Src/HandCotrol.c:175:6:FL_2_Motor_ContinuousDuty	16	static
../Core/Src/HandCotrol.c:203:6:FL_1_Motor_SetTimeSettings	16	static
../Core/Src/HandCotrol.c:209:6:FL_2_Motor_SetTimeSettings	16	static
../Core/Src/HandCotrol.c:215:6:FL_1_Motor_Start	16	static
../Core/Src/HandCotrol.c:225:6:FL_2_Motor_Start	16	static
../Core/Src/HandCotrol.c:248:6:FL_1_Motor_Stop	16	static
../Core/Src/HandCotrol.c:271:6:FL_2_Motor_Stop	16	static
../Core/Src/HandCotrol.c:294:11:Rcv_ChechFlags	40	static
../Core/Src/HandCotrol.c:415:9:Rcv_FL_1_SelectMotor	16	static
../Core/Src/HandCotrol.c:419:16:Rcv_FL_1_SelectMotorDir	24	static
../Core/Src/HandCotrol.c:432:6:Rcv_FL_1_SetPwm	16	static
../Core/Src/HandCotrol.c:441:6:Rcv_FL_1_SetTime	16	static
../Core/Src/HandCotrol.c:446:6:Rcv_FL_1_SetDelay	16	static
../Core/Src/HandCotrol.c:451:6:Rcv_FL_1_SetADC	16	static
../Core/Src/HandCotrol.c:466:6:Rcv_FL_1_StartInstr	16	static
../Core/Src/HandCotrol.c:471:6:FL_1_HandProtezStartInstruction	24	static
../Core/Src/HandCotrol.c:497:9:Rcv_FL_2_SelectMotor	16	static
../Core/Src/HandCotrol.c:501:16:Rcv_FL_2_SelectMotorDir	24	static
../Core/Src/HandCotrol.c:511:6:Rcv_FL_2_SetAngle	16	static
../Core/Src/HandCotrol.c:534:6:Rcv_FL_2_SetTime	16	static
../Core/Src/HandCotrol.c:539:6:Rcv_FL_2_SetSpeed	16	static
../Core/Src/HandCotrol.c:544:6:Rcv_FL_2_SetDelay	16	static
../Core/Src/HandCotrol.c:549:6:Rcv_FL_2_SetFeedBack	16	static
../Core/Src/HandCotrol.c:562:6:Rcv_FL_2_SetADC	16	static
../Core/Src/HandCotrol.c:577:6:Rcv_FL_2_StartInstr	16	static
../Core/Src/HandCotrol.c:581:6:FL_2_HandProtezStartInstruction	16	static
../Core/Src/HandCotrol.c:631:6:HandProtezRecvInstructionCorrectToReverse	32	static
../Core/Src/HandCotrol.c:741:6:HandProtezRecvInstruction	288	dynamic
../Core/Src/HandCotrol.c:1015:6:HandProtezUSBConnectHandler	4	static
../Core/Src/HandCotrol.c:1022:12:CheckStateAllMotor	16	static
../Core/Src/HandCotrol.c:1036:6:Init_TimerMotor	4	static
../Core/Src/HandCotrol.c:1051:6:ADC_Timer2_Init	40	static
../Core/Src/HandCotrol.c:1079:6:ADC_Setchannel	16	static
../Core/Src/HandCotrol.c:1083:6:PR_ADC_Init	72	dynamic
../Core/Src/HandCotrol.c:1138:6:ProtezInit	128	static
../Core/Src/HandCotrol.c:1196:6:StartMeasurement	8	static
../Core/Src/HandCotrol.c:1202:6:StopMeasurement	8	static
