../Core/Src/HandCotrol.c:76:17:Motor_Settings	128	static
../Core/Src/HandCotrol.c:119:6:FL_1_Motor_SetDuty	24	static
../Core/Src/HandCotrol.c:134:6:FL_2_Motor_SetDuty	24	static
../Core/Src/HandCotrol.c:149:6:FL_1_Motor_ContinuousDuty	16	static
../Core/Src/HandCotrol.c:162:6:FL_2_Motor_ContinuousDuty	16	static
../Core/Src/HandCotrol.c:190:6:FL_1_Motor_SetTimeSettings	16	static
../Core/Src/HandCotrol.c:196:6:FL_2_Motor_SetTimeSettings	16	static
../Core/Src/HandCotrol.c:202:6:FL_1_Motor_Start	16	static
../Core/Src/HandCotrol.c:212:6:FL_2_Motor_Start	16	static
../Core/Src/HandCotrol.c:235:6:FL_1_Motor_Stop	16	static
../Core/Src/HandCotrol.c:258:6:FL_2_Motor_Stop	16	static
../Core/Src/HandCotrol.c:281:11:Rcv_ChechFlags	40	static
../Core/Src/HandCotrol.c:382:9:Rcv_FL_1_SelectMotor	16	static
../Core/Src/HandCotrol.c:386:16:Rcv_FL_1_SelectMotorDir	24	static
../Core/Src/HandCotrol.c:399:6:Rcv_FL_1_SetPwm	16	static
../Core/Src/HandCotrol.c:408:6:Rcv_FL_1_SetTime	16	static
../Core/Src/HandCotrol.c:413:6:Rcv_FL_1_SetDelay	16	static
../Core/Src/HandCotrol.c:418:6:Rcv_FL_1_SetADC	16	static
../Core/Src/HandCotrol.c:433:6:Rcv_FL_1_StartInstr	16	static
../Core/Src/HandCotrol.c:438:6:FL_1_HandProtezStartInstruction	24	static
../Core/Src/HandCotrol.c:463:9:Rcv_FL_2_SelectMotor	16	static
../Core/Src/HandCotrol.c:467:16:Rcv_FL_2_SelectMotorDir	24	static
../Core/Src/HandCotrol.c:477:6:Rcv_FL_2_SetAngle	16	static
../Core/Src/HandCotrol.c:500:6:Rcv_FL_2_SetTime	16	static
../Core/Src/HandCotrol.c:505:6:Rcv_FL_2_SetSpeed	16	static
../Core/Src/HandCotrol.c:510:6:Rcv_FL_2_SetDelay	16	static
../Core/Src/HandCotrol.c:515:6:Rcv_FL_2_SetFeedBack	16	static
../Core/Src/HandCotrol.c:528:6:Rcv_FL_2_SetADC	16	static
../Core/Src/HandCotrol.c:543:6:Rcv_FL_2_StartInstr	16	static
../Core/Src/HandCotrol.c:547:6:FL_2_HandProtezStartInstruction	16	static
../Core/Src/HandCotrol.c:600:6:HandProtezRecvInstruction	48	static
../Core/Src/HandCotrol.c:704:12:CheckStateAllMotor	16	static
../Core/Src/HandCotrol.c:718:6:Init_TimerMotor	4	static
../Core/Src/HandCotrol.c:733:6:ADC_Timer2_Init	40	static
../Core/Src/HandCotrol.c:759:6:ADC_Setchannel	16	static
../Core/Src/HandCotrol.c:763:6:PR_ADC_Init	72	dynamic
../Core/Src/HandCotrol.c:814:6:ProtezInit	128	static
../Core/Src/HandCotrol.c:872:6:StartMeasurement	8	static
../Core/Src/HandCotrol.c:878:6:StopMeasurement	8	static
