../Core/Src/HandCotrol.c:95:17:Motor_Settings	128	static
../Core/Src/HandCotrol.c:138:6:FL_1_Motor_SetDuty	24	static
../Core/Src/HandCotrol.c:157:6:FL_2_Motor_SetDuty	24	static
../Core/Src/HandCotrol.c:176:6:FL_1_Motor_ContinuousDuty	16	static
../Core/Src/HandCotrol.c:189:6:FL_2_Motor_ContinuousDuty	16	static
../Core/Src/HandCotrol.c:208:6:FL_1_Motor_SetTimeSettings	16	static
../Core/Src/HandCotrol.c:214:6:FL_2_Motor_SetTimeSettings	16	static
../Core/Src/HandCotrol.c:220:6:FL_1_Motor_Start	16	static
../Core/Src/HandCotrol.c:230:6:FL_2_Motor_Start	16	static
../Core/Src/HandCotrol.c:253:6:FL_1_Motor_Stop	16	static
../Core/Src/HandCotrol.c:276:6:FL_2_Motor_Stop	16	static
../Core/Src/HandCotrol.c:299:11:Rcv_ChechFlags	40	static
../Core/Src/HandCotrol.c:419:9:Rcv_FL_1_SelectMotor	16	static
../Core/Src/HandCotrol.c:423:16:Rcv_FL_1_SelectMotorDir	24	static
../Core/Src/HandCotrol.c:436:6:Rcv_FL_1_SetPwm	16	static
../Core/Src/HandCotrol.c:445:6:Rcv_FL_1_SetTime	16	static
../Core/Src/HandCotrol.c:450:6:Rcv_FL_1_SetDelay	16	static
../Core/Src/HandCotrol.c:455:6:Rcv_FL_1_SetADC	16	static
../Core/Src/HandCotrol.c:470:6:Rcv_FL_1_StartInstr	16	static
../Core/Src/HandCotrol.c:475:6:FL_1_HandProtezStartInstruction	24	static
../Core/Src/HandCotrol.c:501:9:Rcv_FL_2_SelectMotor	16	static
../Core/Src/HandCotrol.c:505:16:Rcv_FL_2_SelectMotorDir	24	static
../Core/Src/HandCotrol.c:519:6:Rcv_FL_2_SetAngle	16	static
../Core/Src/HandCotrol.c:542:6:Rcv_FL_2_SetTime	16	static
../Core/Src/HandCotrol.c:547:6:Rcv_FL_2_SetSpeed	16	static
../Core/Src/HandCotrol.c:552:6:Rcv_FL_2_SetDelay	16	static
../Core/Src/HandCotrol.c:557:6:Rcv_FL_2_SetFeedBack	16	static
../Core/Src/HandCotrol.c:570:6:Rcv_FL_2_SetADC	16	static
../Core/Src/HandCotrol.c:585:6:Rcv_FL_2_StartInstr	16	static
../Core/Src/HandCotrol.c:589:6:FL_2_HandProtezStartInstruction	16	static
../Core/Src/HandCotrol.c:634:6:HandProtezRecvInstructionCorrectToReverse	32	static
../Core/Src/HandCotrol.c:744:6:HandProtezRecvInstruction	192	dynamic
../Core/Src/HandCotrol.c:1021:6:HandProtezUSBConnectHandler	4	static
../Core/Src/HandCotrol.c:1028:12:CheckStateAllMotor	16	static
../Core/Src/HandCotrol.c:1042:6:Init_TimerMotor	4	static
../Core/Src/HandCotrol.c:1057:6:ADC_Timer2_Init	40	static
../Core/Src/HandCotrol.c:1085:6:ADC_Setchannel	16	static
../Core/Src/HandCotrol.c:1089:6:PR_ADC_Init	72	dynamic
../Core/Src/HandCotrol.c:1144:6:ProtezInit	128	static
../Core/Src/HandCotrol.c:1208:6:StartMeasurement	8	static
../Core/Src/HandCotrol.c:1214:6:StopMeasurement	8	static
