../Core/Src/HandCotrol.c:69:17:Motor_Settings	120	static
../Core/Src/HandCotrol.c:112:6:FL_1_Motor_SetDuty	24	static
../Core/Src/HandCotrol.c:127:6:FL_2_Motor_SetDuty	24	static
../Core/Src/HandCotrol.c:142:6:FL_1_Motor_ContinuousDuty	16	static
../Core/Src/HandCotrol.c:155:6:FL_2_Motor_ContinuousDuty	16	static
../Core/Src/HandCotrol.c:183:6:FL_1_Motor_SetTimeSettings	16	static
../Core/Src/HandCotrol.c:189:6:FL_2_Motor_SetTimeSettings	16	static
../Core/Src/HandCotrol.c:195:6:FL_1_Motor_Start	16	static
../Core/Src/HandCotrol.c:205:6:FL_2_Motor_Start	16	static
../Core/Src/HandCotrol.c:228:6:FL_1_Motor_Stop	16	static
../Core/Src/HandCotrol.c:251:6:FL_2_Motor_Stop	16	static
../Core/Src/HandCotrol.c:274:11:Rcv_ChechFlags	40	static
../Core/Src/HandCotrol.c:375:9:Rcv_FL_1_SelectMotor	16	static
../Core/Src/HandCotrol.c:379:16:Rcv_FL_1_SelectMotorDir	24	static
../Core/Src/HandCotrol.c:392:6:Rcv_FL_1_SetPwm	16	static
../Core/Src/HandCotrol.c:401:6:Rcv_FL_1_SetTime	16	static
../Core/Src/HandCotrol.c:406:6:Rcv_FL_1_SetDelay	16	static
../Core/Src/HandCotrol.c:411:6:Rcv_FL_1_SetADC	16	static
../Core/Src/HandCotrol.c:426:6:Rcv_FL_1_StartInstr	16	static
../Core/Src/HandCotrol.c:431:6:FL_1_HandProtezStartInstruction	24	static
../Core/Src/HandCotrol.c:456:9:Rcv_FL_2_SelectMotor	16	static
../Core/Src/HandCotrol.c:460:16:Rcv_FL_2_SelectMotorDir	24	static
../Core/Src/HandCotrol.c:470:6:Rcv_FL_2_SetAngle	16	static
../Core/Src/HandCotrol.c:493:6:Rcv_FL_2_SetTime	16	static
../Core/Src/HandCotrol.c:498:6:Rcv_FL_2_SetSpeed	16	static
../Core/Src/HandCotrol.c:503:6:Rcv_FL_2_SetDelay	16	static
../Core/Src/HandCotrol.c:508:6:Rcv_FL_2_SetFeedBack	16	static
../Core/Src/HandCotrol.c:521:6:Rcv_FL_2_SetADC	16	static
../Core/Src/HandCotrol.c:536:6:Rcv_FL_2_StartInstr	16	static
../Core/Src/HandCotrol.c:540:6:FL_2_HandProtezStartInstruction	16	static
../Core/Src/HandCotrol.c:593:6:HandProtezRecvInstruction	48	static
../Core/Src/HandCotrol.c:694:12:CheckStateAllMotor	16	static
../Core/Src/HandCotrol.c:708:6:Init_TimerMotor	4	static
../Core/Src/HandCotrol.c:723:6:ADC_Timer2_Init	40	static
../Core/Src/HandCotrol.c:749:6:ADC_Setchannel	16	static
../Core/Src/HandCotrol.c:753:6:PR_ADC_Init	72	dynamic
../Core/Src/HandCotrol.c:804:6:ProtezInit	120	static
../Core/Src/HandCotrol.c:862:6:StartMeasurement	8	static
../Core/Src/HandCotrol.c:868:6:StopMeasurement	8	static
