../Core/Src/HandCotrol.c:94:17:Motor_Settings	136	static
../Core/Src/HandCotrol.c:136:6:Motor_SettingsEncoder	24	static
../Core/Src/HandCotrol.c:142:6:Motor_SettingsSupEncoder	24	static
../Core/Src/HandCotrol.c:159:6:FL_1_Motor_SetDuty	24	static
../Core/Src/HandCotrol.c:178:6:FL_2_Motor_SetDuty	24	static
../Core/Src/HandCotrol.c:197:6:FL_1_Motor_ContinuousDuty	16	static
../Core/Src/HandCotrol.c:210:6:FL_2_Motor_ContinuousDuty	16	static
../Core/Src/HandCotrol.c:229:6:FL_1_Motor_SetTimeSettings	16	static
../Core/Src/HandCotrol.c:235:6:FL_2_Motor_SetTimeSettings	16	static
../Core/Src/HandCotrol.c:241:6:FL_1_Motor_Start	16	static
../Core/Src/HandCotrol.c:251:6:FL_2_Motor_Start	16	static
../Core/Src/HandCotrol.c:274:6:FL_1_Motor_Stop	16	static
../Core/Src/HandCotrol.c:297:6:FL_2_Motor_Stop	16	static
../Core/Src/HandCotrol.c:320:11:Rcv_ChechFlags	40	static
../Core/Src/HandCotrol.c:440:9:Rcv_FL_1_SelectMotor	16	static
../Core/Src/HandCotrol.c:444:11:Rcv_FL_1_SelectMotorDir	24	static
../Core/Src/HandCotrol.c:457:6:Rcv_FL_1_SetPwm	16	static
../Core/Src/HandCotrol.c:466:6:Rcv_FL_1_SetTime	16	static
../Core/Src/HandCotrol.c:471:6:Rcv_FL_1_SetDelay	16	static
../Core/Src/HandCotrol.c:476:6:Rcv_FL_1_SetADC	16	static
../Core/Src/HandCotrol.c:491:6:Rcv_FL_1_StartInstr	16	static
../Core/Src/HandCotrol.c:496:6:FL_1_HandProtezStartInstruction	24	static
../Core/Src/HandCotrol.c:522:9:Rcv_FL_2_SelectMotor	16	static
../Core/Src/HandCotrol.c:526:11:Rcv_FL_2_SelectMotorDir	24	static
../Core/Src/HandCotrol.c:540:6:Rcv_FL_2_SetAngle	16	static
../Core/Src/HandCotrol.c:563:6:Rcv_FL_2_SetTime	16	static
../Core/Src/HandCotrol.c:568:6:Rcv_FL_2_SetSpeed	16	static
../Core/Src/HandCotrol.c:573:6:Rcv_FL_2_SetDelay	16	static
../Core/Src/HandCotrol.c:578:6:Rcv_FL_2_SetFeedBack	16	static
../Core/Src/HandCotrol.c:591:6:Rcv_FL_2_SetADC	16	static
../Core/Src/HandCotrol.c:606:6:Rcv_FL_2_StartInstr	16	static
../Core/Src/HandCotrol.c:610:6:FL_2_HandProtezStartInstruction	16	static
../Core/Src/HandCotrol.c:655:6:HandProtezRecvInstructionCorrectToReverse	32	static
../Core/Src/HandCotrol.c:765:6:HandProtezRecvInstruction	192	dynamic
../Core/Src/HandCotrol.c:1042:6:HandProtezUSBConnectHandler	4	static
../Core/Src/HandCotrol.c:1049:12:CheckStateAllMotor	16	static
../Core/Src/HandCotrol.c:1063:6:Init_TimerMotor	4	static
../Core/Src/HandCotrol.c:1078:6:ADC_Timer2_Init	40	static
../Core/Src/HandCotrol.c:1106:6:ADC_Setchannel	16	static
../Core/Src/HandCotrol.c:1110:6:PR_ADC_Init	72	dynamic
../Core/Src/HandCotrol.c:1165:6:ProtezInit	136	static
../Core/Src/HandCotrol.c:1224:6:StartMeasurement	8	static
../Core/Src/HandCotrol.c:1230:6:StopMeasurement	8	static
