../Core/Src/HandCotrol.c:95:17:Motor_Settings	128	static
../Core/Src/HandCotrol.c:138:6:FL_1_Motor_SetDuty	24	static
../Core/Src/HandCotrol.c:153:6:FL_2_Motor_SetDuty	24	static
../Core/Src/HandCotrol.c:168:6:FL_1_Motor_ContinuousDuty	16	static
../Core/Src/HandCotrol.c:181:6:FL_2_Motor_ContinuousDuty	16	static
../Core/Src/HandCotrol.c:209:6:FL_1_Motor_SetTimeSettings	16	static
../Core/Src/HandCotrol.c:215:6:FL_2_Motor_SetTimeSettings	16	static
../Core/Src/HandCotrol.c:221:6:FL_1_Motor_Start	16	static
../Core/Src/HandCotrol.c:231:6:FL_2_Motor_Start	16	static
../Core/Src/HandCotrol.c:254:6:FL_1_Motor_Stop	16	static
../Core/Src/HandCotrol.c:277:6:FL_2_Motor_Stop	16	static
../Core/Src/HandCotrol.c:300:11:Rcv_ChechFlags	40	static
../Core/Src/HandCotrol.c:421:9:Rcv_FL_1_SelectMotor	16	static
../Core/Src/HandCotrol.c:425:16:Rcv_FL_1_SelectMotorDir	24	static
../Core/Src/HandCotrol.c:438:6:Rcv_FL_1_SetPwm	16	static
../Core/Src/HandCotrol.c:447:6:Rcv_FL_1_SetTime	16	static
../Core/Src/HandCotrol.c:452:6:Rcv_FL_1_SetDelay	16	static
../Core/Src/HandCotrol.c:457:6:Rcv_FL_1_SetADC	16	static
../Core/Src/HandCotrol.c:472:6:Rcv_FL_1_StartInstr	16	static
../Core/Src/HandCotrol.c:477:6:FL_1_HandProtezStartInstruction	24	static
../Core/Src/HandCotrol.c:503:9:Rcv_FL_2_SelectMotor	16	static
../Core/Src/HandCotrol.c:507:16:Rcv_FL_2_SelectMotorDir	24	static
../Core/Src/HandCotrol.c:517:6:Rcv_FL_2_SetAngle	16	static
../Core/Src/HandCotrol.c:540:6:Rcv_FL_2_SetTime	16	static
../Core/Src/HandCotrol.c:545:6:Rcv_FL_2_SetSpeed	16	static
../Core/Src/HandCotrol.c:550:6:Rcv_FL_2_SetDelay	16	static
../Core/Src/HandCotrol.c:555:6:Rcv_FL_2_SetFeedBack	16	static
../Core/Src/HandCotrol.c:568:6:Rcv_FL_2_SetADC	16	static
../Core/Src/HandCotrol.c:583:6:Rcv_FL_2_StartInstr	16	static
../Core/Src/HandCotrol.c:587:6:FL_2_HandProtezStartInstruction	16	static
../Core/Src/HandCotrol.c:637:6:HandProtezRecvInstructionCorrectToReverse	32	static
../Core/Src/HandCotrol.c:747:6:HandProtezRecvInstruction	288	dynamic
../Core/Src/HandCotrol.c:1024:6:HandProtezUSBConnectHandler	4	static
../Core/Src/HandCotrol.c:1031:12:CheckStateAllMotor	16	static
../Core/Src/HandCotrol.c:1045:6:Init_TimerMotor	4	static
../Core/Src/HandCotrol.c:1060:6:ADC_Timer2_Init	40	static
../Core/Src/HandCotrol.c:1088:6:ADC_Setchannel	16	static
../Core/Src/HandCotrol.c:1092:6:PR_ADC_Init	72	dynamic
../Core/Src/HandCotrol.c:1147:6:ProtezInit	128	static
../Core/Src/HandCotrol.c:1205:6:StartMeasurement	8	static
../Core/Src/HandCotrol.c:1211:6:StopMeasurement	8	static
