../Core/Src/HandCotrol.c:85:17:Motor_Settings	128	static
../Core/Src/HandCotrol.c:128:6:FL_1_Motor_SetDuty	24	static
../Core/Src/HandCotrol.c:143:6:FL_2_Motor_SetDuty	24	static
../Core/Src/HandCotrol.c:158:6:FL_1_Motor_ContinuousDuty	16	static
../Core/Src/HandCotrol.c:171:6:FL_2_Motor_ContinuousDuty	16	static
../Core/Src/HandCotrol.c:199:6:FL_1_Motor_SetTimeSettings	16	static
../Core/Src/HandCotrol.c:205:6:FL_2_Motor_SetTimeSettings	16	static
../Core/Src/HandCotrol.c:211:6:FL_1_Motor_Start	16	static
../Core/Src/HandCotrol.c:221:6:FL_2_Motor_Start	16	static
../Core/Src/HandCotrol.c:244:6:FL_1_Motor_Stop	16	static
../Core/Src/HandCotrol.c:267:6:FL_2_Motor_Stop	16	static
../Core/Src/HandCotrol.c:290:11:Rcv_ChechFlags	40	static
../Core/Src/HandCotrol.c:411:9:Rcv_FL_1_SelectMotor	16	static
../Core/Src/HandCotrol.c:415:16:Rcv_FL_1_SelectMotorDir	24	static
../Core/Src/HandCotrol.c:428:6:Rcv_FL_1_SetPwm	16	static
../Core/Src/HandCotrol.c:437:6:Rcv_FL_1_SetTime	16	static
../Core/Src/HandCotrol.c:442:6:Rcv_FL_1_SetDelay	16	static
../Core/Src/HandCotrol.c:447:6:Rcv_FL_1_SetADC	16	static
../Core/Src/HandCotrol.c:462:6:Rcv_FL_1_StartInstr	16	static
../Core/Src/HandCotrol.c:467:6:FL_1_HandProtezStartInstruction	24	static
../Core/Src/HandCotrol.c:492:9:Rcv_FL_2_SelectMotor	16	static
../Core/Src/HandCotrol.c:496:16:Rcv_FL_2_SelectMotorDir	24	static
../Core/Src/HandCotrol.c:506:6:Rcv_FL_2_SetAngle	16	static
../Core/Src/HandCotrol.c:529:6:Rcv_FL_2_SetTime	16	static
../Core/Src/HandCotrol.c:534:6:Rcv_FL_2_SetSpeed	16	static
../Core/Src/HandCotrol.c:539:6:Rcv_FL_2_SetDelay	16	static
../Core/Src/HandCotrol.c:544:6:Rcv_FL_2_SetFeedBack	16	static
../Core/Src/HandCotrol.c:557:6:Rcv_FL_2_SetADC	16	static
../Core/Src/HandCotrol.c:572:6:Rcv_FL_2_StartInstr	16	static
../Core/Src/HandCotrol.c:576:6:FL_2_HandProtezStartInstruction	16	static
../Core/Src/HandCotrol.c:626:6:HandProtezRecvInstructionCorrectToReverse	32	static
../Core/Src/HandCotrol.c:736:6:HandProtezRecvInstruction	96	static
../Core/Src/HandCotrol.c:854:6:HandProtezUSBConnectHandler	4	static
../Core/Src/HandCotrol.c:861:12:CheckStateAllMotor	16	static
../Core/Src/HandCotrol.c:875:6:Init_TimerMotor	4	static
../Core/Src/HandCotrol.c:890:6:ADC_Timer2_Init	40	static
../Core/Src/HandCotrol.c:917:6:ADC_Setchannel	16	static
../Core/Src/HandCotrol.c:921:6:PR_ADC_Init	72	dynamic
../Core/Src/HandCotrol.c:973:6:ProtezInit	128	static
../Core/Src/HandCotrol.c:1031:6:StartMeasurement	8	static
../Core/Src/HandCotrol.c:1037:6:StopMeasurement	8	static
