../Core/Src/HandCotrol.c:96:17:Motor_Settings	224	static
../Core/Src/HandCotrol.c:138:6:Motor_SettingsEncoder	24	static
../Core/Src/HandCotrol.c:144:6:Motor_SettingsSupEncoder	24	static
../Core/Src/HandCotrol.c:161:6:FL_1_Motor_SetDuty	24	static
../Core/Src/HandCotrol.c:199:6:FL_2_Motor_SetDuty	24	static
../Core/Src/HandCotrol.c:250:6:FL_1_Motor_ContinuousDuty	16	static
../Core/Src/HandCotrol.c:263:6:FL_2_Motor_ContinuousDuty	16	static
../Core/Src/HandCotrol.c:282:6:FL_1_Motor_SetTimeSettings	16	static
../Core/Src/HandCotrol.c:288:6:FL_2_Motor_SetTimeSettings	16	static
../Core/Src/HandCotrol.c:294:6:FL_1_Motor_Start	16	static
../Core/Src/HandCotrol.c:304:6:FL_2_Motor_Start	16	static
../Core/Src/HandCotrol.c:324:6:FL_1_Motor_Stop	16	static
../Core/Src/HandCotrol.c:347:6:FL_2_Motor_Stop	16	static
../Core/Src/HandCotrol.c:370:11:Rcv_ChechFlags	40	static
../Core/Src/HandCotrol.c:490:9:Rcv_FL_1_SelectMotor	16	static
../Core/Src/HandCotrol.c:494:11:Rcv_FL_1_SelectMotorDir	24	static
../Core/Src/HandCotrol.c:507:6:Rcv_FL_1_SetPwm	16	static
../Core/Src/HandCotrol.c:516:6:Rcv_FL_1_SetTime	16	static
../Core/Src/HandCotrol.c:521:6:Rcv_FL_1_SetDelay	16	static
../Core/Src/HandCotrol.c:526:6:Rcv_FL_1_SetADC	16	static
../Core/Src/HandCotrol.c:541:6:Rcv_FL_1_StartInstr	16	static
../Core/Src/HandCotrol.c:546:6:FL_1_HandProtezStartInstruction	24	static
../Core/Src/HandCotrol.c:572:9:Rcv_FL_2_SelectMotor	16	static
../Core/Src/HandCotrol.c:576:11:Rcv_FL_2_SelectMotorDir	24	static
../Core/Src/HandCotrol.c:590:6:Rcv_FL_2_SetAngle	16	static
../Core/Src/HandCotrol.c:613:6:Rcv_FL_2_SetTime	16	static
../Core/Src/HandCotrol.c:618:6:Rcv_FL_2_SetSpeed	16	static
../Core/Src/HandCotrol.c:623:6:Rcv_FL_2_SetDelay	16	static
../Core/Src/HandCotrol.c:628:6:Rcv_FL_2_SetFeedBack	16	static
../Core/Src/HandCotrol.c:641:6:Rcv_FL_2_SetADC	16	static
../Core/Src/HandCotrol.c:656:6:Rcv_FL_2_StartInstr	16	static
../Core/Src/HandCotrol.c:660:6:FL_2_HandProtezStartInstruction	16	static
../Core/Src/HandCotrol.c:716:6:HandProtezRecvInstructionCorrectToReverse	32	static
../Core/Src/HandCotrol.c:826:6:HandProtezRecvInstruction	192	dynamic
../Core/Src/HandCotrol.c:1103:6:HandProtezUSBConnectHandler	4	static
../Core/Src/HandCotrol.c:1110:12:CheckStateAllMotor	16	static
../Core/Src/HandCotrol.c:1124:6:Init_TimerMotor	4	static
../Core/Src/HandCotrol.c:1139:6:ADC_Timer2_Init	40	static
../Core/Src/HandCotrol.c:1167:6:ADC_Setchannel	16	static
../Core/Src/HandCotrol.c:1171:6:PR_ADC_Init	72	dynamic
../Core/Src/HandCotrol.c:1226:6:ProtezInit	224	static
../Core/Src/HandCotrol.c:1285:6:StartMeasurement	8	static
../Core/Src/HandCotrol.c:1291:6:StopMeasurement	8	static
