../Core/Src/HandCotrol.c:70:17:Motor_Settings	112	static
../Core/Src/HandCotrol.c:113:6:FL_1_Motor_SetDuty	24	static
../Core/Src/HandCotrol.c:128:6:FL_2_Motor_SetDuty	24	static
../Core/Src/HandCotrol.c:143:6:FL_1_Motor_ContinuousDuty	16	static
../Core/Src/HandCotrol.c:156:6:FL_2_Motor_ContinuousDuty	16	static
../Core/Src/HandCotrol.c:184:6:FL_1_Motor_SetTimeSettings	16	static
../Core/Src/HandCotrol.c:190:6:FL_2_Motor_SetTimeSettings	16	static
../Core/Src/HandCotrol.c:196:6:FL_1_Motor_Start	16	static
../Core/Src/HandCotrol.c:206:6:FL_2_Motor_Start	16	static
../Core/Src/HandCotrol.c:229:6:FL_1_Motor_Stop	16	static
../Core/Src/HandCotrol.c:252:6:FL_2_Motor_Stop	16	static
../Core/Src/HandCotrol.c:275:11:Rcv_ChechFlags	40	static
../Core/Src/HandCotrol.c:383:9:Rcv_FL_1_SelectMotor	16	static
../Core/Src/HandCotrol.c:387:16:Rcv_FL_1_SelectMotorDir	24	static
../Core/Src/HandCotrol.c:400:6:Rcv_FL_1_SetPwm	16	static
../Core/Src/HandCotrol.c:409:6:Rcv_FL_1_SetTime	16	static
../Core/Src/HandCotrol.c:414:6:Rcv_FL_1_SetDelay	16	static
../Core/Src/HandCotrol.c:419:6:Rcv_FL_1_SetADC	16	static
../Core/Src/HandCotrol.c:434:6:Rcv_FL_1_StartInstr	16	static
../Core/Src/HandCotrol.c:439:6:FL_1_HandProtezStartInstruction	24	static
../Core/Src/HandCotrol.c:464:9:Rcv_FL_2_SelectMotor	16	static
../Core/Src/HandCotrol.c:468:16:Rcv_FL_2_SelectMotorDir	24	static
../Core/Src/HandCotrol.c:478:6:Rcv_FL_2_SetAngle	16	static
../Core/Src/HandCotrol.c:501:6:Rcv_FL_2_SetTime	16	static
../Core/Src/HandCotrol.c:506:6:Rcv_FL_2_SetSpeed	16	static
../Core/Src/HandCotrol.c:511:6:Rcv_FL_2_SetDelay	16	static
../Core/Src/HandCotrol.c:516:6:Rcv_FL_2_SetFeedBack	16	static
../Core/Src/HandCotrol.c:529:6:Rcv_FL_2_SetADC	16	static
../Core/Src/HandCotrol.c:544:6:Rcv_FL_2_StartInstr	16	static
../Core/Src/HandCotrol.c:548:6:FL_2_HandProtezStartInstruction	16	static
../Core/Src/HandCotrol.c:601:6:HandProtezRecvInstruction	48	static
../Core/Src/HandCotrol.c:698:12:CheckStateAllMotor	16	static
../Core/Src/HandCotrol.c:712:6:Init_TimerMotor	4	static
../Core/Src/HandCotrol.c:727:6:ADC_Timer2_Init	40	static
../Core/Src/HandCotrol.c:753:6:ADC_Setchannel	16	static
../Core/Src/HandCotrol.c:757:6:PR_ADC_Init	72	dynamic
../Core/Src/HandCotrol.c:808:6:ProtezInit	112	static
../Core/Src/HandCotrol.c:866:6:StartMeasurement	8	static
../Core/Src/HandCotrol.c:872:6:StopMeasurement	8	static
