../Core/Src/main.c:136:5:main	2
../Core/Src/main.c:213:6:SystemClock_Config	3
../Core/Src/main.c:259:13:MX_ADC1_Init	8
../Core/Src/main.c:356:13:MX_TIM1_Init	8
../Core/Src/main.c:435:13:MX_TIM2_Init	4
../Core/Src/main.c:480:13:MX_TIM3_Init	9
../Core/Src/main.c:551:13:MX_TIM4_Init	9
../Core/Src/main.c:622:13:MX_TIM5_Init	7
../Core/Src/main.c:685:13:MX_TIM9_Init	3
../Core/Src/main.c:723:13:MX_TIM10_Init	2
../Core/Src/main.c:754:13:MX_TIM11_Init	2
../Core/Src/main.c:785:13:MX_USART6_UART_Init	2
../Core/Src/main.c:816:13:MX_DMA_Init	1
../Core/Src/main.c:834:13:MX_GPIO_Init	1
../Core/Src/main.c:925:6:HAL_ADC_ConvHalfCpltCallback	1
../Core/Src/main.c:935:6:HAL_ADC_ConvCpltCallback	1
../Core/Src/main.c:944:6:HAL_GPIO_EXTI_Callback	14
../Core/Src/main.c:1164:6:HAL_UART_RxCpltCallback	3
../Core/Src/main.c:1189:6:Error_Handler	1
