../Core/Src/main.c:136:5:main	16	static
../Core/Src/main.c:212:6:SystemClock_Config	88	static
../Core/Src/main.c:258:13:MX_ADC1_Init	24	static
../Core/Src/main.c:355:13:MX_TIM1_Init	96	static
../Core/Src/main.c:434:13:MX_TIM2_Init	32	static
../Core/Src/main.c:479:13:MX_TIM3_Init	64	static
../Core/Src/main.c:550:13:MX_TIM4_Init	64	static
../Core/Src/main.c:621:13:MX_TIM5_Init	64	static
../Core/Src/main.c:684:13:MX_TIM9_Init	24	static
../Core/Src/main.c:722:13:MX_TIM10_Init	8	static
../Core/Src/main.c:753:13:MX_TIM11_Init	8	static
../Core/Src/main.c:784:13:MX_USART6_UART_Init	8	static
../Core/Src/main.c:815:13:MX_DMA_Init	16	static
../Core/Src/main.c:833:13:MX_GPIO_Init	48	static
../Core/Src/main.c:924:6:HAL_ADC_ConvHalfCpltCallback	16	static
../Core/Src/main.c:934:6:HAL_ADC_ConvCpltCallback	16	static
../Core/Src/main.c:943:6:HAL_GPIO_EXTI_Callback	32	static
../Core/Src/main.c:1163:6:HAL_UART_RxCpltCallback	72	static
../Core/Src/main.c:1195:6:Error_Handler	4	static,ignoring_inline_asm
