../Core/Src/stm32f4xx_it.c:115:6:NMI_Handler	4	static
../Core/Src/stm32f4xx_it.c:130:6:HardFault_Handler	4	static
../Core/Src/stm32f4xx_it.c:145:6:MemManage_Handler	4	static
../Core/Src/stm32f4xx_it.c:160:6:BusFault_Handler	4	static
../Core/Src/stm32f4xx_it.c:175:6:UsageFault_Handler	4	static
../Core/Src/stm32f4xx_it.c:190:6:SVC_Handler	4	static
../Core/Src/stm32f4xx_it.c:203:6:DebugMon_Handler	4	static
../Core/Src/stm32f4xx_it.c:216:6:PendSV_Handler	4	static
../Core/Src/stm32f4xx_it.c:229:6:SysTick_Handler	8	static
../Core/Src/stm32f4xx_it.c:250:6:EXTI1_IRQHandler	8	static
../Core/Src/stm32f4xx_it.c:264:6:EXTI3_IRQHandler	8	static
../Core/Src/stm32f4xx_it.c:278:6:EXTI9_5_IRQHandler	8	static
../Core/Src/stm32f4xx_it.c:292:6:TIM1_BRK_TIM9_IRQHandler	16	static
../Core/Src/stm32f4xx_it.c:354:6:TIM1_UP_TIM10_IRQHandler	16	static
../Core/Src/stm32f4xx_it.c:395:6:TIM1_TRG_COM_TIM11_IRQHandler	32	static
../Core/Src/stm32f4xx_it.c:529:6:TIM2_IRQHandler	8	static
../Core/Src/stm32f4xx_it.c:548:6:EXTI15_10_IRQHandler	8	static
../Core/Src/stm32f4xx_it.c:564:6:DMA2_Stream0_IRQHandler	8	static
../Core/Src/stm32f4xx_it.c:578:6:DMA2_Stream1_IRQHandler	8	static
../Core/Src/stm32f4xx_it.c:592:6:OTG_FS_IRQHandler	8	static
../Core/Src/stm32f4xx_it.c:606:6:DMA2_Stream6_IRQHandler	8	static
../Core/Src/stm32f4xx_it.c:620:6:USART6_IRQHandler	8	static
