../Core/Src/stm32f4xx_it.c:104:6:NMI_Handler	4	static
../Core/Src/stm32f4xx_it.c:119:6:HardFault_Handler	4	static
../Core/Src/stm32f4xx_it.c:134:6:MemManage_Handler	4	static
../Core/Src/stm32f4xx_it.c:149:6:BusFault_Handler	4	static
../Core/Src/stm32f4xx_it.c:164:6:UsageFault_Handler	4	static
../Core/Src/stm32f4xx_it.c:179:6:SVC_Handler	4	static
../Core/Src/stm32f4xx_it.c:192:6:DebugMon_Handler	4	static
../Core/Src/stm32f4xx_it.c:205:6:PendSV_Handler	4	static
../Core/Src/stm32f4xx_it.c:218:6:SysTick_Handler	8	static
../Core/Src/stm32f4xx_it.c:239:6:EXTI1_IRQHandler	8	static
../Core/Src/stm32f4xx_it.c:253:6:EXTI3_IRQHandler	8	static
../Core/Src/stm32f4xx_it.c:267:6:EXTI9_5_IRQHandler	8	static
../Core/Src/stm32f4xx_it.c:281:6:TIM1_UP_TIM10_IRQHandler	16	static
../Core/Src/stm32f4xx_it.c:333:6:TIM1_TRG_COM_TIM11_IRQHandler	24	static
../Core/Src/stm32f4xx_it.c:465:6:TIM2_IRQHandler	8	static
../Core/Src/stm32f4xx_it.c:484:6:EXTI15_10_IRQHandler	8	static
../Core/Src/stm32f4xx_it.c:500:6:DMA2_Stream0_IRQHandler	8	static
../Core/Src/stm32f4xx_it.c:514:6:OTG_FS_IRQHandler	8	static
../Core/Src/stm32f4xx_it.c:528:6:USART6_IRQHandler	8	static
