Archive member included to satisfy reference by file (symbol)

D:/Progs/STM32CubeIDE_1.17.0/STM32CubeIDE/plugins/com.st.stm32cube.ide.mcu.externaltools.gnu-tools-for-stm32.12.3.rel1.win32_1.1.0.202410251130/tools/bin/../lib/gcc/arm-none-eabi/12.3.1/../../../../arm-none-eabi/lib/thumb/v7e-m+fp/hard\libstdc++_nano.a(del_ops.o)
                              ./Core/ProtezLib/ProtezHandADC.o (operator delete(void*, unsigned int))
D:/Progs/STM32CubeIDE_1.17.0/STM32CubeIDE/plugins/com.st.stm32cube.ide.mcu.externaltools.gnu-tools-for-stm32.12.3.rel1.win32_1.1.0.202410251130/tools/bin/../lib/gcc/arm-none-eabi/12.3.1/../../../../arm-none-eabi/lib/thumb/v7e-m+fp/hard\libstdc++_nano.a(new_op.o)
                              ./Core/ProtezLib/ProtezHandADC.o (operator new(unsigned int))
D:/Progs/STM32CubeIDE_1.17.0/STM32CubeIDE/plugins/com.st.stm32cube.ide.mcu.externaltools.gnu-tools-for-stm32.12.3.rel1.win32_1.1.0.202410251130/tools/bin/../lib/gcc/arm-none-eabi/12.3.1/../../../../arm-none-eabi/lib/thumb/v7e-m+fp/hard\libstdc++_nano.a(tree.o)
                              ./Core/ProtezLib/ProtezHandUsbProtocol.o (std::_Rb_tree_increment(std::_Rb_tree_node_base*))
D:/Progs/STM32CubeIDE_1.17.0/STM32CubeIDE/plugins/com.st.stm32cube.ide.mcu.externaltools.gnu-tools-for-stm32.12.3.rel1.win32_1.1.0.202410251130/tools/bin/../lib/gcc/arm-none-eabi/12.3.1/../../../../arm-none-eabi/lib/thumb/v7e-m+fp/hard\libstdc++_nano.a(functexcept.o)
                              ./Core/ProtezLib/ProtezHandUsbProtocol.o (std::__throw_bad_alloc())
D:/Progs/STM32CubeIDE_1.17.0/STM32CubeIDE/plugins/com.st.stm32cube.ide.mcu.externaltools.gnu-tools-for-stm32.12.3.rel1.win32_1.1.0.202410251130/tools/bin/../lib/gcc/arm-none-eabi/12.3.1/../../../../arm-none-eabi/lib/thumb/v7e-m+fp/hard\libstdc++_nano.a(del_op.o)
                              D:/Progs/STM32CubeIDE_1.17.0/STM32CubeIDE/plugins/com.st.stm32cube.ide.mcu.externaltools.gnu-tools-for-stm32.12.3.rel1.win32_1.1.0.202410251130/tools/bin/../lib/gcc/arm-none-eabi/12.3.1/../../../../arm-none-eabi/lib/thumb/v7e-m+fp/hard\libstdc++_nano.a(del_ops.o) (operator delete(void*))
D:/Progs/STM32CubeIDE_1.17.0/STM32CubeIDE/plugins/com.st.stm32cube.ide.mcu.externaltools.gnu-tools-for-stm32.12.3.rel1.win32_1.1.0.202410251130/tools/bin/../lib/gcc/arm-none-eabi/12.3.1/../../../../arm-none-eabi/lib/thumb/v7e-m+fp/hard\libstdc++_nano.a(new_handler.o)
                              D:/Progs/STM32CubeIDE_1.17.0/STM32CubeIDE/plugins/com.st.stm32cube.ide.mcu.externaltools.gnu-tools-for-stm32.12.3.rel1.win32_1.1.0.202410251130/tools/bin/../lib/gcc/arm-none-eabi/12.3.1/../../../../arm-none-eabi/lib/thumb/v7e-m+fp/hard\libstdc++_nano.a(new_op.o) (std::get_new_handler())
D:/Progs/STM32CubeIDE_1.17.0/STM32CubeIDE/plugins/com.st.stm32cube.ide.mcu.externaltools.gnu-tools-for-stm32.12.3.rel1.win32_1.1.0.202410251130/tools/bin/../lib/gcc/arm-none-eabi/12.3.1/../../../../arm-none-eabi/lib/thumb/v7e-m+fp/hard\libc_nano.a(libc_a-abort.o)
                              D:/Progs/STM32CubeIDE_1.17.0/STM32CubeIDE/plugins/com.st.stm32cube.ide.mcu.externaltools.gnu-tools-for-stm32.12.3.rel1.win32_1.1.0.202410251130/tools/bin/../lib/gcc/arm-none-eabi/12.3.1/../../../../arm-none-eabi/lib/thumb/v7e-m+fp/hard\libstdc++_nano.a(new_op.o) (abort)
D:/Progs/STM32CubeIDE_1.17.0/STM32CubeIDE/plugins/com.st.stm32cube.ide.mcu.externaltools.gnu-tools-for-stm32.12.3.rel1.win32_1.1.0.202410251130/tools/bin/../lib/gcc/arm-none-eabi/12.3.1/../../../../arm-none-eabi/lib/thumb/v7e-m+fp/hard\libc_nano.a(libc_a-exit.o)
                              D:/Progs/STM32CubeIDE_1.17.0/STM32CubeIDE/plugins/com.st.stm32cube.ide.mcu.externaltools.gnu-tools-for-stm32.12.3.rel1.win32_1.1.0.202410251130/tools/bin/../lib/gcc/arm-none-eabi/12.3.1/../../../../arm-none-eabi/lib/thumb/v7e-m+fp/hard/crt0.o (exit)
D:/Progs/STM32CubeIDE_1.17.0/STM32CubeIDE/plugins/com.st.stm32cube.ide.mcu.externaltools.gnu-tools-for-stm32.12.3.rel1.win32_1.1.0.202410251130/tools/bin/../lib/gcc/arm-none-eabi/12.3.1/../../../../arm-none-eabi/lib/thumb/v7e-m+fp/hard\libc_nano.a(libc_a-malloc.o)
                              D:/Progs/STM32CubeIDE_1.17.0/STM32CubeIDE/plugins/com.st.stm32cube.ide.mcu.externaltools.gnu-tools-for-stm32.12.3.rel1.win32_1.1.0.202410251130/tools/bin/../lib/gcc/arm-none-eabi/12.3.1/../../../../arm-none-eabi/lib/thumb/v7e-m+fp/hard\libstdc++_nano.a(new_op.o) (malloc)
D:/Progs/STM32CubeIDE_1.17.0/STM32CubeIDE/plugins/com.st.stm32cube.ide.mcu.externaltools.gnu-tools-for-stm32.12.3.rel1.win32_1.1.0.202410251130/tools/bin/../lib/gcc/arm-none-eabi/12.3.1/../../../../arm-none-eabi/lib/thumb/v7e-m+fp/hard\libc_nano.a(libc_a-mallocr.o)
                              D:/Progs/STM32CubeIDE_1.17.0/STM32CubeIDE/plugins/com.st.stm32cube.ide.mcu.externaltools.gnu-tools-for-stm32.12.3.rel1.win32_1.1.0.202410251130/tools/bin/../lib/gcc/arm-none-eabi/12.3.1/../../../../arm-none-eabi/lib/thumb/v7e-m+fp/hard\libc_nano.a(libc_a-malloc.o) (_malloc_r)
[...]
Memory Configuration

Name             Origin             Length             Attributes
RAM              0x20000000         0x00020000         xrw
FLASH            0x08000000         0x00080000         xr
*default*        0x00000000         0xffffffff

Linker script and memory map

LOAD D:/Progs/STM32CubeIDE_1.17.0/STM32CubeIDE/plugins/com.st.stm32cube.ide.mcu.externaltools.gnu-tools-for-stm32.12.3.rel1.win32_1.1.0.202410251130/tools/bin/../lib/gcc/arm-none-eabi/12.3.1/thumb/v7e-m+fp/hard/crti.o
LOAD D:/Progs/STM32CubeIDE_1.17.0/STM32CubeIDE/plugins/com.st.stm32cube.ide.mcu.externaltools.gnu-tools-for-stm32.12.3.rel1.win32_1.1.0.202410251130/tools/bin/../lib/gcc/arm-none-eabi/12.3.1/thumb/v7e-m+fp/hard/crtbegin.o
LOAD D:/Progs/STM32CubeIDE_1.17.0/STM32CubeIDE/plugins/com.st.stm32cube.ide.mcu.externaltools.gnu-tools-for-stm32.12.3.rel1.win32_1.1.0.202410251130/tools/bin/../lib/gcc/arm-none-eabi/12.3.1/../../../../arm-none-eabi/lib/thumb/v7e-m+fp/hard/crt0.o
LOAD ./Core/ProtezLib/ProtezHandADC.o
LOAD ./Core/ProtezLib/ProtezHandControl.o
LOAD ./Core/ProtezLib/ProtezHandEncoder.o
LOAD ./Core/ProtezLib/ProtezHandUsbProtocol.o
LOAD ./Core/ProtezLib/module.o
LOAD ./Core/ProtezLib/protocol.o
LOAD ./Core/Src/main.o
LOAD ./Core/Src/stm32f4xx_hal_msp.o
LOAD ./Core/Src/stm32f4xx_it.o
LOAD ./Core/Src/syscalls.o
LOAD ./Core/Src/sysmem.o
LOAD ./Core/Src/system_stm32f4xx.o
LOAD ./Core/Startup/startup_stm32f411retx.o
LOAD ./Drivers/STM32F4xx_HAL_Driver/Src/stm32f4xx_hal.o
LOAD ./Drivers/STM32F4xx_HAL_Driver/Src/stm32f4xx_hal_adc.o
LOAD ./Drivers/STM32F4xx_HAL_Driver/Src/stm32f4xx_hal_adc_ex.o
LOAD ./Drivers/STM32F4xx_HAL_Driver/Src/stm32f4xx_hal_cortex.o
LOAD ./Drivers/STM32F4xx_HAL_Driver/Src/stm32f4xx_hal_dma.o
LOAD ./Drivers/STM32F4xx_HAL_Driver/Src/stm32f4xx_hal_dma_ex.o
LOAD ./Drivers/STM32F4xx_HAL_Driver/Src/stm32f4xx_hal_exti.o
LOAD ./Drivers/STM32F4xx_HAL_Driver/Src/stm32f4xx_hal_flash.o
LOAD ./Drivers/STM32F4xx_HAL_Driver/Src/stm32f4xx_hal_flash_ex.o
LOAD ./Drivers/STM32F4xx_HAL_Driver/Src/stm32f4xx_hal_flash_ramfunc.o
LOAD ./Drivers/STM32F4xx_HAL_Driver/Src/stm32f4xx_hal_gpio.o
LOAD ./Drivers/STM32F4xx_HAL_Driver/Src/stm32f4xx_hal_pcd.o
LOAD ./Drivers/STM32F4xx_HAL_Driver/Src/stm32f4xx_hal_pcd_ex.o
LOAD ./Drivers/STM32F4xx_HAL_Driver/Src/stm32f4xx_hal_pwr.o
LOAD ./Drivers/STM32F4xx_HAL_Driver/Src/stm32f4xx_hal_pwr_ex.o
LOAD ./Drivers/STM32F4xx_HAL_Driver/Src/stm32f4xx_hal_rcc.o
LOAD ./Drivers/STM32F4xx_HAL_Driver/Src/stm32f4xx_hal_rcc_ex.o
LOAD ./Drivers/STM32F4xx_HAL_Driver/Src/stm32f4xx_hal_tim.o
LOAD ./Drivers/STM32F4xx_HAL_Driver/Src/stm32f4xx_hal_tim_ex.o
LOAD ./Drivers/STM32F4xx_HAL_Driver/Src/stm32f4xx_hal_uart.o
LOAD ./Drivers/STM32F4xx_HAL_Driver/Src/stm32f4xx_ll_adc.o
LOAD ./Drivers/STM32F4xx_HAL_Driver/Src/stm32f4xx_ll_usb.o
LOAD ./Middlewares/ST/STM32_USB_Device_Library/Class/CDC/Src/usbd_cdc.o
LOAD ./Middlewares/ST/STM32_USB_Device_Library/Core/Src/usbd_core.o
LOAD ./Middlewares/ST/STM32_USB_Device_Library/Core/Src/usbd_ctlreq.o
LOAD ./Middlewares/ST/STM32_USB_Device_Library/Core/Src/usbd_ioreq.o
LOAD ./USB_DEVICE/App/usb_device.o
LOAD ./USB_DEVICE/App/usbd_cdc_if.o
LOAD ./USB_DEVICE/App/usbd_desc.o
LOAD ./USB_DEVICE/Target/usbd_conf.o
START GROUP
LOAD D:/Progs/STM32CubeIDE_1.17.0/STM32CubeIDE/plugins/com.st.stm32cube.ide.mcu.externaltools.gnu-tools-for-stm32.12.3.rel1.win32_1.1.0.202410251130/tools/bin/../lib/gcc/arm-none-eabi/12.3.1/../../../../arm-none-eabi/lib/thumb/v7e-m+fp/hard\libstdc++_nano.a
LOAD D:/Progs/STM32CubeIDE_1.17.0/STM32CubeIDE/plugins/com.st.stm32cube.ide.mcu.externaltools.gnu-tools-for-stm32.12.3.rel1.win32_1.1.0.202410251130/tools/bin/../lib/gcc/arm-none-eabi/12.3.1/../../../../arm-none-eabi/lib/thumb/v7e-m+fp/hard\libsupc++_nano.a
END GROUP
LOAD D:/Progs/STM32CubeIDE_1.17.0/STM32CubeIDE/plugins/com.st.stm32cube.ide.mcu.externaltools.gnu-tools-for-stm32.12.3.rel1.win32_1.1.0.202410251130/tools/bin/../lib/gcc/arm-none-eabi/12.3.1/../../../../arm-none-eabi/lib/thumb/v7e-m+fp/hard\libstdc++_nano.a
LOAD D:/Progs/STM32CubeIDE_1.17.0/STM32CubeIDE/plugins/com.st.stm32cube.ide.mcu.externaltools.gnu-tools-for-stm32.12.3.rel1.win32_1.1.0.202410251130/tools/bin/../lib/gcc/arm-none-eabi/12.3.1/../../../../arm-none-eabi/lib/thumb/v7e-m+fp/hard\libm.a
LOAD D:/Progs/STM32CubeIDE_1.17.0/STM32CubeIDE/plugins/com.st.stm32cube.ide.mcu.externaltools.gnu-tools-for-stm32.12.3.rel1.win32_1.1.0.202410251130/tools/bin/../lib/gcc/arm-none-eabi/12.3.1/../../../../arm-none-eabi/lib/thumb/v7e-m+fp/hard\libc_nano.a
START GROUP
LOAD D:/Progs/STM32CubeIDE_1.17.0/STM32CubeIDE/plugins/com.st.stm32cube.ide.mcu.externaltools.gnu-tools-for-stm32.12.3.rel1.win32_1.1.0.202410251130/tools/bin/../lib/gcc/arm-none-eabi/12.3.1/thumb/v7e-m+fp/hard\libgcc.a
LOAD D:/Progs/STM32CubeIDE_1.17.0/STM32CubeIDE/plugins/com.st.stm32cube.ide.mcu.externaltools.gnu-tools-for-stm32.12.3.rel1.win32_1.1.0.202410251130/tools/bin/../lib/gcc/arm-none-eabi/12.3.1/../../../../arm-none-eabi/lib/thumb/v7e-m+fp/hard\libc_nano.a
END GROUP
START GROUP
LOAD D:/Progs/STM32CubeIDE_1.17.0/STM32CubeIDE/plugins/com.st.stm32cube.ide.mcu.externaltools.gnu-tools-for-stm32.12.3.rel1.win32_1.1.0.202410251130/tools/bin/../lib/gcc/arm-none-eabi/12.3.1/thumb/v7e-m+fp/hard\libgcc.a
LOAD D:/Progs/STM32CubeIDE_1.17.0/STM32CubeIDE/plugins/com.st.stm32cube.ide.mcu.externaltools.gnu-tools-for-stm32.12.3.rel1.win32_1.1.0.202410251130/tools/bin/../lib/gcc/arm-none-eabi/12.3.1/../../../../arm-none-eabi/lib/thumb/v7e-m+fp/hard\libc_nano.a
END GROUP
LOAD D:/Progs/STM32CubeIDE_1.17.0/STM32CubeIDE/plugins/com.st.stm32cube.ide.mcu.externaltools.gnu-tools-for-stm32.12.3.rel1.win32_1.1.0.202410251130/tools/bin/../lib/gcc/arm-none-eabi/12.3.1/thumb/v7e-m+fp/hard/crtend.o
LOAD D:/Progs/STM32CubeIDE_1.17.0/STM32CubeIDE/plugins/com.st.stm32cube.ide.mcu.externaltools.gnu-tools-for-stm32.12.3.rel1.win32_1.1.0.202410251130/tools/bin/../lib/gcc/arm-none-eabi/12.3.1/thumb/v7e-m+fp/hard/crtn.o
                0x20020000                        _estack = (ORIGIN (RAM) + LENGTH (RAM))
                0x00000200                        _Min_Heap_Size = 0x200
                0x00000400                        _Min_Stack_Size = 0x400

.isr_vector     0x08000000      0x198
                0x08000000                        . = ALIGN (0x4)
 *(.isr_vector)
 .isr_vector    0x08000000      0x198 ./Core/Startup/startup_stm32f411retx.o
                0x08000000                g_pfnVectors
                0x08000198                        . = ALIGN (0x4)

.text           0x08000198     0x75c4
                0x08000198                        . = ALIGN (0x4)
 *(.text)
 .text          0x08000198       0x40 D:/Progs/STM32CubeIDE_1.17.0/STM32CubeIDE/plugins/com.st.stm32cube.ide.mcu.externaltools.gnu-tools-for-stm32.12.3.rel1.win32_1.1.0.202410251130/tools/bin/../lib/gcc/arm-none-eabi/12.3.1/thumb/v7e-m+fp/hard/crtbegin.o
 .text          0x080001d8       0x10 D:/Progs/STM32CubeIDE_1.17.0/STM32CubeIDE/plugins/com.st.stm32cube.ide.mcu.externaltools.gnu-tools-for-stm32.12.3.rel1.win32_1.1.0.202410251130/tools/bin/../lib/gcc/arm-none-eabi/12.3.1/../../../../arm-none-eabi/lib/thumb/v7e-m+fp/hard\libc_nano.a(libc_a-strlen.o)
                0x080001d8                strlen
 .text          0x080001e8       0x30 D:/Progs/STM32CubeIDE_1.17.0/STM32CubeIDE/plugins/com.st.stm32cube.ide.mcu.externaltools.gnu-tools-for-stm32.12.3.rel1.win32_1.1.0.202410251130/tools/bin/../lib/gcc/arm-none-eabi/12.3.1/thumb/v7e-m+fp/hard\libgcc.a(_aeabi_uldivmod.o)
                0x080001e8                __aeabi_uldivmod
 .text          0x08000218      0x2bc D:/Progs/STM32CubeIDE_1.17.0/STM32CubeIDE/plugins/com.st.stm32cube.ide.mcu.externaltools.gnu-tools-for-stm32.12.3.rel1.win32_1.1.0.202410251130/tools/bin/../lib/gcc/arm-none-eabi/12.3.1/thumb/v7e-m+fp/hard\libgcc.a(_udivmoddi4.o)
                0x08000218                __udivmoddi4
 .text          0x080004d4        0x4 D:/Progs/STM32CubeIDE_1.17.0/STM32CubeIDE/plugins/com.st.stm32cube.ide.mcu.externaltools.gnu-tools-for-stm32.12.3.rel1.win32_1.1.0.202410251130/tools/bin/../lib/gcc/arm-none-eabi/12.3.1/thumb/v7e-m+fp/hard\libgcc.a(_dvmd_tls.o)
                0x080004d4                __aeabi_idiv0
                0x080004d4                __aeabi_ldiv0
 *(.text*)
 .text._ZN13ProtezHandADCC2EP17ADC_HandleTypeDefP17TIM_HandleTypeDef
                0x080004d8        0xa ./Core/ProtezLib/ProtezHandADC.o
                0x080004d8                ProtezHandADC::ProtezHandADC(ADC_HandleTypeDef*, TIM_HandleTypeDef*)
                0x080004d8                ProtezHandADC::ProtezHandADC(ADC_HandleTypeDef*, TIM_HandleTypeDef*)
 .text._ZN13ProtezHandADCD2Ev
                0x080004e2        0x2 ./Core/ProtezLib/ProtezHandADC.o
                0x080004e2                ProtezHandADC::~ProtezHandADC()
                0x080004e2                ProtezHandADC::~ProtezHandADC()
 .text._ZN13ProtezHandADC13ADC_TimerInitEv
                0x080004e4       0x7a ./Core/ProtezLib/ProtezHandADC.o
                0x080004e4                ProtezHandADC::ADC_TimerInit()
 .text._ZN13ProtezHandADC15getPackSizeDataEv
                0x0800055e        0x4 ./Core/ProtezLib/ProtezHandADC.o
                0x0800055e                ProtezHandADC::getPackSizeData()
 *fill*         0x08000562        0x2 
 .text._ZN13ProtezHandADC8StartADCEv
                0x08000564       0x20 ./Core/ProtezLib/ProtezHandADC.o
                0x08000564                ProtezHandADC::StartADC()
 .text._ZN13ProtezHandADC7StopADCEv
                0x08000584       0x22 ./Core/ProtezLib/ProtezHandADC.o
                0x08000584                ProtezHandADC::StopADC()
 *fill*         0x080005a6        0x2 
 .text._ZN13ProtezHandADC13getEnabledADCEv
                0x080005a8       0x30 ./Core/ProtezLib/ProtezHandADC.o
                0x080005a8                ProtezHandADC::getEnabledADC()
 .text._ZN13ProtezHandADC11getStateADCEv
                0x080005d8        0x4 ./Core/ProtezLib/ProtezHandADC.o
                0x080005d8                ProtezHandADC::getStateADC()
 .text._ZNSt6vectorI20PrHand_Motor_typedefSaIS0_EE17_M_realloc_insertIJRKS0_EEEvN9__gnu_cxx17__normal_iteratorIPS0_S2_EEDpOT_
                0x080005dc       0xd0 ./Core/ProtezLib/ProtezHandADC.o
                0x080005dc                void std::vector<PrHand_Motor_typedef, std::allocator<PrHand_Motor_typedef> >::_M_realloc_insert<PrHand_Motor_typedef const&>(__gnu_cxx::__normal_iterator<PrHand_Motor_typedef*, std::vector<PrHand_Motor_typedef, std::allocator<PrHand_Motor_typedef> > >, PrHand_Motor_typedef const&)
 .text._ZN13ProtezHandADC8ADC_InitEv
                0x080006ac      0x130 ./Core/ProtezLib/ProtezHandADC.o
                0x080006ac                ProtezHandADC::ADC_Init()
 .text._ZN20PrHand_Motor_typedefC2Eh
                0x080007dc       0x14 ./Core/ProtezLib/ProtezHandControl.o
                0x080007dc                PrHand_Motor_typedef::PrHand_Motor_typedef(unsigned char)
                0x080007dc                PrHand_Motor_typedef::PrHand_Motor_typedef(unsigned char)
 .text._ZN20PrHand_Motor_typedefD2Ev
                0x080007f0        0xe ./Core/ProtezLib/ProtezHandControl.o
                0x080007f0                PrHand_Motor_typedef::~PrHand_Motor_typedef()
                0x080007f0                PrHand_Motor_typedef::~PrHand_Motor_typedef()
 .text._ZN20PrHand_Motor_typedef8getStateEv
                0x080007fe        0x6 ./Core/ProtezLib/ProtezHandControl.o
                0x080007fe                PrHand_Motor_typedef::getState()
 .text._ZN20PrHand_Motor_typedef6getPWMEv
                0x08000804        0x4 ./Core/ProtezLib/ProtezHandControl.o
                0x08000804                PrHand_Motor_typedef::getPWM()
 .text._ZN20PrHand_Motor_typedef11getWorkTimeEv
                0x08000808        0x4 ./Core/ProtezLib/ProtezHandControl.o
                0x08000808                PrHand_Motor_typedef::getWorkTime()
 .text._ZN20PrHand_Motor_typedef17CheckWorkIntervalEv
                0x0800080c       0x20 ./Core/ProtezLib/ProtezHandControl.o
                0x0800080c                PrHand_Motor_typedef::CheckWorkInterval()
 .text._ZN20PrHand_Motor_typedef25setTIMHandlerInstrCounterEm
                0x0800082c        0xc ./Core/ProtezLib/ProtezHandControl.o
                0x0800082c                PrHand_Motor_typedef::setTIMHandlerInstrCounter(unsigned long)
 .text._ZN20PrHand_Motor_typedef25getTIMHandlerInstrCounterEv
                0x08000838        0xc ./Core/ProtezLib/ProtezHandControl.o
                0x08000838                PrHand_Motor_typedef::getTIMHandlerInstrCounter()
 .text._ZN20PrHand_Motor_typedef11setWorkTimeEt
                0x08000844        0x4 ./Core/ProtezLib/ProtezHandControl.o
                0x08000844                PrHand_Motor_typedef::setWorkTime(unsigned short)
 .text._ZN20PrHand_Motor_typedef12setWorkDelayEt
                0x08000848        0x4 ./Core/ProtezLib/ProtezHandControl.o
                0x08000848                PrHand_Motor_typedef::setWorkDelay(unsigned short)
 .text._ZN20PrHand_Motor_typedef5StartEv
                0x0800084c       0x18 ./Core/ProtezLib/ProtezHandControl.o
                0x0800084c                PrHand_Motor_typedef::Start()
 .text._ZN20PrHand_Motor_typedef4StopEv
                0x08000864       0x28 ./Core/ProtezLib/ProtezHandControl.o
                0x08000864                PrHand_Motor_typedef::Stop()
 .text._ZN20PrHand_Motor_typedef13setParametersEv
                0x0800088c       0x18 ./Core/ProtezLib/ProtezHandControl.o
                0x0800088c                PrHand_Motor_typedef::setParameters()
 .text._ZN20PrHand_Motor_typedef8setStateE20PrHand_MotorSetState
                0x080008a4        0x6 ./Core/ProtezLib/ProtezHandControl.o
                0x080008a4                PrHand_Motor_typedef::setState(PrHand_MotorSetState)
 .text._ZN20PrHand_Motor_typedef9enableADCEv
                0x080008aa        0x8 ./Core/ProtezLib/ProtezHandControl.o
                0x080008aa                PrHand_Motor_typedef::enableADC()
 .text._ZN20PrHand_Motor_typedef10disableADCEv
                0x080008b2        0x8 ./Core/ProtezLib/ProtezHandControl.o
                0x080008b2                PrHand_Motor_typedef::disableADC()
 .text._ZN20PrHand_Motor_typedef13getEnabledADCEv
                0x080008ba        0x6 ./Core/ProtezLib/ProtezHandControl.o
                0x080008ba                PrHand_Motor_typedef::getEnabledADC()
 .text._ZN20PrHand_Motor_typedef10insert_pwmEv
                0x080008c0       0x3c ./Core/ProtezLib/ProtezHandControl.o
                0x080008c0                PrHand_Motor_typedef::insert_pwm()
 .text._ZN20PrHand_Motor_typedef6setPWMEm
                0x080008fc       0x10 ./Core/ProtezLib/ProtezHandControl.o
                0x080008fc                PrHand_Motor_typedef::setPWM(unsigned long)
 .text._ZN20PrHand_Motor_typedef13setTargetSideE16PrHand_MoveState
                0x0800090c        0x6 ./Core/ProtezLib/ProtezHandControl.o
                0x0800090c                PrHand_Motor_typedef::setTargetSide(PrHand_MoveState)
 .text._ZN17ProtezHandEncoderC2Ev
                0x08000912       0x1e ./Core/ProtezLib/ProtezHandEncoder.o
                0x08000912                ProtezHandEncoder::ProtezHandEncoder()
                0x08000912                ProtezHandEncoder::ProtezHandEncoder()
 .text._ZN17ProtezHandEncoderD2Ev
                0x08000930        0x2 ./Core/ProtezLib/ProtezHandEncoder.o
                0x08000930                ProtezHandEncoder::~ProtezHandEncoder()
                0x08000930                ProtezHandEncoder::~ProtezHandEncoder()
 .text._ZN17ProtezHandEncoder10setCounterEm
                0x08000932        0x4 ./Core/ProtezLib/ProtezHandEncoder.o
                0x08000932                ProtezHandEncoder::setCounter(unsigned long)
 .text._ZN17ProtezHandEncoder10getCounterEv
                0x08000936        0x4 ./Core/ProtezLib/ProtezHandEncoder.o
                0x08000936                ProtezHandEncoder::getCounter()
 .text._ZN17ProtezHandEncoder12setTimePointEm
                0x0800093a        0x4 ./Core/ProtezLib/ProtezHandEncoder.o
                0x0800093a                ProtezHandEncoder::setTimePoint(unsigned long)
 .text._ZN17ProtezHandEncoder10getPINmainEv
                0x0800093e        0x4 ./Core/ProtezLib/ProtezHandEncoder.o
                0x0800093e                ProtezHandEncoder::getPINmain()
 .text._ZN17ProtezHandEncoder9getPORsupEv
                0x08000942        0x4 ./Core/ProtezLib/ProtezHandEncoder.o
                0x08000942                ProtezHandEncoder::getPORsup()
 .text._ZN17ProtezHandEncoder9getPINsupEv
                0x08000946        0x4 ./Core/ProtezLib/ProtezHandEncoder.o
                0x08000946                ProtezHandEncoder::getPINsup()
 *fill*         0x0800094a        0x2 
 .text._ZN17ProtezHandEncoder9setEnableEb
                0x0800094c        0xc ./Core/ProtezLib/ProtezHandEncoder.o
                0x0800094c                ProtezHandEncoder::setEnable(bool)
 .text._ZN17ProtezHandEncoder9getEnableEv
                0x08000958        0xc ./Core/ProtezLib/ProtezHandEncoder.o
                0x08000958                ProtezHandEncoder::getEnable()
 .text._ZNSt12_Vector_baseIhSaIhEE11_M_allocateEj.isra.0
                0x08000964       0x16 ./Core/ProtezLib/ProtezHandUsbProtocol.o
 *fill*         0x0800097a        0x2 
 .text._ZN21ProtezHandUsbProtocol13TimerTX_StartEv
                0x0800097c       0x28 ./Core/ProtezLib/ProtezHandUsbProtocol.o
                0x0800097c                ProtezHandUsbProtocol::TimerTX_Start()
 .text._ZN21ProtezHandUsbProtocol12TimerTX_StopEv
                0x080009a4        0xc ./Core/ProtezLib/ProtezHandUsbProtocol.o
                0x080009a4                ProtezHandUsbProtocol::TimerTX_Stop()
 .text._ZN21ProtezHandUsbProtocol21transmitStartPackDataEv
                0x080009b0        0xc ./Core/ProtezLib/ProtezHandUsbProtocol.o
                0x080009b0                ProtezHandUsbProtocol::transmitStartPackData()
 .text._ZN21ProtezHandUsbProtocol20transmitStopPackDataEv
                0x080009bc        0xc ./Core/ProtezLib/ProtezHandUsbProtocol.o
                0x080009bc                ProtezHandUsbProtocol::transmitStopPackData()
 .text._ZNSt12_Vector_baseIhSaIhEED2Ev
                0x080009c8       0x14 ./Core/ProtezLib/ProtezHandUsbProtocol.o
                0x080009c8                std::_Vector_base<unsigned char, std::allocator<unsigned char> >::~_Vector_base()
                0x080009c8                std::_Vector_base<unsigned char, std::allocator<unsigned char> >::~_Vector_base()
 .text._ZNSt8_Rb_treeIhSt4pairIKhSt6vectorIhSaIhEEESt10_Select1stIS5_ESt4lessIhESaIS5_EE8_M_eraseEPSt13_Rb_tree_nodeIS5_E.isra.0
                0x080009dc       0x24 ./Core/ProtezLib/ProtezHandUsbProtocol.o
 .text._ZNSt8_Rb_treeIhSt4pairIKhSt6vectorIhSaIhEEESt10_Select1stIS5_ESt4lessIhESaIS5_EE5clearEv
                0x08000a00       0x18 ./Core/ProtezLib/ProtezHandUsbProtocol.o
                0x08000a00                std::_Rb_tree<unsigned char, std::pair<unsigned char const, std::vector<unsigned char, std::allocator<unsigned char> > >, std::_Select1st<std::pair<unsigned char const, std::vector<unsigned char, std::allocator<unsigned char> > > >, std::less<unsigned char>, std::allocator<std::pair<unsigned char const, std::vector<unsigned char, std::allocator<unsigned char> > > > >::clear()
 .text._ZNSt8_Rb_treeIhSt4pairIKhSt6vectorIhSaIhEEESt10_Select1stIS5_ESt4lessIhESaIS5_EE4findERS1_
                0x08000a18       0x2e ./Core/ProtezLib/ProtezHandUsbProtocol.o
                0x08000a18                std::_Rb_tree<unsigned char, std::pair<unsigned char const, std::vector<unsigned char, std::allocator<unsigned char> > >, std::_Select1st<std::pair<unsigned char const, std::vector<unsigned char, std::allocator<unsigned char> > > >, std::less<unsigned char>, std::allocator<std::pair<unsigned char const, std::vector<unsigned char, std::allocator<unsigned char> > > > >::find(unsigned char const&)
 .text._ZNKSt6vectorIhSaIhEE12_M_check_lenEjPKc
                0x08000a46       0x32 ./Core/ProtezLib/ProtezHandUsbProtocol.o
                0x08000a46                std::vector<unsigned char, std::allocator<unsigned char> >::_M_check_len(unsigned int, char const*) const
 .text._ZNSt6vectorIhSaIhEE12emplace_backIJhEEEvDpOT_
                0x08000a78       0x64 ./Core/ProtezLib/ProtezHandUsbProtocol.o
                0x08000a78                void std::vector<unsigned char, std::allocator<unsigned char> >::emplace_back<unsigned char>(unsigned char&&)
 .text._ZNSt8_Rb_treeIhSt4pairIKhSt6vectorIhSaIhEEESt10_Select1stIS5_ESt4lessIhESaIS5_EE24_M_get_insert_unique_posERS1_
                0x08000adc       0x54 ./Core/ProtezLib/ProtezHandUsbProtocol.o
                0x08000adc                std::_Rb_tree<unsigned char, std::pair<unsigned char const, std::vector<unsigned char, std::allocator<unsigned char> > >, std::_Select1st<std::pair<unsigned char const, std::vector<unsigned char, std::allocator<unsigned char> > > >, std::less<unsigned char>, std::allocator<std::pair<unsigned char const, std::vector<unsigned char, std::allocator<unsigned char> > > > >::_M_get_insert_unique_pos(unsigned char const&)
 .text._ZNSt8_Rb_treeIhSt4pairIKhSt6vectorIhSaIhEEESt10_Select1stIS5_ESt4lessIhESaIS5_EE22_M_emplace_hint_uniqueIJRKSt21piecewise_construct_tSt5tupleIJRS1_EESG_IJEEEEESt17_Rb_tree_iteratorIS5_ESt23_Rb_tree_const_iteratorIS5_EDpOT_
                0x08000b30       0xd0 ./Core/ProtezLib/ProtezHandUsbProtocol.o
                0x08000b30                std::_Rb_tree_iterator<std::pair<unsigned char const, std::vector<unsigned char, std::allocator<unsigned char> > > > std::_Rb_tree<unsigned char, std::pair<unsigned char const, std::vector<unsigned char, std::allocator<unsigned char> > >, std::_Select1st<std::pair<unsigned char const, std::vector<unsigned char, std::allocator<unsigned char> > > >, std::less<unsigned char>, std::allocator<std::pair<unsigned char const, std::vector<unsigned char, std::allocator<unsigned char> > > > >::_M_emplace_hint_unique<std::piecewise_construct_t const&, std::tuple<unsigned char const&>, std::tuple<> >(std::_Rb_tree_const_iterator<std::pair<unsigned char const, std::vector<unsigned char, std::allocator<unsigned char> > > >, std::piecewise_construct_t const&, std::tuple<unsigned char const&>&&, std::tuple<>&&)
 .text._ZNSt3mapIhSt6vectorIhSaIhEESt4lessIhESaISt4pairIKhS2_EEEixERS6_
                0x08000c00       0x4c ./Core/ProtezLib/ProtezHandUsbProtocol.o
                0x08000c00                std::map<unsigned char, std::vector<unsigned char, std::allocator<unsigned char> >, std::less<unsigned char>, std::allocator<std::pair<unsigned char const, std::vector<unsigned char, std::allocator<unsigned char> > > > >::operator[](unsigned char const&)
 .text._ZNSt11__copy_moveILb0ELb1ESt26random_access_iterator_tagE8__copy_mIhEEPT_PKS3_S6_S4_
                0x08000c4c       0x18 ./Core/ProtezLib/ProtezHandUsbProtocol.o
                0x08000c4c                unsigned char* std::__copy_move<false, true, std::random_access_iterator_tag>::__copy_m<unsigned char>(unsigned char const*, unsigned char const*, unsigned char*)
 .text._ZNSt6vectorIhSaIhEEC2ERKS1_
                0x08000c64       0x32 ./Core/ProtezLib/ProtezHandUsbProtocol.o
                0x08000c64                std::vector<unsigned char, std::allocator<unsigned char> >::vector(std::vector<unsigned char, std::allocator<unsigned char> > const&)
                0x08000c64                std::vector<unsigned char, std::allocator<unsigned char> >::vector(std::vector<unsigned char, std::allocator<unsigned char> > const&)
 .text._ZNSt6vectorIhSaIhEEaSERKS1_.isra.0
                0x08000c96       0x74 ./Core/ProtezLib/ProtezHandUsbProtocol.o
 *fill*         0x08000d0a        0x2 
 .text._ZN21ProtezHandUsbProtocol11setCommandsEv
                0x08000d0c      0x490 ./Core/ProtezLib/ProtezHandUsbProtocol.o
                0x08000d0c                ProtezHandUsbProtocol::setCommands()
 .text._ZN21ProtezHandUsbProtocol13UsartProtocol12UsartCommandEv
                0x0800119c       0x14 ./Core/ProtezLib/ProtezHandUsbProtocol.o
                0x0800119c                ProtezHandUsbProtocol::UsartProtocol::UsartCommand()
 .text.startup._GLOBAL__sub_I__ZN21ProtezHandUsbProtocol10ProtezUARTE
                0x080011b0       0x40 ./Core/ProtezLib/ProtezHandUsbProtocol.o
 .text.exit._GLOBAL__sub_D__ZN21ProtezHandUsbProtocol10ProtezUARTE
                0x080011f0       0x68 ./Core/ProtezLib/ProtezHandUsbProtocol.o
 .text.module_motor_SetPwm
                0x08001258       0x48 ./Core/ProtezLib/module.o
                0x08001258                module_motor_SetPwm
 .text.module_motor_SetParam
                0x080012a0       0x88 ./Core/ProtezLib/module.o
                0x080012a0                module_motor_SetParam
 .text.protocol_read_raw
                0x08001328      0x374 ./Core/ProtezLib/protocol.o
                0x08001328                protocol_read_raw
 .text._Z18SystemClock_Configv
                0x0800169c       0xa0 ./Core/Src/main.o
                0x0800169c                SystemClock_Config()
 .text.startup.main
                0x0800173c      0x5b0 ./Core/Src/main.o
                0x0800173c                main
 .text.HAL_ADC_ConvHalfCpltCallback
                0x08001cec        0x2 ./Core/Src/main.o
                0x08001cec                HAL_ADC_ConvHalfCpltCallback
 *fill*         0x08001cee        0x2 
 .text.HAL_ADC_ConvCpltCallback
                0x08001cf0        0xc ./Core/Src/main.o
                0x08001cf0                HAL_ADC_ConvCpltCallback
 .text.HAL_UART_ErrorCallback
                0x08001cfc        0x2 ./Core/Src/main.o
                0x08001cfc                HAL_UART_ErrorCallback
 *fill*         0x08001cfe        0x2 
 .text.HAL_TIM_PeriodElapsedCallback
                0x08001d00      0x298 ./Core/Src/main.o
                0x08001d00                HAL_TIM_PeriodElapsedCallback
 .text.HAL_GPIO_EXTI_Callback
                0x08001f98       0x88 ./Core/Src/main.o
                0x08001f98                HAL_GPIO_EXTI_Callback
 .text.Error_Handler
                0x08002020        0x4 ./Core/Src/main.o
                0x08002020                Error_Handler
 .text.HAL_UART_RxCpltCallback
                0x08002024      0x290 ./Core/Src/main.o
                0x08002024                HAL_UART_RxCpltCallback
 .text.startup._GLOBAL__sub_I_hadc1
                0x080022b4       0x64 ./Core/Src/main.o
 .text.exit._GLOBAL__sub_D_hadc1
                0x08002318       0x28 ./Core/Src/main.o
 .text.HAL_MspInit
                0x08002340       0x38 ./Core/Src/stm32f4xx_hal_msp.o
                0x08002340                HAL_MspInit
 .text.HAL_ADC_MspInit
                0x08002378       0xa4 ./Core/Src/stm32f4xx_hal_msp.o
                0x08002378                HAL_ADC_MspInit
 .text.HAL_ADC_MspDeInit
                0x0800241c       0x38 ./Core/Src/stm32f4xx_hal_msp.o
                0x0800241c                HAL_ADC_MspDeInit
 .text.HAL_TIM_Base_MspInit
                0x08002454      0x17c ./Core/Src/stm32f4xx_hal_msp.o
                0x08002454                HAL_TIM_Base_MspInit
 .text.HAL_TIM_MspPostInit
                0x080025d0       0xe4 ./Core/Src/stm32f4xx_hal_msp.o
                0x080025d0                HAL_TIM_MspPostInit
 .text.HAL_TIM_Base_MspDeInit
                0x080026b4       0xbc ./Core/Src/stm32f4xx_hal_msp.o
                0x080026b4                HAL_TIM_Base_MspDeInit
 .text.HAL_UART_MspInit
                0x08002770       0xfc ./Core/Src/stm32f4xx_hal_msp.o
                0x08002770                HAL_UART_MspInit
 .text.NMI_Handler
                0x0800286c        0x2 ./Core/Src/stm32f4xx_it.o
                0x0800286c                NMI_Handler
 .text.HardFault_Handler
                0x0800286e        0x2 ./Core/Src/stm32f4xx_it.o
                0x0800286e                HardFault_Handler
 .text.MemManage_Handler
                0x08002870        0x2 ./Core/Src/stm32f4xx_it.o
                0x08002870                MemManage_Handler
 .text.BusFault_Handler
                0x08002872        0x2 ./Core/Src/stm32f4xx_it.o
                0x08002872                BusFault_Handler
 .text.UsageFault_Handler
                0x08002874        0x2 ./Core/Src/stm32f4xx_it.o
                0x08002874                UsageFault_Handler
 .text.SVC_Handler
                0x08002876        0x2 ./Core/Src/stm32f4xx_it.o
                0x08002876                SVC_Handler
 .text.DebugMon_Handler
                0x08002878        0x2 ./Core/Src/stm32f4xx_it.o
                0x08002878                DebugMon_Handler
 .text.PendSV_Handler
                0x0800287a        0x2 ./Core/Src/stm32f4xx_it.o
                0x0800287a                PendSV_Handler
 .text.SysTick_Handler
                0x0800287c        0x4 ./Core/Src/stm32f4xx_it.o
                0x0800287c                SysTick_Handler
 .text.EXTI1_IRQHandler
                0x08002880        0x6 ./Core/Src/stm32f4xx_it.o
                0x08002880                EXTI1_IRQHandler
 .text.EXTI3_IRQHandler
                0x08002886        0x6 ./Core/Src/stm32f4xx_it.o
                0x08002886                EXTI3_IRQHandler
 .text.EXTI9_5_IRQHandler
                0x0800288c        0x6 ./Core/Src/stm32f4xx_it.o
                0x0800288c                EXTI9_5_IRQHandler
 *fill*         0x08002892        0x2 
 .text.TIM1_BRK_TIM9_IRQHandler
                0x08002894       0x1c ./Core/Src/stm32f4xx_it.o
                0x08002894                TIM1_BRK_TIM9_IRQHandler
 .text.TIM1_UP_TIM10_IRQHandler
                0x080028b0       0x1c ./Core/Src/stm32f4xx_it.o
                0x080028b0                TIM1_UP_TIM10_IRQHandler
 .text.TIM1_TRG_COM_TIM11_IRQHandler
                0x080028cc       0x1c ./Core/Src/stm32f4xx_it.o
                0x080028cc                TIM1_TRG_COM_TIM11_IRQHandler
 .text.TIM2_IRQHandler
                0x080028e8        0xc ./Core/Src/stm32f4xx_it.o
                0x080028e8                TIM2_IRQHandler
 .text.EXTI15_10_IRQHandler
                0x080028f4       0x1e ./Core/Src/stm32f4xx_it.o
                0x080028f4                EXTI15_10_IRQHandler
 *fill*         0x08002912        0x2 
 .text.DMA2_Stream0_IRQHandler
                0x08002914        0xc ./Core/Src/stm32f4xx_it.o
                0x08002914                DMA2_Stream0_IRQHandler
 .text.DMA2_Stream1_IRQHandler
                0x08002920        0xc ./Core/Src/stm32f4xx_it.o
                0x08002920                DMA2_Stream1_IRQHandler
 .text.OTG_FS_IRQHandler
                0x0800292c        0xc ./Core/Src/stm32f4xx_it.o
                0x0800292c                OTG_FS_IRQHandler
 .text.DMA2_Stream6_IRQHandler
                0x08002938        0xc ./Core/Src/stm32f4xx_it.o
                0x08002938                DMA2_Stream6_IRQHandler
 .text.USART6_IRQHandler
                0x08002944        0xc ./Core/Src/stm32f4xx_it.o
                0x08002944                USART6_IRQHandler
 .text._getpid  0x08002950        0x4 ./Core/Src/syscalls.o
                0x08002950                _getpid
 .text._kill    0x08002954       0x10 ./Core/Src/syscalls.o
                0x08002954                _kill
 .text._exit    0x08002964        0xc ./Core/Src/syscalls.o
                0x08002964                _exit
 .text._sbrk    0x08002970       0x40 ./Core/Src/sysmem.o
                0x08002970                _sbrk
 .text.SystemInit
                0x080029b0       0x14 ./Core/Src/system_stm32f4xx.o
                0x080029b0                SystemInit
 .text.Reset_Handler
                0x080029c4       0x50 ./Core/Startup/startup_stm32f411retx.o
                0x080029c4                Reset_Handler
 .text.Default_Handler
                0x08002a14        0x2 ./Core/Startup/startup_stm32f411retx.o
                0x08002a14                RTC_Alarm_IRQHandler
                0x08002a14                EXTI2_IRQHandler
                0x08002a14                SPI4_IRQHandler
                0x08002a14                TIM1_CC_IRQHandler
                0x08002a14                DMA2_Stream5_IRQHandler
                0x08002a14                DMA1_Stream5_IRQHandler
                0x08002a14                PVD_IRQHandler
                0x08002a14                SDIO_IRQHandler
                0x08002a14                TAMP_STAMP_IRQHandler
                0x08002a14                I2C3_ER_IRQHandler
                0x08002a14                EXTI0_IRQHandler
                0x08002a14                I2C2_EV_IRQHandler
                0x08002a14                DMA1_Stream2_IRQHandler
                0x08002a14                FPU_IRQHandler
                0x08002a14                DMA2_Stream2_IRQHandler
                0x08002a14                SPI1_IRQHandler
                0x08002a14                DMA2_Stream3_IRQHandler
                0x08002a14                TIM4_IRQHandler
                0x08002a14                I2C1_EV_IRQHandler
                0x08002a14                DMA1_Stream6_IRQHandler
                0x08002a14                DMA1_Stream1_IRQHandler
                0x08002a14                TIM3_IRQHandler
                0x08002a14                RCC_IRQHandler
                0x08002a14                Default_Handler
                0x08002a14                ADC_IRQHandler
                0x08002a14                DMA1_Stream7_IRQHandler
                0x08002a14                SPI5_IRQHandler
                0x08002a14                TIM5_IRQHandler
                0x08002a14                DMA2_Stream7_IRQHandler
                0x08002a14                I2C3_EV_IRQHandler
                0x08002a14                RTC_WKUP_IRQHandler
                0x08002a14                SPI2_IRQHandler
                0x08002a14                DMA1_Stream0_IRQHandler
                0x08002a14                EXTI4_IRQHandler
                0x08002a14                WWDG_IRQHandler
                0x08002a14                OTG_FS_WKUP_IRQHandler
                0x08002a14                USART2_IRQHandler
                0x08002a14                I2C2_ER_IRQHandler
                0x08002a14                FLASH_IRQHandler
                0x08002a14                DMA2_Stream4_IRQHandler
                0x08002a14                USART1_IRQHandler
                0x08002a14                SPI3_IRQHandler
                0x08002a14                DMA1_Stream4_IRQHandler
                0x08002a14                I2C1_ER_IRQHandler
                0x08002a14                DMA1_Stream3_IRQHandler
 *fill*         0x08002a16        0x2 
 .text.HAL_InitTick
                0x08002a18       0x48 ./Drivers/STM32F4xx_HAL_Driver/Src/stm32f4xx_hal.o
                0x08002a18                HAL_InitTick
 .text.HAL_Init
                0x08002a60       0x34 ./Drivers/STM32F4xx_HAL_Driver/Src/stm32f4xx_hal.o
                0x08002a60                HAL_Init
 .text.HAL_IncTick
                0x08002a94       0x18 ./Drivers/STM32F4xx_HAL_Driver/Src/stm32f4xx_hal.o
                0x08002a94                HAL_IncTick
 .text.HAL_GetTick
                0x08002aac        0xc ./Drivers/STM32F4xx_HAL_Driver/Src/stm32f4xx_hal.o
                0x08002aac                HAL_GetTick
 .text.HAL_Delay
                0x08002ab8       0x28 ./Drivers/STM32F4xx_HAL_Driver/Src/stm32f4xx_hal.o
                0x08002ab8                HAL_Delay
 .text.HAL_ADC_Init
                0x08002ae0      0x14c ./Drivers/STM32F4xx_HAL_Driver/Src/stm32f4xx_hal_adc.o
                0x08002ae0                HAL_ADC_Init
 .text.HAL_ADC_DeInit
                0x08002c2c       0x34 ./Drivers/STM32F4xx_HAL_Driver/Src/stm32f4xx_hal_adc.o
                0x08002c2c                HAL_ADC_DeInit
 .text.HAL_ADC_Stop
                0x08002c60       0x36 ./Drivers/STM32F4xx_HAL_Driver/Src/stm32f4xx_hal_adc.o
                0x08002c60                HAL_ADC_Stop
 *fill*         0x08002c96        0x2 
 .text.HAL_ADC_Start_DMA
                0x08002c98      0x120 ./Drivers/STM32F4xx_HAL_Driver/Src/stm32f4xx_hal_adc.o
                0x08002c98                HAL_ADC_Start_DMA
 .text.HAL_ADC_Stop_DMA
                0x08002db8       0x70 ./Drivers/STM32F4xx_HAL_Driver/Src/stm32f4xx_hal_adc.o
                0x08002db8                HAL_ADC_Stop_DMA
 .text.ADC_DMAHalfConvCplt
                0x08002e28        0xa ./Drivers/STM32F4xx_HAL_Driver/Src/stm32f4xx_hal_adc.o
 .text.HAL_ADC_ErrorCallback
                0x08002e32        0x2 ./Drivers/STM32F4xx_HAL_Driver/Src/stm32f4xx_hal_adc.o
                0x08002e32                HAL_ADC_ErrorCallback
 .text.ADC_DMAError
                0x08002e34       0x16 ./Drivers/STM32F4xx_HAL_Driver/Src/stm32f4xx_hal_adc.o
 .text.ADC_DMAConvCplt
                0x08002e4a       0x6c ./Drivers/STM32F4xx_HAL_Driver/Src/stm32f4xx_hal_adc.o
 *fill*         0x08002eb6        0x2 
 .text.HAL_ADC_ConfigChannel
                0x08002eb8      0x138 ./Drivers/STM32F4xx_HAL_Driver/Src/stm32f4xx_hal_adc.o
                0x08002eb8                HAL_ADC_ConfigChannel
 .text.HAL_NVIC_SetPriorityGrouping
                0x08002ff0       0x24 ./Drivers/STM32F4xx_HAL_Driver/Src/stm32f4xx_hal_cortex.o
                0x08002ff0                HAL_NVIC_SetPriorityGrouping
 .text.HAL_NVIC_SetPriority
                0x08003014       0x64 ./Drivers/STM32F4xx_HAL_Driver/Src/stm32f4xx_hal_cortex.o
                0x08003014                HAL_NVIC_SetPriority
 .text.HAL_NVIC_EnableIRQ
                0x08003078       0x1c ./Drivers/STM32F4xx_HAL_Driver/Src/stm32f4xx_hal_cortex.o
                0x08003078                HAL_NVIC_EnableIRQ
 .text.HAL_NVIC_DisableIRQ
                0x08003094       0x24 ./Drivers/STM32F4xx_HAL_Driver/Src/stm32f4xx_hal_cortex.o
                0x08003094                HAL_NVIC_DisableIRQ
 .text.HAL_SYSTICK_Config
                0x080030b8       0x28 ./Drivers/STM32F4xx_HAL_Driver/Src/stm32f4xx_hal_cortex.o
                0x080030b8                HAL_SYSTICK_Config
 .text.DMA_CalcBaseAndBitshift
                0x080030e0       0x2c ./Drivers/STM32F4xx_HAL_Driver/Src/stm32f4xx_hal_dma.o
 .text.HAL_DMA_Init
                0x0800310c       0xfc ./Drivers/STM32F4xx_HAL_Driver/Src/stm32f4xx_hal_dma.o
                0x0800310c                HAL_DMA_Init
 .text.HAL_DMA_DeInit
                0x08003208       0x54 ./Drivers/STM32F4xx_HAL_Driver/Src/stm32f4xx_hal_dma.o
                0x08003208                HAL_DMA_DeInit
 .text.HAL_DMA_Start_IT
                0x0800325c       0x72 ./Drivers/STM32F4xx_HAL_Driver/Src/stm32f4xx_hal_dma.o
                0x0800325c                HAL_DMA_Start_IT
 .text.HAL_DMA_Abort
                0x080032ce       0x7c ./Drivers/STM32F4xx_HAL_Driver/Src/stm32f4xx_hal_dma.o
                0x080032ce                HAL_DMA_Abort
 .text.HAL_DMA_Abort_IT
                0x0800334a       0x24 ./Drivers/STM32F4xx_HAL_Driver/Src/stm32f4xx_hal_dma.o
                0x0800334a                HAL_DMA_Abort_IT
 *fill*         0x0800336e        0x2 
 .text.HAL_DMA_IRQHandler
                0x08003370      0x17c ./Drivers/STM32F4xx_HAL_Driver/Src/stm32f4xx_hal_dma.o
                0x08003370                HAL_DMA_IRQHandler
 .text.HAL_GPIO_Init
                0x080034ec      0x18c ./Drivers/STM32F4xx_HAL_Driver/Src/stm32f4xx_hal_gpio.o
                0x080034ec                HAL_GPIO_Init
 .text.HAL_GPIO_DeInit
                0x08003678       0xf8 ./Drivers/STM32F4xx_HAL_Driver/Src/stm32f4xx_hal_gpio.o
                0x08003678                HAL_GPIO_DeInit
 .text.HAL_GPIO_ReadPin
                0x08003770        0xc ./Drivers/STM32F4xx_HAL_Driver/Src/stm32f4xx_hal_gpio.o
                0x08003770                HAL_GPIO_ReadPin
 .text.HAL_GPIO_WritePin
                0x0800377c        0xa ./Drivers/STM32F4xx_HAL_Driver/Src/stm32f4xx_hal_gpio.o
                0x0800377c                HAL_GPIO_WritePin
 *fill*         0x08003786        0x2 
 .text.HAL_GPIO_EXTI_IRQHandler
                0x08003788       0x18 ./Drivers/STM32F4xx_HAL_Driver/Src/stm32f4xx_hal_gpio.o
                0x08003788                HAL_GPIO_EXTI_IRQHandler
 .text.HAL_PCD_Init
                0x080037a0      0x104 ./Drivers/STM32F4xx_HAL_Driver/Src/stm32f4xx_hal_pcd.o
                0x080037a0                HAL_PCD_Init
 .text.HAL_PCD_Start
                0x080038a4       0x3e ./Drivers/STM32F4xx_HAL_Driver/Src/stm32f4xx_hal_pcd.o
                0x080038a4                HAL_PCD_Start
 .text.HAL_PCD_SetAddress
                0x080038e2       0x28 ./Drivers/STM32F4xx_HAL_Driver/Src/stm32f4xx_hal_pcd.o
                0x080038e2                HAL_PCD_SetAddress
 .text.HAL_PCD_EP_Open
                0x0800390a       0x70 ./Drivers/STM32F4xx_HAL_Driver/Src/stm32f4xx_hal_pcd.o
                0x0800390a                HAL_PCD_EP_Open
 .text.HAL_PCD_EP_Close
                0x0800397a       0x5e ./Drivers/STM32F4xx_HAL_Driver/Src/stm32f4xx_hal_pcd.o
                0x0800397a                HAL_PCD_EP_Close
 .text.HAL_PCD_EP_Receive
                0x080039d8       0x48 ./Drivers/STM32F4xx_HAL_Driver/Src/stm32f4xx_hal_pcd.o
                0x080039d8                HAL_PCD_EP_Receive
 .text.HAL_PCD_EP_GetRxCount
                0x08003a20       0x10 ./Drivers/STM32F4xx_HAL_Driver/Src/stm32f4xx_hal_pcd.o
                0x08003a20                HAL_PCD_EP_GetRxCount
 .text.HAL_PCD_EP_Transmit
                0x08003a30       0x40 ./Drivers/STM32F4xx_HAL_Driver/Src/stm32f4xx_hal_pcd.o
                0x08003a30                HAL_PCD_EP_Transmit
 .text.HAL_PCD_EP_SetStall
                0x08003a70       0x70 ./Drivers/STM32F4xx_HAL_Driver/Src/stm32f4xx_hal_pcd.o
                0x08003a70                HAL_PCD_EP_SetStall
 .text.HAL_PCD_EP_ClrStall
                0x08003ae0       0x6c ./Drivers/STM32F4xx_HAL_Driver/Src/stm32f4xx_hal_pcd.o
                0x08003ae0                HAL_PCD_EP_ClrStall
 .text.HAL_PCD_EP_Abort
                0x08003b4c       0x20 ./Drivers/STM32F4xx_HAL_Driver/Src/stm32f4xx_hal_pcd.o
                0x08003b4c                HAL_PCD_EP_Abort
 .text.HAL_PCD_IRQHandler
                0x08003b6c      0x68c ./Drivers/STM32F4xx_HAL_Driver/Src/stm32f4xx_hal_pcd.o
                0x08003b6c                HAL_PCD_IRQHandler
 .text.HAL_PCDEx_SetTxFiFo
                0x080041f8       0x3e ./Drivers/STM32F4xx_HAL_Driver/Src/stm32f4xx_hal_pcd_ex.o
                0x080041f8                HAL_PCDEx_SetTxFiFo
 .text.HAL_PCDEx_SetRxFiFo
                0x08004236        0x8 ./Drivers/STM32F4xx_HAL_Driver/Src/stm32f4xx_hal_pcd_ex.o
                0x08004236                HAL_PCDEx_SetRxFiFo
 .text.HAL_PCDEx_LPM_Callback
                0x0800423e        0x2 ./Drivers/STM32F4xx_HAL_Driver/Src/stm32f4xx_hal_pcd_ex.o
                0x0800423e                HAL_PCDEx_LPM_Callback
 .text.HAL_RCC_OscConfig
                0x08004240      0x35c ./Drivers/STM32F4xx_HAL_Driver/Src/stm32f4xx_hal_rcc.o
                0x08004240                HAL_RCC_OscConfig
 .text.HAL_RCC_GetSysClockFreq
                0x0800459c       0x5c ./Drivers/STM32F4xx_HAL_Driver/Src/stm32f4xx_hal_rcc.o
                0x0800459c                HAL_RCC_GetSysClockFreq
 .text.HAL_RCC_ClockConfig
                0x080045f8      0x134 ./Drivers/STM32F4xx_HAL_Driver/Src/stm32f4xx_hal_rcc.o
                0x080045f8                HAL_RCC_ClockConfig
 .text.HAL_RCC_GetHCLKFreq
                0x0800472c        0xc ./Drivers/STM32F4xx_HAL_Driver/Src/stm32f4xx_hal_rcc.o
                0x0800472c                HAL_RCC_GetHCLKFreq
 .text.HAL_RCC_GetPCLK1Freq
                0x08004738       0x20 ./Drivers/STM32F4xx_HAL_Driver/Src/stm32f4xx_hal_rcc.o
                0x08004738                HAL_RCC_GetPCLK1Freq
 .text.HAL_RCC_GetPCLK2Freq
                0x08004758       0x20 ./Drivers/STM32F4xx_HAL_Driver/Src/stm32f4xx_hal_rcc.o
                0x08004758                HAL_RCC_GetPCLK2Freq
 .text.TIM_OC1_SetConfig
                0x08004778       0x50 ./Drivers/STM32F4xx_HAL_Driver/Src/stm32f4xx_hal_tim.o
 .text.TIM_OC3_SetConfig
                0x080047c8       0x54 ./Drivers/STM32F4xx_HAL_Driver/Src/stm32f4xx_hal_tim.o
 .text.TIM_OC4_SetConfig
                0x0800481c       0x44 ./Drivers/STM32F4xx_HAL_Driver/Src/stm32f4xx_hal_tim.o
 .text.HAL_TIM_Base_DeInit
                0x08004860       0x5e ./Drivers/STM32F4xx_HAL_Driver/Src/stm32f4xx_hal_tim.o
                0x08004860                HAL_TIM_Base_DeInit
 *fill*         0x080048be        0x2 
 .text.HAL_TIM_Base_Start_IT
                0x080048c0       0x64 ./Drivers/STM32F4xx_HAL_Driver/Src/stm32f4xx_hal_tim.o
                0x080048c0                HAL_TIM_Base_Start_IT
 .text.HAL_TIM_Base_Stop_IT
                0x08004924       0x30 ./Drivers/STM32F4xx_HAL_Driver/Src/stm32f4xx_hal_tim.o
                0x08004924                HAL_TIM_Base_Stop_IT
 .text.HAL_TIM_PWM_MspInit
                0x08004954        0x2 ./Drivers/STM32F4xx_HAL_Driver/Src/stm32f4xx_hal_tim.o
                0x08004954                HAL_TIM_PWM_MspInit
 .text.HAL_TIM_OC_DelayElapsedCallback
                0x08004956        0x2 ./Drivers/STM32F4xx_HAL_Driver/Src/stm32f4xx_hal_tim.o
                0x08004956                HAL_TIM_OC_DelayElapsedCallback
 .text.HAL_TIM_IC_CaptureCallback
                0x08004958        0x2 ./Drivers/STM32F4xx_HAL_Driver/Src/stm32f4xx_hal_tim.o
                0x08004958                HAL_TIM_IC_CaptureCallback
 .text.HAL_TIM_PWM_PulseFinishedCallback
                0x0800495a        0x2 ./Drivers/STM32F4xx_HAL_Driver/Src/stm32f4xx_hal_tim.o
                0x0800495a                HAL_TIM_PWM_PulseFinishedCallback
 .text.HAL_TIM_TriggerCallback
                0x0800495c        0x2 ./Drivers/STM32F4xx_HAL_Driver/Src/stm32f4xx_hal_tim.o
                0x0800495c                HAL_TIM_TriggerCallback
 .text.HAL_TIM_IRQHandler
                0x0800495e      0x144 ./Drivers/STM32F4xx_HAL_Driver/Src/stm32f4xx_hal_tim.o
                0x0800495e                HAL_TIM_IRQHandler
 *fill*         0x08004aa2        0x2 
 .text.TIM_Base_SetConfig
                0x08004aa4       0x9c ./Drivers/STM32F4xx_HAL_Driver/Src/stm32f4xx_hal_tim.o
                0x08004aa4                TIM_Base_SetConfig
 .text.HAL_TIM_Base_Init
                0x08004b40       0x58 ./Drivers/STM32F4xx_HAL_Driver/Src/stm32f4xx_hal_tim.o
                0x08004b40                HAL_TIM_Base_Init
 .text.HAL_TIM_PWM_Init
                0x08004b98       0x58 ./Drivers/STM32F4xx_HAL_Driver/Src/stm32f4xx_hal_tim.o
                0x08004b98                HAL_TIM_PWM_Init
 .text.TIM_OC2_SetConfig
                0x08004bf0       0x58 ./Drivers/STM32F4xx_HAL_Driver/Src/stm32f4xx_hal_tim.o
                0x08004bf0                TIM_OC2_SetConfig
 .text.HAL_TIM_PWM_ConfigChannel
                0x08004c48       0xb0 ./Drivers/STM32F4xx_HAL_Driver/Src/stm32f4xx_hal_tim.o
                0x08004c48                HAL_TIM_PWM_ConfigChannel
 .text.TIM_ETR_SetConfig
                0x08004cf8       0x14 ./Drivers/STM32F4xx_HAL_Driver/Src/stm32f4xx_hal_tim.o
                0x08004cf8                TIM_ETR_SetConfig
 .text.HAL_TIM_ConfigClockSource
                0x08004d0c      0x132 ./Drivers/STM32F4xx_HAL_Driver/Src/stm32f4xx_hal_tim.o
                0x08004d0c                HAL_TIM_ConfigClockSource
 .text.TIM_CCxChannelCmd
                0x08004e3e       0x1c ./Drivers/STM32F4xx_HAL_Driver/Src/stm32f4xx_hal_tim.o
                0x08004e3e                TIM_CCxChannelCmd
 *fill*         0x08004e5a        0x2 
 .text.HAL_TIM_OC_Start_IT
                0x08004e5c       0xd0 ./Drivers/STM32F4xx_HAL_Driver/Src/stm32f4xx_hal_tim.o
                0x08004e5c                HAL_TIM_OC_Start_IT
 .text.HAL_TIM_PWM_Start_IT
                0x08004f2c        0x4 ./Drivers/STM32F4xx_HAL_Driver/Src/stm32f4xx_hal_tim.o
                0x08004f2c                HAL_TIM_PWM_Start_IT
 .text.HAL_TIM_OC_Stop_IT
                0x08004f30       0xb4 ./Drivers/STM32F4xx_HAL_Driver/Src/stm32f4xx_hal_tim.o
                0x08004f30                HAL_TIM_OC_Stop_IT
 .text.HAL_TIM_PWM_Stop_IT
                0x08004fe4        0x4 ./Drivers/STM32F4xx_HAL_Driver/Src/stm32f4xx_hal_tim.o
                0x08004fe4                HAL_TIM_PWM_Stop_IT
 .text.HAL_TIMEx_MasterConfigSynchronization
                0x08004fe8       0x6c ./Drivers/STM32F4xx_HAL_Driver/Src/stm32f4xx_hal_tim_ex.o
                0x08004fe8                HAL_TIMEx_MasterConfigSynchronization
 .text.HAL_TIMEx_ConfigBreakDeadTime
                0x08005054       0x4c ./Drivers/STM32F4xx_HAL_Driver/Src/stm32f4xx_hal_tim_ex.o
                0x08005054                HAL_TIMEx_ConfigBreakDeadTime
 .text.HAL_TIMEx_CommutCallback
                0x080050a0        0x2 ./Drivers/STM32F4xx_HAL_Driver/Src/stm32f4xx_hal_tim_ex.o
                0x080050a0                HAL_TIMEx_CommutCallback
 .text.HAL_TIMEx_BreakCallback
                0x080050a2        0x2 ./Drivers/STM32F4xx_HAL_Driver/Src/stm32f4xx_hal_tim_ex.o
                0x080050a2                HAL_TIMEx_BreakCallback
 .text.UART_EndRxTransfer
                0x080050a4       0x5c ./Drivers/STM32F4xx_HAL_Driver/Src/stm32f4xx_hal_uart.o
 .text.UART_SetConfig
                0x08005100       0xbc ./Drivers/STM32F4xx_HAL_Driver/Src/stm32f4xx_hal_uart.o
 .text.HAL_UART_Init
                0x080051bc       0x5c ./Drivers/STM32F4xx_HAL_Driver/Src/stm32f4xx_hal_uart.o
                0x080051bc                HAL_UART_Init
 .text.HAL_UART_Transmit_IT
                0x08005218       0x3e ./Drivers/STM32F4xx_HAL_Driver/Src/stm32f4xx_hal_uart.o
                0x08005218                HAL_UART_Transmit_IT
 .text.HAL_UART_TxCpltCallback
                0x08005256        0x2 ./Drivers/STM32F4xx_HAL_Driver/Src/stm32f4xx_hal_uart.o
                0x08005256                HAL_UART_TxCpltCallback
 .text.UART_DMAAbortOnError
                0x08005258       0x10 ./Drivers/STM32F4xx_HAL_Driver/Src/stm32f4xx_hal_uart.o
 .text.HAL_UARTEx_RxEventCallback
                0x08005268        0x2 ./Drivers/STM32F4xx_HAL_Driver/Src/stm32f4xx_hal_uart.o
                0x08005268                HAL_UARTEx_RxEventCallback
 .text.UART_Receive_IT.isra.0
                0x0800526a       0xb4 ./Drivers/STM32F4xx_HAL_Driver/Src/stm32f4xx_hal_uart.o
 *fill*         0x0800531e        0x2 
 .text.HAL_UART_IRQHandler
                0x08005320      0x28c ./Drivers/STM32F4xx_HAL_Driver/Src/stm32f4xx_hal_uart.o
                0x08005320                HAL_UART_IRQHandler
 .text.USB_CoreReset
                0x080055ac       0x4c ./Drivers/STM32F4xx_HAL_Driver/Src/stm32f4xx_ll_usb.o
 .text.USB_CoreInit
                0x080055f8       0x80 ./Drivers/STM32F4xx_HAL_Driver/Src/stm32f4xx_ll_usb.o
                0x080055f8                USB_CoreInit
 .text.USB_SetTurnaroundTime
                0x08005678       0xe0 ./Drivers/STM32F4xx_HAL_Driver/Src/stm32f4xx_ll_usb.o
                0x08005678                USB_SetTurnaroundTime
 .text.USB_EnableGlobalInt
                0x08005758        0xc ./Drivers/STM32F4xx_HAL_Driver/Src/stm32f4xx_ll_usb.o
                0x08005758                USB_EnableGlobalInt
 .text.USB_DisableGlobalInt
                0x08005764        0xc ./Drivers/STM32F4xx_HAL_Driver/Src/stm32f4xx_ll_usb.o
                0x08005764                USB_DisableGlobalInt
 .text.USB_SetCurrentMode
                0x08005770       0x60 ./Drivers/STM32F4xx_HAL_Driver/Src/stm32f4xx_ll_usb.o
                0x08005770                USB_SetCurrentMode
 .text.USB_FlushTxFifo
                0x080057d0       0x4c ./Drivers/STM32F4xx_HAL_Driver/Src/stm32f4xx_ll_usb.o
                0x080057d0                USB_FlushTxFifo
 .text.USB_FlushRxFifo
                0x0800581c       0x48 ./Drivers/STM32F4xx_HAL_Driver/Src/stm32f4xx_ll_usb.o
                0x0800581c                USB_FlushRxFifo
 .text.USB_SetDevSpeed
                0x08005864        0xe ./Drivers/STM32F4xx_HAL_Driver/Src/stm32f4xx_ll_usb.o
                0x08005864                USB_SetDevSpeed
 *fill*         0x08005872        0x2 
 .text.USB_DevInit
                0x08005874      0x17c ./Drivers/STM32F4xx_HAL_Driver/Src/stm32f4xx_ll_usb.o
                0x08005874                USB_DevInit
 .text.USB_GetDevSpeed
                0x080059f0       0x16 ./Drivers/STM32F4xx_HAL_Driver/Src/stm32f4xx_ll_usb.o
                0x080059f0                USB_GetDevSpeed
 .text.USB_ActivateEndpoint
                0x08005a06       0x7e ./Drivers/STM32F4xx_HAL_Driver/Src/stm32f4xx_ll_usb.o
                0x08005a06                USB_ActivateEndpoint
 .text.USB_DeactivateEndpoint
                0x08005a84       0xac ./Drivers/STM32F4xx_HAL_Driver/Src/stm32f4xx_ll_usb.o
                0x08005a84                USB_DeactivateEndpoint
 .text.USB_EP0StartXfer
                0x08005b30       0xf8 ./Drivers/STM32F4xx_HAL_Driver/Src/stm32f4xx_ll_usb.o
                0x08005b30                USB_EP0StartXfer
 .text.USB_EPStopXfer
                0x08005c28       0x84 ./Drivers/STM32F4xx_HAL_Driver/Src/stm32f4xx_ll_usb.o
                0x08005c28                USB_EPStopXfer
 .text.USB_WritePacket
                0x08005cac       0x26 ./Drivers/STM32F4xx_HAL_Driver/Src/stm32f4xx_ll_usb.o
                0x08005cac                USB_WritePacket
 *fill*         0x08005cd2        0x2 
 .text.USB_EPStartXfer
                0x08005cd4      0x1d4 ./Drivers/STM32F4xx_HAL_Driver/Src/stm32f4xx_ll_usb.o
                0x08005cd4                USB_EPStartXfer
 .text.USB_ReadPacket
                0x08005ea8       0x40 ./Drivers/STM32F4xx_HAL_Driver/Src/stm32f4xx_ll_usb.o
                0x08005ea8                USB_ReadPacket
 .text.USB_EPSetStall
                0x08005ee8       0x56 ./Drivers/STM32F4xx_HAL_Driver/Src/stm32f4xx_ll_usb.o
                0x08005ee8                USB_EPSetStall
 .text.USB_EPClearStall
                0x08005f3e       0x52 ./Drivers/STM32F4xx_HAL_Driver/Src/stm32f4xx_ll_usb.o
                0x08005f3e                USB_EPClearStall
 .text.USB_SetDevAddress
                0x08005f90       0x20 ./Drivers/STM32F4xx_HAL_Driver/Src/stm32f4xx_ll_usb.o
                0x08005f90                USB_SetDevAddress
 .text.USB_DevConnect
                0x08005fb0       0x1c ./Drivers/STM32F4xx_HAL_Driver/Src/stm32f4xx_ll_usb.o
                0x08005fb0                USB_DevConnect
 .text.USB_DevDisconnect
                0x08005fcc       0x1c ./Drivers/STM32F4xx_HAL_Driver/Src/stm32f4xx_ll_usb.o
                0x08005fcc                USB_DevDisconnect
 .text.USB_ReadInterrupts
                0x08005fe8        0x8 ./Drivers/STM32F4xx_HAL_Driver/Src/stm32f4xx_ll_usb.o
                0x08005fe8                USB_ReadInterrupts
 .text.USB_ReadDevAllOutEpInterrupt
                0x08005ff0       0x10 ./Drivers/STM32F4xx_HAL_Driver/Src/stm32f4xx_ll_usb.o
                0x08005ff0                USB_ReadDevAllOutEpInterrupt
 .text.USB_ReadDevAllInEpInterrupt
                0x08006000       0x10 ./Drivers/STM32F4xx_HAL_Driver/Src/stm32f4xx_ll_usb.o
                0x08006000                USB_ReadDevAllInEpInterrupt
 .text.USB_ReadDevOutEPInterrupt
                0x08006010       0x12 ./Drivers/STM32F4xx_HAL_Driver/Src/stm32f4xx_ll_usb.o
                0x08006010                USB_ReadDevOutEPInterrupt
 .text.USB_ReadDevInEPInterrupt
                0x08006022       0x22 ./Drivers/STM32F4xx_HAL_Driver/Src/stm32f4xx_ll_usb.o
                0x08006022                USB_ReadDevInEPInterrupt
 .text.USB_GetMode
                0x08006044        0x8 ./Drivers/STM32F4xx_HAL_Driver/Src/stm32f4xx_ll_usb.o
                0x08006044                USB_GetMode
 .text.USB_ActivateSetup
                0x0800604c       0x20 ./Drivers/STM32F4xx_HAL_Driver/Src/stm32f4xx_ll_usb.o
                0x0800604c                USB_ActivateSetup
 .text.USB_EP0_OutStart
                0x0800606c       0x4c ./Drivers/STM32F4xx_HAL_Driver/Src/stm32f4xx_ll_usb.o
                0x0800606c                USB_EP0_OutStart
 .text.USBD_CDC_EP0_RxReady
                0x080060b8       0x38 ./Middlewares/ST/STM32_USB_Device_Library/Class/CDC/Src/usbd_cdc.o
 .text.USBD_CDC_GetDeviceQualifierDescriptor
                0x080060f0        0xc ./Middlewares/ST/STM32_USB_Device_Library/Class/CDC/Src/usbd_cdc.o
                0x080060f0                USBD_CDC_GetDeviceQualifierDescriptor
 .text.USBD_CDC_GetFSCfgDesc
                0x080060fc       0x48 ./Middlewares/ST/STM32_USB_Device_Library/Class/CDC/Src/usbd_cdc.o
 .text.USBD_CDC_GetOtherSpeedCfgDesc
                0x08006144        0x4 ./Middlewares/ST/STM32_USB_Device_Library/Class/CDC/Src/usbd_cdc.o
 .text.USBD_CDC_GetHSCfgDesc
                0x08006148       0x48 ./Middlewares/ST/STM32_USB_Device_Library/Class/CDC/Src/usbd_cdc.o
 .text.USBD_CDC_DataOut
                0x08006190       0x38 ./Middlewares/ST/STM32_USB_Device_Library/Class/CDC/Src/usbd_cdc.o
 .text.USBD_CDC_DataIn
                0x080061c8       0x64 ./Middlewares/ST/STM32_USB_Device_Library/Class/CDC/Src/usbd_cdc.o
 .text.USBD_CDC_Setup
                0x0800622c       0xf0 ./Middlewares/ST/STM32_USB_Device_Library/Class/CDC/Src/usbd_cdc.o
 .text.USBD_CDC_DeInit
                0x0800631c       0x5a ./Middlewares/ST/STM32_USB_Device_Library/Class/CDC/Src/usbd_cdc.o
 .text.USBD_CDC_Init
                0x08006376       0xc6 ./Middlewares/ST/STM32_USB_Device_Library/Class/CDC/Src/usbd_cdc.o
 .text.USBD_CDC_RegisterInterface
                0x0800643c       0x16 ./Middlewares/ST/STM32_USB_Device_Library/Class/CDC/Src/usbd_cdc.o
                0x0800643c                USBD_CDC_RegisterInterface
 .text.USBD_CDC_SetTxBuffer
                0x08006452       0x1c ./Middlewares/ST/STM32_USB_Device_Library/Class/CDC/Src/usbd_cdc.o
                0x08006452                USBD_CDC_SetTxBuffer
 .text.USBD_CDC_SetRxBuffer
                0x0800646e       0x18 ./Middlewares/ST/STM32_USB_Device_Library/Class/CDC/Src/usbd_cdc.o
                0x0800646e                USBD_CDC_SetRxBuffer
 .text.USBD_CDC_TransmitPacket
                0x08006486       0x36 ./Middlewares/ST/STM32_USB_Device_Library/Class/CDC/Src/usbd_cdc.o
                0x08006486                USBD_CDC_TransmitPacket
 .text.USBD_CDC_ReceivePacket
                0x080064bc       0x2c ./Middlewares/ST/STM32_USB_Device_Library/Class/CDC/Src/usbd_cdc.o
                0x080064bc                USBD_CDC_ReceivePacket
 .text.USBD_Init
                0x080064e8       0x26 ./Middlewares/ST/STM32_USB_Device_Library/Core/Src/usbd_core.o
                0x080064e8                USBD_Init
 .text.USBD_RegisterClass
                0x0800650e       0x32 ./Middlewares/ST/STM32_USB_Device_Library/Core/Src/usbd_core.o
                0x0800650e                USBD_RegisterClass
 .text.USBD_Start
                0x08006540        0x4 ./Middlewares/ST/STM32_USB_Device_Library/Core/Src/usbd_core.o
                0x08006540                USBD_Start
 .text.USBD_SetClassConfig
                0x08006544        0xe ./Middlewares/ST/STM32_USB_Device_Library/Core/Src/usbd_core.o
                0x08006544                USBD_SetClassConfig
 .text.USBD_ClrClassConfig
                0x08006552       0x12 ./Middlewares/ST/STM32_USB_Device_Library/Core/Src/usbd_core.o
                0x08006552                USBD_ClrClassConfig
 .text.USBD_LL_SetupStage
                0x08006564       0x60 ./Middlewares/ST/STM32_USB_Device_Library/Core/Src/usbd_core.o
                0x08006564                USBD_LL_SetupStage
 .text.USBD_LL_DataOutStage
                0x080065c4       0x6a ./Middlewares/ST/STM32_USB_Device_Library/Core/Src/usbd_core.o
                0x080065c4                USBD_LL_DataOutStage
 .text.USBD_LL_DataInStage
                0x0800662e       0xa6 ./Middlewares/ST/STM32_USB_Device_Library/Core/Src/usbd_core.o
                0x0800662e                USBD_LL_DataInStage
 .text.USBD_LL_Reset
                0x080066d4       0x5e ./Middlewares/ST/STM32_USB_Device_Library/Core/Src/usbd_core.o
                0x080066d4                USBD_LL_Reset
 .text.USBD_LL_SetSpeed
                0x08006732        0x6 ./Middlewares/ST/STM32_USB_Device_Library/Core/Src/usbd_core.o
                0x08006732                USBD_LL_SetSpeed
 .text.USBD_LL_Suspend
                0x08006738       0x14 ./Middlewares/ST/STM32_USB_Device_Library/Core/Src/usbd_core.o
                0x08006738                USBD_LL_Suspend
 .text.USBD_LL_Resume
                0x0800674c       0x16 ./Middlewares/ST/STM32_USB_Device_Library/Core/Src/usbd_core.o
                0x0800674c                USBD_LL_Resume
 .text.USBD_LL_SOF
                0x08006762       0x1a ./Middlewares/ST/STM32_USB_Device_Library/Core/Src/usbd_core.o
                0x08006762                USBD_LL_SOF
 .text.USBD_LL_IsoINIncomplete
                0x0800677c       0x26 ./Middlewares/ST/STM32_USB_Device_Library/Core/Src/usbd_core.o
                0x0800677c                USBD_LL_IsoINIncomplete
 .text.USBD_LL_IsoOUTIncomplete
                0x080067a2       0x26 ./Middlewares/ST/STM32_USB_Device_Library/Core/Src/usbd_core.o
                0x080067a2                USBD_LL_IsoOUTIncomplete
 .text.USBD_LL_DevConnected
                0x080067c8        0x4 ./Middlewares/ST/STM32_USB_Device_Library/Core/Src/usbd_core.o
                0x080067c8                USBD_LL_DevConnected
 .text.USBD_LL_DevDisconnected
                0x080067cc       0x20 ./Middlewares/ST/STM32_USB_Device_Library/Core/Src/usbd_core.o
                0x080067cc                USBD_LL_DevDisconnected
 .text.USBD_CoreFindIF
                0x080067ec        0x4 ./Middlewares/ST/STM32_USB_Device_Library/Core/Src/usbd_core.o
                0x080067ec                USBD_CoreFindIF
 .text.USBD_CoreFindEP
                0x080067f0        0x4 ./Middlewares/ST/STM32_USB_Device_Library/Core/Src/usbd_core.o
                0x080067f0                USBD_CoreFindEP
 .text.USBD_GetEpDesc
                0x080067f4       0x24 ./Middlewares/ST/STM32_USB_Device_Library/Core/Src/usbd_core.o
                0x080067f4                USBD_GetEpDesc
 .text.USBD_CtlError.constprop.0
                0x08006818       0x16 ./Middlewares/ST/STM32_USB_Device_Library/Core/Src/usbd_ctlreq.o
 *fill*         0x0800682e        0x2 
 .text.USBD_StdDevReq
                0x08006830      0x28c ./Middlewares/ST/STM32_USB_Device_Library/Core/Src/usbd_ctlreq.o
                0x08006830                USBD_StdDevReq
 .text.USBD_StdItfReq
                0x08006abc       0x5a ./Middlewares/ST/STM32_USB_Device_Library/Core/Src/usbd_ctlreq.o
                0x08006abc                USBD_StdItfReq
 .text.USBD_StdEPReq
                0x08006b16      0x13a ./Middlewares/ST/STM32_USB_Device_Library/Core/Src/usbd_ctlreq.o
                0x08006b16                USBD_StdEPReq
 .text.USBD_ParseSetupRequest
                0x08006c50       0x16 ./Middlewares/ST/STM32_USB_Device_Library/Core/Src/usbd_ctlreq.o
                0x08006c50                USBD_ParseSetupRequest
 .text.USBD_CtlError
                0x08006c66       0x16 ./Middlewares/ST/STM32_USB_Device_Library/Core/Src/usbd_ctlreq.o
                0x08006c66                USBD_CtlError
 .text.USBD_GetString
                0x08006c7c       0x38 ./Middlewares/ST/STM32_USB_Device_Library/Core/Src/usbd_ctlreq.o
                0x08006c7c                USBD_GetString
 .text.USBD_CtlSendData
                0x08006cb4       0x1a ./Middlewares/ST/STM32_USB_Device_Library/Core/Src/usbd_ioreq.o
                0x08006cb4                USBD_CtlSendData
 .text.USBD_CtlContinueSendData
                0x08006cce       0x10 ./Middlewares/ST/STM32_USB_Device_Library/Core/Src/usbd_ioreq.o
                0x08006cce                USBD_CtlContinueSendData
 .text.USBD_CtlPrepareRx
                0x08006cde       0x1a ./Middlewares/ST/STM32_USB_Device_Library/Core/Src/usbd_ioreq.o
                0x08006cde                USBD_CtlPrepareRx
 .text.USBD_CtlContinueRx
                0x08006cf8       0x10 ./Middlewares/ST/STM32_USB_Device_Library/Core/Src/usbd_ioreq.o
                0x08006cf8                USBD_CtlContinueRx
 .text.USBD_CtlSendStatus
                0x08006d08       0x16 ./Middlewares/ST/STM32_USB_Device_Library/Core/Src/usbd_ioreq.o
                0x08006d08                USBD_CtlSendStatus
 .text.USBD_CtlReceiveStatus
                0x08006d1e       0x16 ./Middlewares/ST/STM32_USB_Device_Library/Core/Src/usbd_ioreq.o
                0x08006d1e                USBD_CtlReceiveStatus
 .text.MX_USB_DEVICE_Init
                0x08006d34       0x50 ./USB_DEVICE/App/usb_device.o
                0x08006d34                MX_USB_DEVICE_Init
 .text.CDC_DeInit_FS
                0x08006d84        0x4 ./USB_DEVICE/App/usbd_cdc_if.o
 .text.CDC_Control_FS
                0x08006d88        0x4 ./USB_DEVICE/App/usbd_cdc_if.o
 .text.CDC_TransmitCplt_FS
                0x08006d8c        0x4 ./USB_DEVICE/App/usbd_cdc_if.o
 .text.CDC_Receive_FS
                0x08006d90       0xc0 ./USB_DEVICE/App/usbd_cdc_if.o
 .text.CDC_Init_FS
                0x08006e50       0x28 ./USB_DEVICE/App/usbd_cdc_if.o
 .text.CDC_Transmit_FS
                0x08006e78       0x2c ./USB_DEVICE/App/usbd_cdc_if.o
                0x08006e78                CDC_Transmit_FS
 .text.USBD_FS_DeviceDescriptor
                0x08006ea4        0xc ./USB_DEVICE/App/usbd_desc.o
                0x08006ea4                USBD_FS_DeviceDescriptor
 .text.USBD_FS_LangIDStrDescriptor
                0x08006eb0        0xc ./USB_DEVICE/App/usbd_desc.o
                0x08006eb0                USBD_FS_LangIDStrDescriptor
 .text.IntToUnicode
                0x08006ebc       0x2a ./USB_DEVICE/App/usbd_desc.o
 *fill*         0x08006ee6        0x2 
 .text.USBD_FS_SerialStrDescriptor
                0x08006ee8       0x3c ./USB_DEVICE/App/usbd_desc.o
                0x08006ee8                USBD_FS_SerialStrDescriptor
 .text.USBD_FS_ManufacturerStrDescriptor
                0x08006f24       0x1c ./USB_DEVICE/App/usbd_desc.o
                0x08006f24                USBD_FS_ManufacturerStrDescriptor
 .text.USBD_FS_ProductStrDescriptor
                0x08006f40       0x1c ./USB_DEVICE/App/usbd_desc.o
                0x08006f40                USBD_FS_ProductStrDescriptor
 .text.USBD_FS_ConfigStrDescriptor
                0x08006f5c       0x1c ./USB_DEVICE/App/usbd_desc.o
                0x08006f5c                USBD_FS_ConfigStrDescriptor
 .text.USBD_FS_InterfaceStrDescriptor
                0x08006f78       0x1c ./USB_DEVICE/App/usbd_desc.o
                0x08006f78                USBD_FS_InterfaceStrDescriptor
 .text.HAL_PCD_MspInit
                0x08006f94       0x84 ./USB_DEVICE/Target/usbd_conf.o
                0x08006f94                HAL_PCD_MspInit
 .text.HAL_PCD_SetupStageCallback
                0x08007018        0xc ./USB_DEVICE/Target/usbd_conf.o
                0x08007018                HAL_PCD_SetupStageCallback
 .text.HAL_PCD_DataOutStageCallback
                0x08007024       0x12 ./USB_DEVICE/Target/usbd_conf.o
                0x08007024                HAL_PCD_DataOutStageCallback
 .text.HAL_PCD_DataInStageCallback
                0x08007036       0x10 ./USB_DEVICE/Target/usbd_conf.o
                0x08007036                HAL_PCD_DataInStageCallback
 .text.HAL_PCD_SOFCallback
                0x08007046        0x8 ./USB_DEVICE/Target/usbd_conf.o
                0x08007046                HAL_PCD_SOFCallback
 .text.HAL_PCD_ResetCallback
                0x0800704e       0x24 ./USB_DEVICE/Target/usbd_conf.o
                0x0800704e                HAL_PCD_ResetCallback
 *fill*         0x08007072        0x2 
 .text.HAL_PCD_SuspendCallback
                0x08007074       0x30 ./USB_DEVICE/Target/usbd_conf.o
                0x08007074                HAL_PCD_SuspendCallback
 .text.HAL_PCD_ResumeCallback
                0x080070a4        0x8 ./USB_DEVICE/Target/usbd_conf.o
                0x080070a4                HAL_PCD_ResumeCallback
 .text.HAL_PCD_ISOOUTIncompleteCallback
                0x080070ac        0x8 ./USB_DEVICE/Target/usbd_conf.o
                0x080070ac                HAL_PCD_ISOOUTIncompleteCallback
 .text.HAL_PCD_ISOINIncompleteCallback
                0x080070b4        0x8 ./USB_DEVICE/Target/usbd_conf.o
                0x080070b4                HAL_PCD_ISOINIncompleteCallback
 .text.HAL_PCD_ConnectCallback
                0x080070bc        0x8 ./USB_DEVICE/Target/usbd_conf.o
                0x080070bc                HAL_PCD_ConnectCallback
 .text.HAL_PCD_DisconnectCallback
                0x080070c4        0x8 ./USB_DEVICE/Target/usbd_conf.o
                0x080070c4                HAL_PCD_DisconnectCallback
 .text.USBD_LL_Init
                0x080070cc       0x5c ./USB_DEVICE/Target/usbd_conf.o
                0x080070cc                USBD_LL_Init
 .text.USBD_LL_IsStallEP
                0x08007128       0x26 ./USB_DEVICE/Target/usbd_conf.o
                0x08007128                USBD_LL_IsStallEP
 .text.USBD_LL_GetRxDataSize
                0x0800714e        0x8 ./USB_DEVICE/Target/usbd_conf.o
                0x0800714e                USBD_LL_GetRxDataSize
 *fill*         0x08007156        0x2 
 .text.USBD_static_malloc
                0x08007158        0x8 ./USB_DEVICE/Target/usbd_conf.o
                0x08007158                USBD_static_malloc
 .text.USBD_static_free
                0x08007160        0x2 ./USB_DEVICE/Target/usbd_conf.o
                0x08007160                USBD_static_free
 .text.USBD_Get_USB_Status
                0x08007162        0xc ./USB_DEVICE/Target/usbd_conf.o
                0x08007162                USBD_Get_USB_Status
 .text.USBD_LL_Start
                0x0800716e       0x12 ./USB_DEVICE/Target/usbd_conf.o
                0x0800716e                USBD_LL_Start
 .text.USBD_LL_OpenEP
                0x08007180       0x18 ./USB_DEVICE/Target/usbd_conf.o
                0x08007180                USBD_LL_OpenEP
 .text.USBD_LL_CloseEP
                0x08007198       0x12 ./USB_DEVICE/Target/usbd_conf.o
                0x08007198                USBD_LL_CloseEP
 .text.USBD_LL_StallEP
                0x080071aa       0x12 ./USB_DEVICE/Target/usbd_conf.o
                0x080071aa                USBD_LL_StallEP
 .text.USBD_LL_ClearStallEP
                0x080071bc       0x12 ./USB_DEVICE/Target/usbd_conf.o
                0x080071bc                USBD_LL_ClearStallEP
 .text.USBD_LL_SetUSBAddress
                0x080071ce       0x12 ./USB_DEVICE/Target/usbd_conf.o
                0x080071ce                USBD_LL_SetUSBAddress
 .text.USBD_LL_Transmit
                0x080071e0       0x12 ./USB_DEVICE/Target/usbd_conf.o
                0x080071e0                USBD_LL_Transmit
 .text.USBD_LL_PrepareReceive
                0x080071f2       0x12 ./USB_DEVICE/Target/usbd_conf.o
                0x080071f2                USBD_LL_PrepareReceive
 .text._ZdlPvj  0x08007204        0x4 D:/Progs/STM32CubeIDE_1.17.0/STM32CubeIDE/plugins/com.st.stm32cube.ide.mcu.externaltools.gnu-tools-for-stm32.12.3.rel1.win32_1.1.0.202410251130/tools/bin/../lib/gcc/arm-none-eabi/12.3.1/../../../../arm-none-eabi/lib/thumb/v7e-m+fp/hard\libstdc++_nano.a(del_ops.o)
                0x08007204                operator delete(void*, unsigned int)
 .text._Znwj    0x08007208       0x22 D:/Progs/STM32CubeIDE_1.17.0/STM32CubeIDE/plugins/com.st.stm32cube.ide.mcu.externaltools.gnu-tools-for-stm32.12.3.rel1.win32_1.1.0.202410251130/tools/bin/../lib/gcc/arm-none-eabi/12.3.1/../../../../arm-none-eabi/lib/thumb/v7e-m+fp/hard\libstdc++_nano.a(new_op.o)
                0x08007208                operator new(unsigned int)
 .text._ZStL25local_Rb_tree_rotate_leftPSt18_Rb_tree_node_baseRS0_
                0x0800722a       0x2a D:/Progs/STM32CubeIDE_1.17.0/STM32CubeIDE/plugins/com.st.stm32cube.ide.mcu.externaltools.gnu-tools-for-stm32.12.3.rel1.win32_1.1.0.202410251130/tools/bin/../lib/gcc/arm-none-eabi/12.3.1/../../../../arm-none-eabi/lib/thumb/v7e-m+fp/hard\libstdc++_nano.a(tree.o)
 .text._ZStL26local_Rb_tree_rotate_rightPSt18_Rb_tree_node_baseRS0_
                0x08007254       0x2a D:/Progs/STM32CubeIDE_1.17.0/STM32CubeIDE/plugins/com.st.stm32cube.ide.mcu.externaltools.gnu-tools-for-stm32.12.3.rel1.win32_1.1.0.202410251130/tools/bin/../lib/gcc/arm-none-eabi/12.3.1/../../../../arm-none-eabi/lib/thumb/v7e-m+fp/hard\libstdc++_nano.a(tree.o)
 .text._ZStL23local_Rb_tree_incrementPSt18_Rb_tree_node_base
                0x0800727e       0x26 D:/Progs/STM32CubeIDE_1.17.0/STM32CubeIDE/plugins/com.st.stm32cube.ide.mcu.externaltools.gnu-tools-for-stm32.12.3.rel1.win32_1.1.0.202410251130/tools/bin/../lib/gcc/arm-none-eabi/12.3.1/../../../../arm-none-eabi/lib/thumb/v7e-m+fp/hard\libstdc++_nano.a(tree.o)
 .text._ZStL23local_Rb_tree_decrementPSt18_Rb_tree_node_base
                0x080072a4       0x30 D:/Progs/STM32CubeIDE_1.17.0/STM32CubeIDE/plugins/com.st.stm32cube.ide.mcu.externaltools.gnu-tools-for-stm32.12.3.rel1.win32_1.1.0.202410251130/tools/bin/../lib/gcc/arm-none-eabi/12.3.1/../../../../arm-none-eabi/lib/thumb/v7e-m+fp/hard\libstdc++_nano.a(tree.o)
 .text._ZSt18_Rb_tree_incrementPSt18_Rb_tree_node_base
                0x080072d4        0x4 D:/Progs/STM32CubeIDE_1.17.0/STM32CubeIDE/plugins/com.st.stm32cube.ide.mcu.externaltools.gnu-tools-for-stm32.12.3.rel1.win32_1.1.0.202410251130/tools/bin/../lib/gcc/arm-none-eabi/12.3.1/../../../../arm-none-eabi/lib/thumb/v7e-m+fp/hard\libstdc++_nano.a(tree.o)
                0x080072d4                std::_Rb_tree_increment(std::_Rb_tree_node_base*)
 .text._ZSt18_Rb_tree_decrementPSt18_Rb_tree_node_base
                0x080072d8        0x4 D:/Progs/STM32CubeIDE_1.17.0/STM32CubeIDE/plugins/com.st.stm32cube.ide.mcu.externaltools.gnu-tools-for-stm32.12.3.rel1.win32_1.1.0.202410251130/tools/bin/../lib/gcc/arm-none-eabi/12.3.1/../../../../arm-none-eabi/lib/thumb/v7e-m+fp/hard\libstdc++_nano.a(tree.o)
                0x080072d8                std::_Rb_tree_decrement(std::_Rb_tree_node_base*)
 .text._ZSt29_Rb_tree_insert_and_rebalancebPSt18_Rb_tree_node_baseS0_RS_
                0x080072dc       0xc8 D:/Progs/STM32CubeIDE_1.17.0/STM32CubeIDE/plugins/com.st.stm32cube.ide.mcu.externaltools.gnu-tools-for-stm32.12.3.rel1.win32_1.1.0.202410251130/tools/bin/../lib/gcc/arm-none-eabi/12.3.1/../../../../arm-none-eabi/lib/thumb/v7e-m+fp/hard\libstdc++_nano.a(tree.o)
                0x080072dc                std::_Rb_tree_insert_and_rebalance(bool, std::_Rb_tree_node_base*, std::_Rb_tree_node_base*, std::_Rb_tree_node_base&)
 .text.unlikely._ZSt17__throw_bad_allocv
                0x080073a4        0x6 D:/Progs/STM32CubeIDE_1.17.0/STM32CubeIDE/plugins/com.st.stm32cube.ide.mcu.externaltools.gnu-tools-for-stm32.12.3.rel1.win32_1.1.0.202410251130/tools/bin/../lib/gcc/arm-none-eabi/12.3.1/../../../../arm-none-eabi/lib/thumb/v7e-m+fp/hard\libstdc++_nano.a(functexcept.o)
                0x080073a4                std::__throw_bad_alloc()
 .text.unlikely._ZSt20__throw_length_errorPKc
                0x080073aa        0x6 D:/Progs/STM32CubeIDE_1.17.0/STM32CubeIDE/plugins/com.st.stm32cube.ide.mcu.externaltools.gnu-tools-for-stm32.12.3.rel1.win32_1.1.0.202410251130/tools/bin/../lib/gcc/arm-none-eabi/12.3.1/../../../../arm-none-eabi/lib/thumb/v7e-m+fp/hard\libstdc++_nano.a(functexcept.o)
                0x080073aa                std::__throw_length_error(char const*)
 .text._ZdlPv   0x080073b0        0x4 D:/Progs/STM32CubeIDE_1.17.0/STM32CubeIDE/plugins/com.st.stm32cube.ide.mcu.externaltools.gnu-tools-for-stm32.12.3.rel1.win32_1.1.0.202410251130/tools/bin/../lib/gcc/arm-none-eabi/12.3.1/../../../../arm-none-eabi/lib/thumb/v7e-m+fp/hard\libstdc++_nano.a(del_op.o)
                0x080073b0                operator delete(void*)
 .text._ZSt15get_new_handlerv
                0x080073b4       0x10 D:/Progs/STM32CubeIDE_1.17.0/STM32CubeIDE/plugins/com.st.stm32cube.ide.mcu.externaltools.gnu-tools-for-stm32.12.3.rel1.win32_1.1.0.202410251130/tools/bin/../lib/gcc/arm-none-eabi/12.3.1/../../../../arm-none-eabi/lib/thumb/v7e-m+fp/hard\libstdc++_nano.a(new_handler.o)
                0x080073b4                std::get_new_handler()
 .text.abort    0x080073c4        0xe D:/Progs/STM32CubeIDE_1.17.0/STM32CubeIDE/plugins/com.st.stm32cube.ide.mcu.externaltools.gnu-tools-for-stm32.12.3.rel1.win32_1.1.0.202410251130/tools/bin/../lib/gcc/arm-none-eabi/12.3.1/../../../../arm-none-eabi/lib/thumb/v7e-m+fp/hard\libc_nano.a(libc_a-abort.o)
                0x080073c4                abort
 *fill*         0x080073d2        0x2 
 .text.malloc   0x080073d4       0x10 D:/Progs/STM32CubeIDE_1.17.0/STM32CubeIDE/plugins/com.st.stm32cube.ide.mcu.externaltools.gnu-tools-for-stm32.12.3.rel1.win32_1.1.0.202410251130/tools/bin/../lib/gcc/arm-none-eabi/12.3.1/../../../../arm-none-eabi/lib/thumb/v7e-m+fp/hard\libc_nano.a(libc_a-malloc.o)
                0x080073d4                malloc
 .text.free     0x080073e4       0x10 D:/Progs/STM32CubeIDE_1.17.0/STM32CubeIDE/plugins/com.st.stm32cube.ide.mcu.externaltools.gnu-tools-for-stm32.12.3.rel1.win32_1.1.0.202410251130/tools/bin/../lib/gcc/arm-none-eabi/12.3.1/../../../../arm-none-eabi/lib/thumb/v7e-m+fp/hard\libc_nano.a(libc_a-malloc.o)
                0x080073e4                free
 .text.sbrk_aligned
                0x080073f4       0x44 D:/Progs/STM32CubeIDE_1.17.0/STM32CubeIDE/plugins/com.st.stm32cube.ide.mcu.externaltools.gnu-tools-for-stm32.12.3.rel1.win32_1.1.0.202410251130/tools/bin/../lib/gcc/arm-none-eabi/12.3.1/../../../../arm-none-eabi/lib/thumb/v7e-m+fp/hard\libc_nano.a(libc_a-mallocr.o)
 .text._malloc_r
                0x08007438      0x100 D:/Progs/STM32CubeIDE_1.17.0/STM32CubeIDE/plugins/com.st.stm32cube.ide.mcu.externaltools.gnu-tools-for-stm32.12.3.rel1.win32_1.1.0.202410251130/tools/bin/../lib/gcc/arm-none-eabi/12.3.1/../../../../arm-none-eabi/lib/thumb/v7e-m+fp/hard\libc_nano.a(libc_a-mallocr.o)
                0x08007438                _malloc_r
 .text.__malloc_lock
                0x08007538        0xc D:/Progs/STM32CubeIDE_1.17.0/STM32CubeIDE/plugins/com.st.stm32cube.ide.mcu.externaltools.gnu-tools-for-stm32.12.3.rel1.win32_1.1.0.202410251130/tools/bin/../lib/gcc/arm-none-eabi/12.3.1/../../../../arm-none-eabi/lib/thumb/v7e-m+fp/hard\libc_nano.a(libc_a-mlock.o)
                0x08007538                __malloc_lock
 .text.__malloc_unlock
                0x08007544        0xc D:/Progs/STM32CubeIDE_1.17.0/STM32CubeIDE/plugins/com.st.stm32cube.ide.mcu.externaltools.gnu-tools-for-stm32.12.3.rel1.win32_1.1.0.202410251130/tools/bin/../lib/gcc/arm-none-eabi/12.3.1/../../../../arm-none-eabi/lib/thumb/v7e-m+fp/hard\libc_nano.a(libc_a-mlock.o)
                0x08007544                __malloc_unlock
 .text.memmove  0x08007550       0x34 D:/Progs/STM32CubeIDE_1.17.0/STM32CubeIDE/plugins/com.st.stm32cube.ide.mcu.externaltools.gnu-tools-for-stm32.12.3.rel1.win32_1.1.0.202410251130/tools/bin/../lib/gcc/arm-none-eabi/12.3.1/../../../../arm-none-eabi/lib/thumb/v7e-m+fp/hard\libc_nano.a(libc_a-memmove.o)
                0x08007550                memmove
 .text.memset   0x08007584       0x10 D:/Progs/STM32CubeIDE_1.17.0/STM32CubeIDE/plugins/com.st.stm32cube.ide.mcu.externaltools.gnu-tools-for-stm32.12.3.rel1.win32_1.1.0.202410251130/tools/bin/../lib/gcc/arm-none-eabi/12.3.1/../../../../arm-none-eabi/lib/thumb/v7e-m+fp/hard\libc_nano.a(libc_a-memset.o)
                0x08007584                memset
 .text._raise_r
                0x08007594       0x50 D:/Progs/STM32CubeIDE_1.17.0/STM32CubeIDE/plugins/com.st.stm32cube.ide.mcu.externaltools.gnu-tools-for-stm32.12.3.rel1.win32_1.1.0.202410251130/tools/bin/../lib/gcc/arm-none-eabi/12.3.1/../../../../arm-none-eabi/lib/thumb/v7e-m+fp/hard\libc_nano.a(libc_a-signal.o)
                0x08007594                _raise_r
 .text.raise    0x080075e4       0x10 D:/Progs/STM32CubeIDE_1.17.0/STM32CubeIDE/plugins/com.st.stm32cube.ide.mcu.externaltools.gnu-tools-for-stm32.12.3.rel1.win32_1.1.0.202410251130/tools/bin/../lib/gcc/arm-none-eabi/12.3.1/../../../../arm-none-eabi/lib/thumb/v7e-m+fp/hard\libc_nano.a(libc_a-signal.o)
                0x080075e4                raise
 .text._kill_r  0x080075f4       0x24 D:/Progs/STM32CubeIDE_1.17.0/STM32CubeIDE/plugins/com.st.stm32cube.ide.mcu.externaltools.gnu-tools-for-stm32.12.3.rel1.win32_1.1.0.202410251130/tools/bin/../lib/gcc/arm-none-eabi/12.3.1/../../../../arm-none-eabi/lib/thumb/v7e-m+fp/hard\libc_nano.a(libc_a-signalr.o)
                0x080075f4                _kill_r
 .text._getpid_r
                0x08007618        0x4 D:/Progs/STM32CubeIDE_1.17.0/STM32CubeIDE/plugins/com.st.stm32cube.ide.mcu.externaltools.gnu-tools-for-stm32.12.3.rel1.win32_1.1.0.202410251130/tools/bin/../lib/gcc/arm-none-eabi/12.3.1/../../../../arm-none-eabi/lib/thumb/v7e-m+fp/hard\libc_nano.a(libc_a-signalr.o)
                0x08007618                _getpid_r
 .text._sbrk_r  0x0800761c       0x20 D:/Progs/STM32CubeIDE_1.17.0/STM32CubeIDE/plugins/com.st.stm32cube.ide.mcu.externaltools.gnu-tools-for-stm32.12.3.rel1.win32_1.1.0.202410251130/tools/bin/../lib/gcc/arm-none-eabi/12.3.1/../../../../arm-none-eabi/lib/thumb/v7e-m+fp/hard\libc_nano.a(libc_a-sbrkr.o)
                0x0800761c                _sbrk_r
 .text.__errno  0x0800763c        0xc D:/Progs/STM32CubeIDE_1.17.0/STM32CubeIDE/plugins/com.st.stm32cube.ide.mcu.externaltools.gnu-tools-for-stm32.12.3.rel1.win32_1.1.0.202410251130/tools/bin/../lib/gcc/arm-none-eabi/12.3.1/../../../../arm-none-eabi/lib/thumb/v7e-m+fp/hard\libc_nano.a(libc_a-errno.o)
                0x0800763c                __errno
 .text.__libc_init_array
                0x08007648       0x48 D:/Progs/STM32CubeIDE_1.17.0/STM32CubeIDE/plugins/com.st.stm32cube.ide.mcu.externaltools.gnu-tools-for-stm32.12.3.rel1.win32_1.1.0.202410251130/tools/bin/../lib/gcc/arm-none-eabi/12.3.1/../../../../arm-none-eabi/lib/thumb/v7e-m+fp/hard\libc_nano.a(libc_a-init.o)
                0x08007648                __libc_init_array
 .text.__retarget_lock_acquire_recursive
                0x08007690        0x2 D:/Progs/STM32CubeIDE_1.17.0/STM32CubeIDE/plugins/com.st.stm32cube.ide.mcu.externaltools.gnu-tools-for-stm32.12.3.rel1.win32_1.1.0.202410251130/tools/bin/../lib/gcc/arm-none-eabi/12.3.1/../../../../arm-none-eabi/lib/thumb/v7e-m+fp/hard\libc_nano.a(libc_a-lock.o)
                0x08007690                __retarget_lock_acquire_recursive
 .text.__retarget_lock_release_recursive
                0x08007692        0x2 D:/Progs/STM32CubeIDE_1.17.0/STM32CubeIDE/plugins/com.st.stm32cube.ide.mcu.externaltools.gnu-tools-for-stm32.12.3.rel1.win32_1.1.0.202410251130/tools/bin/../lib/gcc/arm-none-eabi/12.3.1/../../../../arm-none-eabi/lib/thumb/v7e-m+fp/hard\libc_nano.a(libc_a-lock.o)
                0x08007692                __retarget_lock_release_recursive
 .text.memcpy   0x08007694       0x1c D:/Progs/STM32CubeIDE_1.17.0/STM32CubeIDE/plugins/com.st.stm32cube.ide.mcu.externaltools.gnu-tools-for-stm32.12.3.rel1.win32_1.1.0.202410251130/tools/bin/../lib/gcc/arm-none-eabi/12.3.1/../../../../arm-none-eabi/lib/thumb/v7e-m+fp/hard\libc_nano.a(libc_a-memcpy-stub.o)
                0x08007694                memcpy
 .text._free_r  0x080076b0       0x94 D:/Progs/STM32CubeIDE_1.17.0/STM32CubeIDE/plugins/com.st.stm32cube.ide.mcu.externaltools.gnu-tools-for-stm32.12.3.rel1.win32_1.1.0.202410251130/tools/bin/../lib/gcc/arm-none-eabi/12.3.1/../../../../arm-none-eabi/lib/thumb/v7e-m+fp/hard\libc_nano.a(libc_a-freer.o)
                0x080076b0                _free_r
 *(.glue_7)
 .glue_7        0x08007744        0x0 linker stubs
 *(.glue_7t)
 .glue_7t       0x08007744        0x0 linker stubs
 *(.eh_frame)
 .eh_frame      0x08007744        0x0 D:/Progs/STM32CubeIDE_1.17.0/STM32CubeIDE/plugins/com.st.stm32cube.ide.mcu.externaltools.gnu-tools-for-stm32.12.3.rel1.win32_1.1.0.202410251130/tools/bin/../lib/gcc/arm-none-eabi/12.3.1/thumb/v7e-m+fp/hard/crtbegin.o
 *(.init)
 .init          0x08007744        0x4 D:/Progs/STM32CubeIDE_1.17.0/STM32CubeIDE/plugins/com.st.stm32cube.ide.mcu.externaltools.gnu-tools-for-stm32.12.3.rel1.win32_1.1.0.202410251130/tools/bin/../lib/gcc/arm-none-eabi/12.3.1/thumb/v7e-m+fp/hard/crti.o
                0x08007744                _init
 .init          0x08007748        0x8 D:/Progs/STM32CubeIDE_1.17.0/STM32CubeIDE/plugins/com.st.stm32cube.ide.mcu.externaltools.gnu-tools-for-stm32.12.3.rel1.win32_1.1.0.202410251130/tools/bin/../lib/gcc/arm-none-eabi/12.3.1/thumb/v7e-m+fp/hard/crtn.o
 *(.fini)
 .fini          0x08007750        0x4 D:/Progs/STM32CubeIDE_1.17.0/STM32CubeIDE/plugins/com.st.stm32cube.ide.mcu.externaltools.gnu-tools-for-stm32.12.3.rel1.win32_1.1.0.202410251130/tools/bin/../lib/gcc/arm-none-eabi/12.3.1/thumb/v7e-m+fp/hard/crti.o
                0x08007750                _fini
 .fini          0x08007754        0x8 D:/Progs/STM32CubeIDE_1.17.0/STM32CubeIDE/plugins/com.st.stm32cube.ide.mcu.externaltools.gnu-tools-for-stm32.12.3.rel1.win32_1.1.0.202410251130/tools/bin/../lib/gcc/arm-none-eabi/12.3.1/thumb/v7e-m+fp/hard/crtn.o
                0x0800775c                        . = ALIGN (0x4)
                0x0800775c                        _etext = .

.vfp11_veneer   0x0800775c        0x0
 .vfp11_veneer  0x0800775c        0x0 linker stubs

.v4_bx          0x0800775c        0x0
 .v4_bx         0x0800775c        0x0 linker stubs

.iplt           0x0800775c        0x0
 .iplt          0x0800775c        0x0 D:/Progs/STM32CubeIDE_1.17.0/STM32CubeIDE/plugins/com.st.stm32cube.ide.mcu.externaltools.gnu-tools-for-stm32.12.3.rel1.win32_1.1.0.202410251130/tools/bin/../lib/gcc/arm-none-eabi/12.3.1/thumb/v7e-m+fp/hard/crtbegin.o

.rodata         0x0800775c       0xd0
                0x0800775c                        . = ALIGN (0x4)
 *(.rodata)
 .rodata        0x0800775c       0x50 ./Core/ProtezLib/ProtezHandUsbProtocol.o
 *(.rodata*)
 .rodata._ZNSt6vectorI20PrHand_Motor_typedefSaIS0_EE17_M_realloc_insertIJRKS0_EEEvN9__gnu_cxx17__normal_iteratorIPS0_S2_EEDpOT_.str1.1
                0x080077ac       0x1a ./Core/ProtezLib/ProtezHandADC.o
 .rodata._ZNSt6vectorIhSaIhEE9push_backERKh.str1.1
                0x080077c6       0x1a ./Core/ProtezLib/ProtezHandUsbProtocol.o
 .rodata._ZStL19piecewise_construct
                0x080077c6        0x1 ./Core/ProtezLib/ProtezHandUsbProtocol.o
 .rodata.HAL_UART_RxCpltCallback.str1.1
                0x080077c7       0x1a ./Core/Src/main.o
 .rodata._ZStL19piecewise_construct
                0x080077c7        0x1 ./Core/Src/main.o
 .rodata.APBPrescTable
                0x080077c8        0x8 ./Core/Src/system_stm32f4xx.o
                0x080077c8                APBPrescTable
 .rodata.AHBPrescTable
                0x080077d0       0x10 ./Core/Src/system_stm32f4xx.o
                0x080077d0                AHBPrescTable
 .rodata.flagBitshiftOffset.0
                0x080077e0        0x8 ./Drivers/STM32F4xx_HAL_Driver/Src/stm32f4xx_hal_dma.o
 .rodata.USBD_FS_ManufacturerStrDescriptor.str1.1
                0x080077e8       0x13 ./USB_DEVICE/App/usbd_desc.o
 .rodata.USBD_FS_ProductStrDescriptor.str1.1
                0x080077fb       0x16 ./USB_DEVICE/App/usbd_desc.o
 .rodata.USBD_FS_ConfigStrDescriptor.str1.1
                0x08007811        0xb ./USB_DEVICE/App/usbd_desc.o
 .rodata.USBD_FS_InterfaceStrDescriptor.str1.1
                0x0800781c        0xe ./USB_DEVICE/App/usbd_desc.o
                0x0800782c                        . = ALIGN (0x4)
 *fill*         0x0800782a        0x2 

.ARM.extab      0x0800782c        0x0
                0x0800782c                        . = ALIGN (0x4)
 *(.ARM.extab* .gnu.linkonce.armextab.*)
                0x0800782c                        . = ALIGN (0x4)

.ARM            0x0800782c        0x8
                0x0800782c                        . = ALIGN (0x4)
                0x0800782c                        __exidx_start = .
 *(.ARM.exidx*)
 .ARM.exidx     0x0800782c        0x8 D:/Progs/STM32CubeIDE_1.17.0/STM32CubeIDE/plugins/com.st.stm32cube.ide.mcu.externaltools.gnu-tools-for-stm32.12.3.rel1.win32_1.1.0.202410251130/tools/bin/../lib/gcc/arm-none-eabi/12.3.1/../../../../arm-none-eabi/lib/thumb/v7e-m+fp/hard\libc_nano.a(libc_a-strlen.o)
 .ARM.exidx     0x08007834        0x0 D:/Progs/STM32CubeIDE_1.17.0/STM32CubeIDE/plugins/com.st.stm32cube.ide.mcu.externaltools.gnu-tools-for-stm32.12.3.rel1.win32_1.1.0.202410251130/tools/bin/../lib/gcc/arm-none-eabi/12.3.1/thumb/v7e-m+fp/hard\libgcc.a(_udivmoddi4.o)
                                  0x8 (size before relaxing)
                0x08007834                        __exidx_end = .
                0x08007834                        . = ALIGN (0x4)

.rel.dyn        0x08007834        0x0
 .rel.iplt      0x08007834        0x0 D:/Progs/STM32CubeIDE_1.17.0/STM32CubeIDE/plugins/com.st.stm32cube.ide.mcu.externaltools.gnu-tools-for-stm32.12.3.rel1.win32_1.1.0.202410251130/tools/bin/../lib/gcc/arm-none-eabi/12.3.1/thumb/v7e-m+fp/hard/crtbegin.o

.preinit_array  0x08007834        0x0
                0x08007834                        . = ALIGN (0x4)
                0x08007834                        PROVIDE (__preinit_array_start = .)
 *(.preinit_array*)
                0x08007834                        PROVIDE (__preinit_array_end = .)
                0x08007834                        . = ALIGN (0x4)

.init_array     0x08007834        0xc
                0x08007834                        . = ALIGN (0x4)
                0x08007834                        PROVIDE (__init_array_start = .)
 *(SORT_BY_NAME(.init_array.*))
 *(.init_array*)
 .init_array    0x08007834        0x4 D:/Progs/STM32CubeIDE_1.17.0/STM32CubeIDE/plugins/com.st.stm32cube.ide.mcu.externaltools.gnu-tools-for-stm32.12.3.rel1.win32_1.1.0.202410251130/tools/bin/../lib/gcc/arm-none-eabi/12.3.1/thumb/v7e-m+fp/hard/crtbegin.o
 .init_array    0x08007838        0x4 ./Core/ProtezLib/ProtezHandUsbProtocol.o
 .init_array    0x0800783c        0x4 ./Core/Src/main.o
                0x08007840                        PROVIDE (__init_array_end = .)
                0x08007840                        . = ALIGN (0x4)

.fini_array     0x08007840        0xc
                0x08007840                        . = ALIGN (0x4)
                [!provide]                        PROVIDE (__fini_array_start = .)
 *(SORT_BY_NAME(.fini_array.*))
 *(.fini_array*)
 .fini_array    0x08007840        0x4 D:/Progs/STM32CubeIDE_1.17.0/STM32CubeIDE/plugins/com.st.stm32cube.ide.mcu.externaltools.gnu-tools-for-stm32.12.3.rel1.win32_1.1.0.202410251130/tools/bin/../lib/gcc/arm-none-eabi/12.3.1/thumb/v7e-m+fp/hard/crtbegin.o
 .fini_array    0x08007844        0x4 ./Core/ProtezLib/ProtezHandUsbProtocol.o
 .fini_array    0x08007848        0x4 ./Core/Src/main.o
                [!provide]                        PROVIDE (__fini_array_end = .)
                0x0800784c                        . = ALIGN (0x4)
                0x0800784c                        _sidata = LOADADDR (.data)

.data           0x20000000      0x154 load address 0x0800784c
                0x20000000                        . = ALIGN (0x4)
                0x20000000                        _sdata = .
 *(.data)
 *(.data*)
 .data.PR_PROTOCOL_PACK_DATA_STOP
                0x20000000        0x2 ./Core/ProtezLib/ProtezHandUsbProtocol.o
                0x20000000                PR_PROTOCOL_PACK_DATA_STOP
 .data.PR_PROTOCOL_PACK_DATA_START
                0x20000002        0x2 ./Core/ProtezLib/ProtezHandUsbProtocol.o
                0x20000002                PR_PROTOCOL_PACK_DATA_START
 .data.PR_PROTOCOL_STOP_PACK
                0x20000004        0x2 ./Core/ProtezLib/protocol.o
                0x20000004                PR_PROTOCOL_STOP_PACK
 .data.PR_PROTOCOL_START_PACK
                0x20000006        0x2 ./Core/ProtezLib/protocol.o
                0x20000006                PR_PROTOCOL_START_PACK
 .data.PR_PROTOCOL_STOP
                0x20000008        0x2 ./Core/ProtezLib/protocol.o
                0x20000008                PR_PROTOCOL_STOP
 .data.PR_PROTOCOL_START
                0x2000000a        0x2 ./Core/ProtezLib/protocol.o
                0x2000000a                PR_PROTOCOL_START
 .data.SystemCoreClock
                0x2000000c        0x4 ./Core/Src/system_stm32f4xx.o
                0x2000000c                SystemCoreClock
 .data.uwTickFreq
                0x20000010        0x1 ./Drivers/STM32F4xx_HAL_Driver/Src/stm32f4xx_hal.o
                0x20000010                uwTickFreq
 *fill*         0x20000011        0x3 
 .data.uwTickPrio
                0x20000014        0x4 ./Drivers/STM32F4xx_HAL_Driver/Src/stm32f4xx_hal.o
                0x20000014                uwTickPrio
 .data.USBD_CDC_CfgDesc
                0x20000018       0x43 ./Middlewares/ST/STM32_USB_Device_Library/Class/CDC/Src/usbd_cdc.o
 *fill*         0x2000005b        0x1 
 .data.USBD_CDC
                0x2000005c       0x38 ./Middlewares/ST/STM32_USB_Device_Library/Class/CDC/Src/usbd_cdc.o
                0x2000005c                USBD_CDC
 .data.USBD_CDC_DeviceQualifierDesc
                0x20000094        0xa ./Middlewares/ST/STM32_USB_Device_Library/Class/CDC/Src/usbd_cdc.o
 *fill*         0x2000009e        0x2 
 .data.USBD_Interface_fops_FS
                0x200000a0       0x14 ./USB_DEVICE/App/usbd_cdc_if.o
                0x200000a0                USBD_Interface_fops_FS
 .data.USBD_StringSerial
                0x200000b4       0x1a ./USB_DEVICE/App/usbd_desc.o
                0x200000b4                USBD_StringSerial
 *fill*         0x200000ce        0x2 
 .data.USBD_LangIDDesc
                0x200000d0        0x4 ./USB_DEVICE/App/usbd_desc.o
                0x200000d0                USBD_LangIDDesc
 .data.USBD_FS_DeviceDesc
                0x200000d4       0x12 ./USB_DEVICE/App/usbd_desc.o
                0x200000d4                USBD_FS_DeviceDesc
 *fill*         0x200000e6        0x2 
 .data.FS_Desc  0x200000e8       0x1c ./USB_DEVICE/App/usbd_desc.o
                0x200000e8                FS_Desc
 .data._impure_ptr
                0x20000104        0x4 D:/Progs/STM32CubeIDE_1.17.0/STM32CubeIDE/plugins/com.st.stm32cube.ide.mcu.externaltools.gnu-tools-for-stm32.12.3.rel1.win32_1.1.0.202410251130/tools/bin/../lib/gcc/arm-none-eabi/12.3.1/../../../../arm-none-eabi/lib/thumb/v7e-m+fp/hard\libc_nano.a(libc_a-impure.o)
                0x20000104                _impure_ptr
 .data._impure_data
                0x20000108       0x4c D:/Progs/STM32CubeIDE_1.17.0/STM32CubeIDE/plugins/com.st.stm32cube.ide.mcu.externaltools.gnu-tools-for-stm32.12.3.rel1.win32_1.1.0.202410251130/tools/bin/../lib/gcc/arm-none-eabi/12.3.1/../../../../arm-none-eabi/lib/thumb/v7e-m+fp/hard\libc_nano.a(libc_a-impure.o)